/home/wusanggg/Downloads/ENTER/envs/lerobot-xpu/lib/python3.12/site-packages/gymnasium/spaces/box.py:231: UserWarning: [33mWARN: Box low's precision lowered by casting to float32, current low.dtype=float64[0m
  gym.logger.warn(
/home/wusanggg/Downloads/ENTER/envs/lerobot-xpu/lib/python3.12/site-packages/gymnasium/spaces/box.py:297: UserWarning: [33mWARN: Box high's precision lowered by casting to float32, current high.dtype=float64[0m
  gym.logger.warn(
============================================================
Loading ACT policy
============================================================
Checkpoint: outputs/act_panda_day10_y_intermediate_w4_xpu_v1/checkpoints/002000/pretrained_model
Loading weights from local directory
Evaluation-only n_action_steps override: 5
Inference device: xpu
Policy: ACTPolicy
Device: xpu
Chunk size: 50
n_action_steps: 5
Gripper mode: close-at-step
Close step: 30
Close duration: 10
Keyboard controls:
  Arrow keys: Move in X-Y plane
  Shift and Shift_R: Move in Z axis
  O: Open gripper
  C: Close gripper
  Enter: End episode with SUCCESS
  Backspace: End episode with FAILURE
  Space: Start/Stop Intervention
  ESC: Exit
Position schedule: configs/day10_y_intermediate_seen_eval_positions.json

Environment observation space:
Dict('agent_pos': Box(-inf, inf, (18,), float32), 'pixels': Dict('front': Box(0, 255, (128, 128, 3), uint8), 'wrist': Box(0, 255, (128, 128, 3), uint8)))

Environment action space:
Box([-1. -1. -1.  0.], [1. 1. 1. 2.], (4,), float32)

============================================================
Episode 1/4
============================================================
Scheduled cube position: {'episode_index': 0, 'x': 0.48, 'y': -0.1, 'z': 0.02}
step=  1 | action=[[ 0.    -0.239 -0.004  0.967]] | reward=0.0 | terminated=False | truncated=False
  geometry: cube=[ 0.48   -0.1     0.0199], tcp=[ 0.4902 -0.0025  0.0776], gripper_pos=0.0
step= 10 | action=[[ 0.    -0.274 -0.006  0.987]] | reward=0.0 | terminated=False | truncated=False
  geometry: cube=[ 0.48   -0.1     0.0199], tcp=[ 0.4902 -0.0589  0.0766], gripper_pos=0.0
step= 20 | action=[[ 0.    -0.008 -0.042  0.984]] | reward=0.0 | terminated=False | truncated=False
  geometry: cube=[ 0.48   -0.1     0.0199], tcp=[ 0.4902 -0.0988  0.0728], gripper_pos=0.0
diagnostic gripper close at step=30 (fixed-step mode)
step= 30 | action=[[ 0.    -0.005 -0.5    2.   ]] | reward=0.0 | terminated=False | truncated=False
  geometry: cube=[ 0.4805 -0.0998  0.02  ], tcp=[ 0.492  -0.1     0.0049], gripper_pos=255.0
step= 40 | action=[[ 0.    -0.    -0.005  2.01 ]] | reward=0.0 | terminated=False | truncated=False
  geometry: cube=[ 0.4877 -0.1003  0.0182], tcp=[ 0.4977 -0.1004  0.0163], gripper_pos=255.0
step= 50 | action=[[ 0.    -0.003 -0.023  0.993]] | reward=0.0 | terminated=False | truncated=False
  geometry: cube=[ 0.5025 -0.105   0.0193], tcp=[ 0.5127 -0.1054  0.0176], gripper_pos=252.0
step= 60 | action=[[0.    0.002 0.544 0.987]] | reward=0.0 | terminated=False | truncated=False
  geometry: cube=[ 0.4817 -0.1006  0.0949], tcp=[ 0.4917 -0.1006  0.0927], gripper_pos=224.1
step= 62 | action=[[ 0.    -0.001  0.545  0.987]] | reward=1.0 | terminated=True | truncated=False
  geometry: cube=[ 0.4818 -0.1006  0.1222], tcp=[ 0.4917 -0.1006  0.1199], gripper_pos=218.2

Episode finished: success=True, steps=62, reward=1.0, time=6.76s, max_gripper=2.010, z_range=[-0.539, 0.556]

============================================================
Episode 2/4
============================================================
Scheduled cube position: {'episode_index': 1, 'x': 0.48, 'y': -0.05, 'z': 0.02}
step=  1 | action=[[ 0.    -0.245 -0.016  0.97 ]] | reward=0.0 | terminated=False | truncated=False
  geometry: cube=[ 0.48   -0.05    0.0199], tcp=[ 0.4902 -0.0025  0.0775], gripper_pos=0.0
step= 10 | action=[[ 0.    -0.053 -0.029  0.98 ]] | reward=0.0 | terminated=False | truncated=False
  geometry: cube=[ 0.48   -0.05    0.0199], tcp=[ 0.4902 -0.0442  0.0744], gripper_pos=0.0
step= 20 | action=[[ 0.     0.005 -0.147  0.986]] | reward=0.0 | terminated=False | truncated=False
  geometry: cube=[ 0.48   -0.05    0.0199], tcp=[ 0.4897 -0.0455  0.0543], gripper_pos=0.0
diagnostic gripper close at step=30 (fixed-step mode)
step= 30 | action=[[ 0.00e+00 -1.00e-03 -1.52e-01  2.00e+00]] | reward=0.0 | terminated=False | truncated=False
  geometry: cube=[ 0.4823 -0.0463  0.02  ], tcp=[ 0.4981 -0.0451  0.0115], gripper_pos=255.0
step= 40 | action=[[ 0.    -0.004 -0.02   1.06 ]] | reward=0.0 | terminated=False | truncated=False
  geometry: cube=[ 0.4849 -0.0451  0.0194], tcp=[ 0.5001 -0.0448  0.0165], gripper_pos=255.0
step= 50 | action=[[ 0.    -0.004 -0.008  1.072]] | reward=0.0 | terminated=False | truncated=False
  geometry: cube=[ 0.4849 -0.0451  0.0194], tcp=[ 0.5001 -0.0449  0.0165], gripper_pos=255.0
step= 60 | action=[[ 0.    -0.004 -0.026  1.069]] | reward=0.0 | terminated=False | truncated=False
  geometry: cube=[ 0.4849 -0.0452  0.0193], tcp=[ 0.5001 -0.045   0.0164], gripper_pos=255.0
step= 70 | action=[[ 0.    -0.004 -0.019  1.078]] | reward=0.0 | terminated=False | truncated=False
  geometry: cube=[ 0.4849 -0.0453  0.0193], tcp=[ 0.5001 -0.045   0.0164], gripper_pos=255.0
step= 80 | action=[[ 0.    -0.003 -0.016  1.103]] | reward=0.0 | terminated=False | truncated=False
  geometry: cube=[ 0.4849 -0.0454  0.0193], tcp=[ 0.5001 -0.0451  0.0164], gripper_pos=255.0
step= 90 | action=[[ 0.    -0.003 -0.021  1.102]] | reward=0.0 | terminated=False | truncated=False
  geometry: cube=[ 0.4849 -0.0455  0.0193], tcp=[ 0.5001 -0.0453  0.0164], gripper_pos=255.0
step=100 | action=[[ 0.    -0.003 -0.015  1.085]] | reward=0.0 | terminated=False | truncated=False
  geometry: cube=[ 0.4848 -0.0456  0.0193], tcp=[ 0.5001 -0.0454  0.0164], gripper_pos=255.0
step=110 | action=[[ 0.    -0.005 -0.014  1.092]] | reward=0.0 | terminated=False | truncated=False
  geometry: cube=[ 0.4848 -0.0464  0.0193], tcp=[ 0.5001 -0.0462  0.0164], gripper_pos=255.0
step=120 | action=[[ 0.    -0.005 -0.034  1.152]] | reward=0.0 | terminated=False | truncated=False
  geometry: cube=[ 0.4847 -0.0473  0.0194], tcp=[ 0.5    -0.0472  0.0164], gripper_pos=255.0
step=130 | action=[[ 0.    -0.004 -0.037  1.184]] | reward=0.0 | terminated=False | truncated=False
  geometry: cube=[ 0.4847 -0.0479  0.0194], tcp=[ 0.4999 -0.0477  0.0164], gripper_pos=255.0
step=140 | action=[[ 0.    -0.005 -0.042  1.196]] | reward=0.0 | terminated=False | truncated=False
  geometry: cube=[ 0.4847 -0.0486  0.0195], tcp=[ 0.4999 -0.0485  0.0164], gripper_pos=255.0
step=150 | action=[[ 0.    -0.004 -0.047  1.284]] | reward=0.0 | terminated=False | truncated=True
  geometry: cube=[ 0.4847 -0.0497  0.0196], tcp=[ 0.4999 -0.0496  0.0164], gripper_pos=255.0

Episode finished: success=False, steps=150, reward=0.0, time=14.94s, max_gripper=2.000, z_range=[-0.446, -0.005]

============================================================
Episode 3/4
============================================================
Scheduled cube position: {'episode_index': 2, 'x': 0.48, 'y': 0.05, 'z': 0.02}
step=  1 | action=[[ 0.     0.256 -0.018  0.972]] | reward=0.0 | terminated=False | truncated=False
  geometry: cube=[0.48   0.05   0.0199], tcp=[0.4902 0.0026 0.0775], gripper_pos=0.0
step= 10 | action=[[ 0.     0.023 -0.026  0.977]] | reward=0.0 | terminated=False | truncated=False
  geometry: cube=[0.48   0.05   0.0199], tcp=[0.4902 0.0439 0.0737], gripper_pos=0.0
step= 20 | action=[[ 0.     0.    -0.16   0.983]] | reward=0.0 | terminated=False | truncated=False
  geometry: cube=[0.48   0.05   0.0199], tcp=[0.4896 0.0459 0.0538], gripper_pos=0.0
diagnostic gripper close at step=30 (fixed-step mode)
step= 30 | action=[[ 0.     0.003 -0.065  2.   ]] | reward=0.0 | terminated=False | truncated=False
  geometry: cube=[0.4842 0.0464 0.0196], tcp=[0.4977 0.0458 0.0127], gripper_pos=255.0
step= 40 | action=[[ 0.    -0.006 -0.056  1.402]] | reward=0.0 | terminated=False | truncated=False
  geometry: cube=[0.4846 0.0465 0.0188], tcp=[0.4972 0.0466 0.0164], gripper_pos=255.0
step= 50 | action=[[ 0.    -0.008 -0.044  1.393]] | reward=0.0 | terminated=False | truncated=False
  geometry: cube=[0.4846 0.0465 0.0188], tcp=[0.4972 0.0465 0.0164], gripper_pos=255.0
step= 60 | action=[[ 0.    -0.007 -0.05   1.404]] | reward=0.0 | terminated=False | truncated=False
  geometry: cube=[0.4846 0.0464 0.0189], tcp=[0.4972 0.0464 0.0165], gripper_pos=255.0
step= 70 | action=[[ 0.    -0.007 -0.052  1.37 ]] | reward=0.0 | terminated=False | truncated=False
  geometry: cube=[0.4846 0.0462 0.019 ], tcp=[0.4972 0.0463 0.0165], gripper_pos=255.0
step= 80 | action=[[ 0.    -0.009 -0.055  1.363]] | reward=0.0 | terminated=False | truncated=False
  geometry: cube=[0.4846 0.046  0.019 ], tcp=[0.4973 0.0461 0.0166], gripper_pos=255.0
step= 90 | action=[[ 0.    -0.009 -0.043  1.302]] | reward=0.0 | terminated=False | truncated=False
  geometry: cube=[0.4847 0.0457 0.0191], tcp=[0.4974 0.0457 0.0167], gripper_pos=255.0
step=100 | action=[[ 0.    -0.009 -0.06   1.347]] | reward=0.0 | terminated=False | truncated=False
  geometry: cube=[0.4847 0.045  0.0192], tcp=[0.4974 0.0449 0.0167], gripper_pos=255.0
step=110 | action=[[ 0.    -0.009 -0.066  1.357]] | reward=0.0 | terminated=False | truncated=False
  geometry: cube=[0.4847 0.0438 0.0192], tcp=[0.4974 0.0437 0.0168], gripper_pos=255.0
step=120 | action=[[ 0.    -0.009 -0.063  1.411]] | reward=0.0 | terminated=False | truncated=False
  geometry: cube=[0.4847 0.0422 0.0193], tcp=[0.4974 0.0421 0.0168], gripper_pos=255.0
step=130 | action=[[ 0.    -0.007 -0.061  1.368]] | reward=0.0 | terminated=False | truncated=False
  geometry: cube=[0.4847 0.0405 0.0193], tcp=[0.4974 0.0405 0.0168], gripper_pos=255.0
step=140 | action=[[ 0.    -0.007 -0.05   1.245]] | reward=0.0 | terminated=False | truncated=False
  geometry: cube=[0.4847 0.039  0.0193], tcp=[0.4974 0.039  0.0168], gripper_pos=255.0
step=150 | action=[[ 0.    -0.007 -0.041  1.224]] | reward=0.0 | terminated=False | truncated=True
  geometry: cube=[0.4847 0.0375 0.0193], tcp=[0.4974 0.0375 0.0168], gripper_pos=255.0

Episode finished: success=False, steps=150, reward=0.0, time=14.94s, max_gripper=2.000, z_range=[-0.567, -0.009]

============================================================
Episode 4/4
============================================================
Scheduled cube position: {'episode_index': 3, 'x': 0.48, 'y': 0.1, 'z': 0.02}
step=  1 | action=[[ 0.     0.239 -0.016  0.972]] | reward=0.0 | terminated=False | truncated=False
  geometry: cube=[0.48   0.1    0.0199], tcp=[0.4902 0.0025 0.0775], gripper_pos=0.0
step= 10 | action=[[ 0.     0.284 -0.034  0.982]] | reward=0.0 | terminated=False | truncated=False
  geometry: cube=[0.48   0.1    0.0199], tcp=[0.4901 0.0619 0.0712], gripper_pos=0.0
step= 20 | action=[[ 0.     0.016 -0.111  1.007]] | reward=0.0 | terminated=False | truncated=False
  geometry: cube=[0.48   0.1    0.0199], tcp=[0.4898 0.0973 0.0538], gripper_pos=1.7
diagnostic gripper close at step=30 (fixed-step mode)
step= 30 | action=[[ 0.     0.008 -0.067  2.   ]] | reward=0.0 | terminated=False | truncated=False
  geometry: cube=[0.4819 0.0993 0.0197], tcp=[0.4951 0.0989 0.0115], gripper_pos=255.0
step= 40 | action=[[ 0.    -0.003 -0.033  1.793]] | reward=0.0 | terminated=False | truncated=False
  geometry: cube=[0.4835 0.0997 0.0185], tcp=[0.4959 0.0996 0.0162], gripper_pos=255.0
step= 50 | action=[[ 0.    -0.003 -0.039  1.772]] | reward=0.0 | terminated=False | truncated=False
  geometry: cube=[0.4835 0.0997 0.0185], tcp=[0.4959 0.0996 0.0162], gripper_pos=255.0
step= 60 | action=[[ 0.    -0.002 -0.038  1.789]] | reward=0.0 | terminated=False | truncated=False
  geometry: cube=[0.4835 0.0997 0.0185], tcp=[0.4959 0.0996 0.0163], gripper_pos=255.0
step= 70 | action=[[ 0.000e+00 -1.000e-03 -4.400e-02  1.779e+00]] | reward=0.0 | terminated=False | truncated=False
  geometry: cube=[0.4835 0.0997 0.0185], tcp=[0.496  0.0996 0.0163], gripper_pos=255.0
step= 80 | action=[[ 0.000e+00 -1.000e-03 -4.200e-02  1.774e+00]] | reward=0.0 | terminated=False | truncated=False
  geometry: cube=[0.4835 0.0997 0.0185], tcp=[0.496  0.0996 0.0163], gripper_pos=255.0
step= 90 | action=[[ 0.000e+00 -1.000e-03 -4.100e-02  1.768e+00]] | reward=0.0 | terminated=False | truncated=False
  geometry: cube=[0.4835 0.0997 0.0185], tcp=[0.496  0.0996 0.0163], gripper_pos=255.0
step=100 | action=[[ 0.    -0.002 -0.036  1.782]] | reward=0.0 | terminated=False | truncated=False
  geometry: cube=[0.4835 0.0998 0.0185], tcp=[0.496  0.0996 0.0163], gripper_pos=255.0
step=110 | action=[[ 0.    -0.002 -0.042  1.766]] | reward=0.0 | terminated=False | truncated=False
  geometry: cube=[0.4835 0.0998 0.0185], tcp=[0.496  0.0997 0.0163], gripper_pos=255.0
step=120 | action=[[ 0.    -0.003 -0.042  1.713]] | reward=0.0 | terminated=False | truncated=False
  geometry: cube=[0.4835 0.0998 0.0186], tcp=[0.496  0.0996 0.0163], gripper_pos=255.0
step=130 | action=[[ 0.    -0.003 -0.048  1.657]] | reward=0.0 | terminated=False | truncated=False
  geometry: cube=[0.4835 0.0997 0.0186], tcp=[0.496  0.0996 0.0163], gripper_pos=255.0
step=140 | action=[[ 0.    -0.003 -0.044  1.663]] | reward=0.0 | terminated=False | truncated=False
  geometry: cube=[0.4835 0.0996 0.0186], tcp=[0.496  0.0995 0.0163], gripper_pos=255.0
step=150 | action=[[ 0.    -0.003 -0.039  1.708]] | reward=0.0 | terminated=False | truncated=True
  geometry: cube=[0.4835 0.0994 0.0186], tcp=[0.496  0.0993 0.0163], gripper_pos=255.0

Episode finished: success=False, steps=150, reward=0.0, time=14.94s, max_gripper=2.000, z_range=[-0.538, -0.012]

============================================================
Evaluation summary
============================================================
Successes: 1/4
Success rate: 25.0%
