{
  "builder_version": 1,
  "repo_id": "wusanggg/panda_pick_cube_day17_xy_preserved_endpoints_v1",
  "output_root": "/home/wusanggg/robotics/data/panda_pick_cube_day17_xy_preserved_endpoints_v1",
  "episodes": 60,
  "frames": 5635,
  "position_counts": [
    {
      "x": 0.32,
      "y": -0.075,
      "episodes": 10
    },
    {
      "x": 0.32,
      "y": 0.075,
      "episodes": 10
    },
    {
      "x": 0.36,
      "y": -0.075,
      "episodes": 5
    },
    {
      "x": 0.36,
      "y": 0.075,
      "episodes": 5
    },
    {
      "x": 0.44,
      "y": -0.075,
      "episodes": 5
    },
    {
      "x": 0.44,
      "y": 0.075,
      "episodes": 5
    },
    {
      "x": 0.48,
      "y": -0.075,
      "episodes": 10
    },
    {
      "x": 0.48,
      "y": 0.075,
      "episodes": 10
    }
  ],
  "sources": [
    {
      "label": "day14",
      "root": "/home/wusanggg/robotics/data/panda_pick_cube_day14_xy_staged_v1",
      "selected_episode_indices": [
        0,
        1,
        2,
        3,
        4,
        5,
        6,
        7,
        8,
        9,
        10,
        11,
        12,
        13,
        14,
        15,
        16,
        17,
        18,
        19,
        20,
        21,
        22,
        23,
        24,
        25,
        26,
        27,
        28,
        29,
        30,
        31,
        32,
        33,
        34,
        35,
        36,
        37,
        38,
        39
      ]
    },
    {
      "label": "day16",
      "root": "/home/wusanggg/robotics/data/panda_pick_cube_day16_xy_intermediate_v1",
      "selected_episode_indices": [
        2,
        4,
        5,
        6,
        8,
        9,
        12,
        13,
        16,
        19,
        20,
        22,
        27,
        28,
        29,
        31,
        32,
        33,
        37,
        38
      ]
    }
  ],
  "episode_provenance": [
    {
      "episode_index": 0,
      "source": "day14",
      "source_episode_index": 0,
      "frames": 107,
      "x": 0.32,
      "y": -0.075,
      "z": 0.02
    },
    {
      "episode_index": 1,
      "source": "day14",
      "source_episode_index": 1,
      "frames": 104,
      "x": 0.32,
      "y": 0.075,
      "z": 0.02
    },
    {
      "episode_index": 2,
      "source": "day14",
      "source_episode_index": 2,
      "frames": 93,
      "x": 0.48,
      "y": -0.075,
      "z": 0.02
    },
    {
      "episode_index": 3,
      "source": "day14",
      "source_episode_index": 3,
      "frames": 94,
      "x": 0.48,
      "y": 0.075,
      "z": 0.02
    },
    {
      "episode_index": 4,
      "source": "day14",
      "source_episode_index": 4,
      "frames": 99,
      "x": 0.32,
      "y": -0.075,
      "z": 0.02
    },
    {
      "episode_index": 5,
      "source": "day14",
      "source_episode_index": 5,
      "frames": 98,
      "x": 0.32,
      "y": 0.075,
      "z": 0.02
    },
    {
      "episode_index": 6,
      "source": "day14",
      "source_episode_index": 6,
      "frames": 89,
      "x": 0.48,
      "y": -0.075,
      "z": 0.02
    },
    {
      "episode_index": 7,
      "source": "day14",
      "source_episode_index": 7,
      "frames": 95,
      "x": 0.48,
      "y": 0.075,
      "z": 0.02
    },
    {
      "episode_index": 8,
      "source": "day14",
      "source_episode_index": 8,
      "frames": 103,
      "x": 0.32,
      "y": -0.075,
      "z": 0.02
    },
    {
      "episode_index": 9,
      "source": "day14",
      "source_episode_index": 9,
      "frames": 89,
      "x": 0.32,
      "y": 0.075,
      "z": 0.02
    },
    {
      "episode_index": 10,
      "source": "day14",
      "source_episode_index": 10,
      "frames": 93,
      "x": 0.48,
      "y": -0.075,
      "z": 0.02
    },
    {
      "episode_index": 11,
      "source": "day14",
      "source_episode_index": 11,
      "frames": 93,
      "x": 0.48,
      "y": 0.075,
      "z": 0.02
    },
    {
      "episode_index": 12,
      "source": "day14",
      "source_episode_index": 12,
      "frames": 94,
      "x": 0.32,
      "y": -0.075,
      "z": 0.02
    },
    {
      "episode_index": 13,
      "source": "day14",
      "source_episode_index": 13,
      "frames": 91,
      "x": 0.32,
      "y": 0.075,
      "z": 0.02
    },
    {
      "episode_index": 14,
      "source": "day14",
      "source_episode_index": 14,
      "frames": 92,
      "x": 0.48,
      "y": -0.075,
      "z": 0.02
    },
    {
      "episode_index": 15,
      "source": "day14",
      "source_episode_index": 15,
      "frames": 91,
      "x": 0.48,
      "y": 0.075,
      "z": 0.02
    },
    {
      "episode_index": 16,
      "source": "day14",
      "source_episode_index": 16,
      "frames": 94,
      "x": 0.32,
      "y": -0.075,
      "z": 0.02
    },
    {
      "episode_index": 17,
      "source": "day14",
      "source_episode_index": 17,
      "frames": 95,
      "x": 0.32,
      "y": 0.075,
      "z": 0.02
    },
    {
      "episode_index": 18,
      "source": "day14",
      "source_episode_index": 18,
      "frames": 95,
      "x": 0.48,
      "y": -0.075,
      "z": 0.02
    },
    {
      "episode_index": 19,
      "source": "day14",
      "source_episode_index": 19,
      "frames": 92,
      "x": 0.48,
      "y": 0.075,
      "z": 0.02
    },
    {
      "episode_index": 20,
      "source": "day14",
      "source_episode_index": 20,
      "frames": 100,
      "x": 0.32,
      "y": -0.075,
      "z": 0.02
    },
    {
      "episode_index": 21,
      "source": "day14",
      "source_episode_index": 21,
      "frames": 93,
      "x": 0.32,
      "y": 0.075,
      "z": 0.02
    },
    {
      "episode_index": 22,
      "source": "day14",
      "source_episode_index": 22,
      "frames": 92,
      "x": 0.48,
      "y": -0.075,
      "z": 0.02
    },
    {
      "episode_index": 23,
      "source": "day14",
      "source_episode_index": 23,
      "frames": 90,
      "x": 0.48,
      "y": 0.075,
      "z": 0.02
    },
    {
      "episode_index": 24,
      "source": "day14",
      "source_episode_index": 24,
      "frames": 97,
      "x": 0.32,
      "y": -0.075,
      "z": 0.02
    },
    {
      "episode_index": 25,
      "source": "day14",
      "source_episode_index": 25,
      "frames": 92,
      "x": 0.32,
      "y": 0.075,
      "z": 0.02
    },
    {
      "episode_index": 26,
      "source": "day14",
      "source_episode_index": 26,
      "frames": 92,
      "x": 0.48,
      "y": -0.075,
      "z": 0.02
    },
    {
      "episode_index": 27,
      "source": "day14",
      "source_episode_index": 27,
      "frames": 92,
      "x": 0.48,
      "y": 0.075,
      "z": 0.02
    },
    {
      "episode_index": 28,
      "source": "day14",
      "source_episode_index": 28,
      "frames": 94,
      "x": 0.32,
      "y": -0.075,
      "z": 0.02
    },
    {
      "episode_index": 29,
      "source": "day14",
      "source_episode_index": 29,
      "frames": 94,
      "x": 0.32,
      "y": 0.075,
      "z": 0.02
    },
    {
      "episode_index": 30,
      "source": "day14",
      "source_episode_index": 30,
      "frames": 89,
      "x": 0.48,
      "y": -0.075,
      "z": 0.02
    },
    {
      "episode_index": 31,
      "source": "day14",
      "source_episode_index": 31,
      "frames": 91,
      "x": 0.48,
      "y": 0.075,
      "z": 0.02
    },
    {
      "episode_index": 32,
      "source": "day14",
      "source_episode_index": 32,
      "frames": 96,
      "x": 0.32,
      "y": -0.075,
      "z": 0.02
    },
    {
      "episode_index": 33,
      "source": "day14",
      "source_episode_index": 33,
      "frames": 97,
      "x": 0.32,
      "y": 0.075,
      "z": 0.02
    },
    {
      "episode_index": 34,
      "source": "day14",
      "source_episode_index": 34,
      "frames": 96,
      "x": 0.48,
      "y": -0.075,
      "z": 0.02
    },
    {
      "episode_index": 35,
      "source": "day14",
      "source_episode_index": 35,
      "frames": 87,
      "x": 0.48,
      "y": 0.075,
      "z": 0.02
    },
    {
      "episode_index": 36,
      "source": "day14",
      "source_episode_index": 36,
      "frames": 94,
      "x": 0.32,
      "y": -0.075,
      "z": 0.02
    },
    {
      "episode_index": 37,
      "source": "day14",
      "source_episode_index": 37,
      "frames": 95,
      "x": 0.32,
      "y": 0.075,
      "z": 0.02
    },
    {
      "episode_index": 38,
      "source": "day14",
      "source_episode_index": 38,
      "frames": 92,
      "x": 0.48,
      "y": -0.075,
      "z": 0.02
    },
    {
      "episode_index": 39,
      "source": "day14",
      "source_episode_index": 39,
      "frames": 91,
      "x": 0.48,
      "y": 0.075,
      "z": 0.02
    },
    {
      "episode_index": 40,
      "source": "day16",
      "source_episode_index": 2,
      "frames": 94,
      "x": 0.36,
      "y": 0.075,
      "z": 0.02
    },
    {
      "episode_index": 41,
      "source": "day16",
      "source_episode_index": 4,
      "frames": 97,
      "x": 0.44,
      "y": 0.075,
      "z": 0.02
    },
    {
      "episode_index": 42,
      "source": "day16",
      "source_episode_index": 5,
      "frames": 99,
      "x": 0.44,
      "y": -0.075,
      "z": 0.02
    },
    {
      "episode_index": 43,
      "source": "day16",
      "source_episode_index": 6,
      "frames": 95,
      "x": 0.36,
      "y": -0.075,
      "z": 0.02
    },
    {
      "episode_index": 44,
      "source": "day16",
      "source_episode_index": 8,
      "frames": 94,
      "x": 0.44,
      "y": 0.075,
      "z": 0.02
    },
    {
      "episode_index": 45,
      "source": "day16",
      "source_episode_index": 9,
      "frames": 91,
      "x": 0.36,
      "y": -0.075,
      "z": 0.02
    },
    {
      "episode_index": 46,
      "source": "day16",
      "source_episode_index": 12,
      "frames": 94,
      "x": 0.36,
      "y": 0.075,
      "z": 0.02
    },
    {
      "episode_index": 47,
      "source": "day16",
      "source_episode_index": 13,
      "frames": 89,
      "x": 0.44,
      "y": -0.075,
      "z": 0.02
    },
    {
      "episode_index": 48,
      "source": "day16",
      "source_episode_index": 16,
      "frames": 102,
      "x": 0.44,
      "y": -0.075,
      "z": 0.02
    },
    {
      "episode_index": 49,
      "source": "day16",
      "source_episode_index": 19,
      "frames": 85,
      "x": 0.44,
      "y": 0.075,
      "z": 0.02
    },
    {
      "episode_index": 50,
      "source": "day16",
      "source_episode_index": 20,
      "frames": 95,
      "x": 0.36,
      "y": 0.075,
      "z": 0.02
    },
    {
      "episode_index": 51,
      "source": "day16",
      "source_episode_index": 22,
      "frames": 94,
      "x": 0.36,
      "y": -0.075,
      "z": 0.02
    },
    {
      "episode_index": 52,
      "source": "day16",
      "source_episode_index": 27,
      "frames": 94,
      "x": 0.44,
      "y": -0.075,
      "z": 0.02
    },
    {
      "episode_index": 53,
      "source": "day16",
      "source_episode_index": 28,
      "frames": 97,
      "x": 0.36,
      "y": -0.075,
      "z": 0.02
    },
    {
      "episode_index": 54,
      "source": "day16",
      "source_episode_index": 29,
      "frames": 94,
      "x": 0.36,
      "y": 0.075,
      "z": 0.02
    },
    {
      "episode_index": 55,
      "source": "day16",
      "source_episode_index": 31,
      "frames": 90,
      "x": 0.44,
      "y": 0.075,
      "z": 0.02
    },
    {
      "episode_index": 56,
      "source": "day16",
      "source_episode_index": 32,
      "frames": 90,
      "x": 0.44,
      "y": -0.075,
      "z": 0.02
    },
    {
      "episode_index": 57,
      "source": "day16",
      "source_episode_index": 33,
      "frames": 92,
      "x": 0.36,
      "y": 0.075,
      "z": 0.02
    },
    {
      "episode_index": 58,
      "source": "day16",
      "source_episode_index": 37,
      "frames": 93,
      "x": 0.36,
      "y": -0.075,
      "z": 0.02
    },
    {
      "episode_index": 59,
      "source": "day16",
      "source_episode_index": 38,
      "frames": 91,
      "x": 0.44,
      "y": 0.075,
      "z": 0.02
    }
  ],
  "order": "all Day14 episodes followed by selected Day16 episodes; source order preserved",
  "video_handling": "LeRobot selection may re-encode the Day16 subset; endpoint videos copied; no cross-source concatenation",
  "stage": "dry_run"
}

DRY RUN: no files written; add --execute to build the new dataset.
