/home/wusanggg/Downloads/ENTER/envs/lerobot-xpu/lib/python3.12/site-packages/gymnasium/spaces/box.py:231: UserWarning: [33mWARN: Box low's precision lowered by casting to float32, current low.dtype=float64[0m
  gym.logger.warn(
/home/wusanggg/Downloads/ENTER/envs/lerobot-xpu/lib/python3.12/site-packages/gymnasium/spaces/box.py:297: UserWarning: [33mWARN: Box high's precision lowered by casting to float32, current high.dtype=float64[0m
  gym.logger.warn(
============================================================
Loading ACT policy
============================================================
Checkpoint: outputs/act_panda_day16_xy_intermediate_xy2_z2_liftz4_closew4_xpu_7200/checkpoints/007200/pretrained_model
Loading weights from local directory
Evaluation-only n_action_steps override: 5
Inference device: xpu
Policy: ACTPolicy
Device: xpu
Chunk size: 50
n_action_steps: 5
Gripper mode: policy
Keyboard controls:
  Arrow keys: Move in X-Y plane
  Shift and Shift_R: Move in Z axis
  O: Open gripper
  C: Close gripper
  Enter: End episode with SUCCESS
  Backspace: End episode with FAILURE
  Space: Start/Stop Intervention
  ESC: Exit
Home pose: configs/day11_home_x_centered.json
Initial TCP XYZ: [0.401855, -0.0, 0.077737]
Minimum TCP Z bound: 0.008
Position schedule: configs/day16_xy_intermediate_smoke_positions.json

Environment observation space:
Dict('agent_pos': Box(-inf, inf, (18,), float32), 'pixels': Dict('front': Box(0, 255, (128, 128, 3), uint8), 'wrist': Box(0, 255, (128, 128, 3), uint8)))

Environment action space:
Box([-1. -1. -1.  0.], [1. 1. 1. 2.], (4,), float32)

============================================================
Episode 1/8
============================================================
Scheduled cube position: {'episode_index': 0, 'x': 0.32, 'y': -0.075, 'z': 0.02}
step=  1 | action=[[0.002 0.002 0.007 0.995]] | reward=0.0 | terminated=False | truncated=False
  geometry: cube=[ 0.32   -0.075   0.0199], tcp=[0.4018 0.     0.0778], gripper_pos=0.0
step= 10 | action=[[-0.28  -0.002  0.001  0.982]] | reward=0.0 | terminated=False | truncated=False
  geometry: cube=[ 0.32   -0.075   0.0199], tcp=[3.88e-01 2.00e-04 7.91e-02], gripper_pos=0.0
step= 20 | action=[[-0.282  0.     0.003  0.976]] | reward=0.0 | terminated=False | truncated=False
  geometry: cube=[ 0.32   -0.075   0.0199], tcp=[ 0.3215 -0.      0.0801], gripper_pos=0.0
step= 30 | action=[[-0.002 -0.244 -0.     1.005]] | reward=0.0 | terminated=False | truncated=False
  geometry: cube=[ 0.32   -0.075   0.0199], tcp=[ 0.3106 -0.0071  0.08  ], gripper_pos=2.0
step= 40 | action=[[-0.002 -0.105 -0.007  1.009]] | reward=0.0 | terminated=False | truncated=False
  geometry: cube=[ 0.32   -0.075   0.0199], tcp=[ 0.31   -0.0717  0.0796], gripper_pos=3.3
step= 50 | action=[[ 0.002  0.    -0.446  1.002]] | reward=0.0 | terminated=False | truncated=False
  geometry: cube=[ 0.32   -0.075   0.0199], tcp=[ 0.3085 -0.0759  0.0654], gripper_pos=2.8
step= 60 | action=[[ 1.000e-03  1.000e-03 -4.550e-01  1.002e+00]] | reward=0.0 | terminated=False | truncated=False
  geometry: cube=[ 0.32   -0.075   0.0199], tcp=[ 0.3098 -0.0756  0.008 ], gripper_pos=0.5
step= 70 | action=[[ 2.000e-03  1.000e-03 -0.000e+00  2.016e+00]] | reward=0.0 | terminated=False | truncated=False
  geometry: cube=[ 0.3143 -0.078   0.019 ], tcp=[ 0.307  -0.078   0.0167], gripper_pos=255.0
step= 80 | action=[[ 0.    -0.     0.189  0.992]] | reward=0.0 | terminated=False | truncated=False
  geometry: cube=[ 0.3297 -0.0778  0.0203], tcp=[ 0.3226 -0.0778  0.0177], gripper_pos=252.9
step= 89 | action=[[0.    0.001 0.526 0.998]] | reward=1.0 | terminated=True | truncated=False
  geometry: cube=[ 0.3198 -0.0756  0.1208], tcp=[ 0.3126 -0.0756  0.1183], gripper_pos=245.8

Episode finished: success=True, steps=89, reward=1.0, time=9.64s, max_gripper=2.069, z_range=[-0.558, 0.530]

============================================================
Episode 2/8
============================================================
Scheduled cube position: {'episode_index': 1, 'x': 0.32, 'y': 0.075, 'z': 0.02}
step=  1 | action=[[ 0.001 -0.     0.009  0.99 ]] | reward=0.0 | terminated=False | truncated=False
  geometry: cube=[0.32   0.075  0.0199], tcp=[ 0.4018 -0.      0.0778], gripper_pos=0.0
step= 10 | action=[[-0.287  0.002 -0.001  0.98 ]] | reward=0.0 | terminated=False | truncated=False
  geometry: cube=[0.32   0.075  0.0199], tcp=[3.873e-01 1.000e-04 7.890e-02], gripper_pos=0.0
step= 20 | action=[[-0.278  0.003  0.002  0.978]] | reward=0.0 | terminated=False | truncated=False
  geometry: cube=[0.32   0.075  0.0199], tcp=[0.3182 0.     0.0786], gripper_pos=0.0
step= 30 | action=[[0.001 0.269 0.008 0.987]] | reward=0.0 | terminated=False | truncated=False
  geometry: cube=[0.32   0.075  0.0199], tcp=[0.3103 0.0367 0.0791], gripper_pos=0.0
step= 40 | action=[[-0.     0.001 -0.554  0.995]] | reward=0.0 | terminated=False | truncated=False
  geometry: cube=[0.32   0.075  0.0199], tcp=[0.3074 0.075  0.0444], gripper_pos=5.0
step= 50 | action=[[-0.000e+00 -1.000e-03 -3.780e-01  1.007e+00]] | reward=0.0 | terminated=False | truncated=False
  geometry: cube=[0.32   0.075  0.0199], tcp=[0.3104 0.0756 0.008 ], gripper_pos=3.1
step= 60 | action=[[-0.001  0.003 -0.008  0.994]] | reward=0.0 | terminated=False | truncated=False
  geometry: cube=[0.32   0.075  0.0199], tcp=[0.3105 0.0761 0.008 ], gripper_pos=0.0
step= 70 | action=[[-0.001  0.003 -0.003  0.994]] | reward=0.0 | terminated=False | truncated=False
  geometry: cube=[0.32   0.075  0.0199], tcp=[0.3104 0.0766 0.008 ], gripper_pos=0.0
step= 80 | action=[[-0.     0.003  0.002  0.991]] | reward=0.0 | terminated=False | truncated=False
  geometry: cube=[0.32   0.075  0.0199], tcp=[0.3103 0.0771 0.008 ], gripper_pos=0.0
step= 90 | action=[[-0.001  0.003 -0.018  0.995]] | reward=0.0 | terminated=False | truncated=False
  geometry: cube=[0.32   0.075  0.0199], tcp=[0.3101 0.0776 0.008 ], gripper_pos=0.0
step=100 | action=[[-0.002  0.003 -0.053  0.995]] | reward=0.0 | terminated=False | truncated=False
  geometry: cube=[0.32   0.075  0.0199], tcp=[0.3099 0.0781 0.008 ], gripper_pos=0.0
step=110 | action=[[-0.002  0.002 -0.162  0.998]] | reward=0.0 | terminated=False | truncated=False
  geometry: cube=[0.32   0.075  0.0199], tcp=[0.3097 0.0785 0.008 ], gripper_pos=5.9
step=120 | action=[[-0.003  0.002 -0.155  0.999]] | reward=0.0 | terminated=False | truncated=False
  geometry: cube=[0.32   0.075  0.0199], tcp=[0.3094 0.079  0.008 ], gripper_pos=5.9
step=130 | action=[[-0.003  0.003 -0.068  0.992]] | reward=0.0 | terminated=False | truncated=False
  geometry: cube=[0.32   0.075  0.0199], tcp=[0.3092 0.0796 0.008 ], gripper_pos=0.0
step=140 | action=[[-0.002  0.002 -0.168  0.994]] | reward=0.0 | terminated=False | truncated=False
  geometry: cube=[0.32   0.075  0.0199], tcp=[0.309  0.0801 0.0081], gripper_pos=0.0
step=150 | action=[[-0.002  0.003 -0.107  0.989]] | reward=0.0 | terminated=False | truncated=True
  geometry: cube=[0.32   0.075  0.0199], tcp=[0.3089 0.0805 0.0081], gripper_pos=0.0

Episode finished: success=False, steps=150, reward=0.0, time=14.94s, max_gripper=1.013, z_range=[-0.570, 0.021]

============================================================
Episode 3/8
============================================================
Scheduled cube position: {'episode_index': 2, 'x': 0.36, 'y': -0.075, 'z': 0.02}
step=  1 | action=[[-1.000e-03 -0.000e+00  0.000e+00  1.001e+00]] | reward=0.0 | terminated=False | truncated=False
  geometry: cube=[ 0.36   -0.075   0.0199], tcp=[ 0.4018 -0.      0.0777], gripper_pos=0.2
step= 10 | action=[[-0.263 -0.001  0.016  0.976]] | reward=0.0 | terminated=False | truncated=False
  geometry: cube=[ 0.36   -0.075   0.0199], tcp=[3.93e-01 1.00e-04 7.94e-02], gripper_pos=0.0
step= 20 | action=[[-0.002 -0.065 -0.001  0.99 ]] | reward=0.0 | terminated=False | truncated=False
  geometry: cube=[ 0.36   -0.075   0.0199], tcp=[ 0.3494 -0.0011  0.0788], gripper_pos=0.0
step= 30 | action=[[-0.002 -0.277 -0.007  0.996]] | reward=0.0 | terminated=False | truncated=False
  geometry: cube=[ 0.36   -0.075   0.0199], tcp=[ 0.3491 -0.0539  0.0781], gripper_pos=0.0
step= 40 | action=[[-0.     0.    -0.55   0.993]] | reward=0.0 | terminated=False | truncated=False
  geometry: cube=[ 0.36   -0.075   0.0199], tcp=[ 0.3462 -0.0759  0.0364], gripper_pos=4.9
step= 50 | action=[[-1.000e-03  0.000e+00 -4.000e-03  1.017e+00]] | reward=0.0 | terminated=False | truncated=False
  geometry: cube=[ 0.36   -0.075   0.0199], tcp=[ 0.349 -0.076  0.008], gripper_pos=4.3
step= 60 | action=[[ 1.000e-03 -1.000e-03  7.000e-03  2.049e+00]] | reward=0.0 | terminated=False | truncated=False
  geometry: cube=[ 0.3603 -0.0766  0.019 ], tcp=[ 0.3529 -0.0767  0.0164], gripper_pos=255.0
step= 70 | action=[[ 1.000e-03  0.000e+00 -2.000e-03  1.873e+00]] | reward=0.0 | terminated=False | truncated=False
  geometry: cube=[ 0.3603 -0.0762  0.019 ], tcp=[ 0.3529 -0.0763  0.0164], gripper_pos=255.0
step= 80 | action=[[2.000e-03 1.000e-03 4.000e-03 2.027e+00]] | reward=0.0 | terminated=False | truncated=False
  geometry: cube=[ 0.3604 -0.0759  0.019 ], tcp=[ 0.3531 -0.0761  0.0165], gripper_pos=255.0
step= 90 | action=[[1.000e-03 0.000e+00 5.000e-03 1.996e+00]] | reward=0.0 | terminated=False | truncated=False
  geometry: cube=[ 0.36   -0.0762  0.0192], tcp=[ 0.3526 -0.0764  0.0166], gripper_pos=255.0
step=100 | action=[[1.000e-03 0.000e+00 2.000e-03 1.982e+00]] | reward=0.0 | terminated=False | truncated=False
  geometry: cube=[ 0.3588 -0.0761  0.0196], tcp=[ 0.3514 -0.0763  0.0171], gripper_pos=255.0
step=110 | action=[[ 1.000e-03 -0.000e+00  2.000e-03  1.937e+00]] | reward=0.0 | terminated=False | truncated=False
  geometry: cube=[ 0.3576 -0.0754  0.0199], tcp=[ 0.3502 -0.0756  0.0174], gripper_pos=255.0
step=120 | action=[[ 1.000e-03 -0.000e+00  3.000e-03  1.947e+00]] | reward=0.0 | terminated=False | truncated=False
  geometry: cube=[ 0.356  -0.0736  0.0198], tcp=[ 0.3486 -0.0737  0.0174], gripper_pos=255.0
step=130 | action=[[ 1.000e-03  1.000e-03 -3.000e-03  1.878e+00]] | reward=0.0 | terminated=False | truncated=False
  geometry: cube=[ 0.3554 -0.0723  0.0199], tcp=[ 0.348  -0.0725  0.0175], gripper_pos=255.0
step=140 | action=[[ 1.000e-03 -1.000e-03 -8.000e-03  1.697e+00]] | reward=0.0 | terminated=False | truncated=False
  geometry: cube=[ 0.3553 -0.0721  0.0202], tcp=[ 0.3479 -0.0723  0.0177], gripper_pos=255.0
step=150 | action=[[-1.000e-03  1.000e-03 -1.400e-02  1.537e+00]] | reward=0.0 | terminated=False | truncated=True
  geometry: cube=[ 0.3554 -0.0719  0.0198], tcp=[ 0.348  -0.0721  0.0173], gripper_pos=255.0

Episode finished: success=False, steps=150, reward=0.0, time=14.94s, max_gripper=2.073, z_range=[-0.558, 0.016]

============================================================
Episode 4/8
============================================================
Scheduled cube position: {'episode_index': 3, 'x': 0.36, 'y': 0.075, 'z': 0.02}
step=  1 | action=[[-0.001  0.003 -0.003  0.992]] | reward=0.0 | terminated=False | truncated=False
  geometry: cube=[0.36   0.075  0.0199], tcp=[0.4018 0.     0.0777], gripper_pos=0.0
step= 10 | action=[[-0.283  0.     0.004  0.983]] | reward=0.0 | terminated=False | truncated=False
  geometry: cube=[0.36   0.075  0.0199], tcp=[3.752e-01 2.000e-04 7.820e-02], gripper_pos=0.0
step= 20 | action=[[0.001 0.275 0.003 0.994]] | reward=0.0 | terminated=False | truncated=False
  geometry: cube=[0.36   0.075  0.0199], tcp=[0.3481 0.0188 0.0775], gripper_pos=0.0
step= 30 | action=[[-1.000e-03  1.000e-03  5.000e-03  1.007e+00]] | reward=0.0 | terminated=False | truncated=False
  geometry: cube=[0.36   0.075  0.0199], tcp=[0.3481 0.0738 0.0757], gripper_pos=5.2
step= 40 | action=[[ 0.001  0.001 -0.551  0.996]] | reward=0.0 | terminated=False | truncated=False
  geometry: cube=[0.36   0.075  0.0199], tcp=[0.3475 0.0747 0.0082], gripper_pos=0.0
step= 50 | action=[[-0.001  0.001  0.018  0.997]] | reward=0.0 | terminated=False | truncated=False
  geometry: cube=[0.36   0.075  0.0199], tcp=[0.3483 0.0751 0.0082], gripper_pos=3.4
step= 60 | action=[[-0.002  0.001  0.018  0.994]] | reward=0.0 | terminated=False | truncated=False
  geometry: cube=[0.36   0.075  0.0199], tcp=[0.3482 0.0754 0.0082], gripper_pos=1.5
step= 70 | action=[[-0.002  0.003 -0.005  0.993]] | reward=0.0 | terminated=False | truncated=False
  geometry: cube=[0.36   0.075  0.0199], tcp=[0.348  0.0758 0.008 ], gripper_pos=2.8
step= 80 | action=[[-0.001  0.002  0.01   0.989]] | reward=0.0 | terminated=False | truncated=False
  geometry: cube=[0.36   0.075  0.0199], tcp=[0.3478 0.0762 0.0081], gripper_pos=0.0
step= 90 | action=[[-0.002  0.003 -0.008  0.991]] | reward=0.0 | terminated=False | truncated=False
  geometry: cube=[0.36   0.075  0.0199], tcp=[0.3476 0.0765 0.008 ], gripper_pos=5.2
step=100 | action=[[-0.002  0.002 -0.001  0.991]] | reward=0.0 | terminated=False | truncated=False
  geometry: cube=[0.36   0.075  0.0199], tcp=[0.3474 0.077  0.008 ], gripper_pos=6.0
step=110 | action=[[-0.002  0.003 -0.029  0.992]] | reward=0.0 | terminated=False | truncated=False
  geometry: cube=[0.36   0.075  0.0199], tcp=[0.3471 0.0774 0.008 ], gripper_pos=7.4
step=120 | action=[[-0.002  0.002 -0.18   1.002]] | reward=0.0 | terminated=False | truncated=False
  geometry: cube=[0.36   0.075  0.0199], tcp=[0.3469 0.0778 0.008 ], gripper_pos=5.6
step=130 | action=[[-0.003  0.003 -0.129  0.999]] | reward=0.0 | terminated=False | truncated=False
  geometry: cube=[0.36   0.075  0.0199], tcp=[0.3467 0.0782 0.008 ], gripper_pos=11.9
step=140 | action=[[-0.002  0.002 -0.175  0.998]] | reward=0.0 | terminated=False | truncated=False
  geometry: cube=[0.36   0.075  0.0199], tcp=[0.3464 0.0786 0.008 ], gripper_pos=16.0
step=150 | action=[[-0.001  0.002 -0.185  0.993]] | reward=0.0 | terminated=False | truncated=True
  geometry: cube=[0.36   0.075  0.0199], tcp=[0.3462 0.079  0.008 ], gripper_pos=12.1

Episode finished: success=False, steps=150, reward=0.0, time=14.94s, max_gripper=1.013, z_range=[-0.574, 0.022]

============================================================
Episode 5/8
============================================================
Scheduled cube position: {'episode_index': 4, 'x': 0.44, 'y': -0.075, 'z': 0.02}
step=  1 | action=[[ 0.004 -0.004  0.009  1.003]] | reward=0.0 | terminated=False | truncated=False
  geometry: cube=[ 0.44   -0.075   0.0199], tcp=[ 0.4018 -0.      0.0778], gripper_pos=0.8
step= 10 | action=[[ 0.153 -0.005  0.012  1.001]] | reward=0.0 | terminated=False | truncated=False
  geometry: cube=[ 0.44   -0.075   0.0199], tcp=[ 0.4047 -0.0006  0.0793], gripper_pos=12.1
step= 20 | action=[[ 0.005  0.004 -0.007  0.995]] | reward=0.0 | terminated=False | truncated=False
  geometry: cube=[ 0.44   -0.075   0.0199], tcp=[ 0.4462 -0.0005  0.0807], gripper_pos=9.5
step= 30 | action=[[-0.003 -0.271 -0.008  1.   ]] | reward=0.0 | terminated=False | truncated=False
  geometry: cube=[ 0.44   -0.075   0.0199], tcp=[ 0.4457 -0.0348  0.0799], gripper_pos=4.9
step= 40 | action=[[-1.000e-03 -1.000e-03 -3.000e-03  1.002e+00]] | reward=0.0 | terminated=False | truncated=False
  geometry: cube=[ 0.44   -0.075   0.0199], tcp=[ 0.4453 -0.0792  0.0771], gripper_pos=3.3
step= 50 | action=[[ 0.001  0.    -0.55   0.996]] | reward=0.0 | terminated=False | truncated=False
  geometry: cube=[ 0.44   -0.075   0.0199], tcp=[ 0.4444 -0.0791  0.0088], gripper_pos=1.3
step= 60 | action=[[ 1.000e-03 -0.000e+00  2.000e-03  2.047e+00]] | reward=0.0 | terminated=False | truncated=False
  geometry: cube=[ 0.44   -0.0798  0.0194], tcp=[ 0.4488 -0.0799  0.0162], gripper_pos=255.0
step= 70 | action=[[-0.002 -0.003 -0.041  1.063]] | reward=0.0 | terminated=False | truncated=False
  geometry: cube=[ 0.44   -0.0797  0.0194], tcp=[ 0.4488 -0.0798  0.0162], gripper_pos=255.0
step= 80 | action=[[-1.000e-03 -1.000e-03 -3.900e-02  1.079e+00]] | reward=0.0 | terminated=False | truncated=False
  geometry: cube=[ 0.4401 -0.0797  0.0194], tcp=[ 0.4489 -0.0797  0.0162], gripper_pos=255.0
step= 90 | action=[[-3.000e-03 -1.000e-03 -3.000e-03  1.093e+00]] | reward=0.0 | terminated=False | truncated=False
  geometry: cube=[ 0.4401 -0.0796  0.0194], tcp=[ 0.4489 -0.0796  0.0162], gripper_pos=255.0
step=100 | action=[[-5.000e-03 -1.000e-03  6.600e-02  1.033e+00]] | reward=0.0 | terminated=False | truncated=False
  geometry: cube=[ 0.4401 -0.0795  0.0195], tcp=[ 0.4489 -0.0795  0.0162], gripper_pos=255.0
step=110 | action=[[-4.000e-03 -0.000e+00 -1.000e-03  1.065e+00]] | reward=0.0 | terminated=False | truncated=False
  geometry: cube=[ 0.4401 -0.0794  0.0195], tcp=[ 0.4489 -0.0794  0.0162], gripper_pos=255.0
step=120 | action=[[-0.002 -0.    -0.02   1.14 ]] | reward=0.0 | terminated=False | truncated=False
  geometry: cube=[ 0.44   -0.0794  0.0195], tcp=[ 0.4488 -0.0794  0.0162], gripper_pos=255.0
step=130 | action=[[-1.00e-03 -1.00e-03 -2.10e-02  1.32e+00]] | reward=0.0 | terminated=False | truncated=False
  geometry: cube=[ 0.44   -0.0794  0.0195], tcp=[ 0.4488 -0.0794  0.0162], gripper_pos=255.0
step=140 | action=[[-1.000e-03 -1.000e-03 -1.700e-02  1.434e+00]] | reward=0.0 | terminated=False | truncated=False
  geometry: cube=[ 0.44   -0.0794  0.0195], tcp=[ 0.4488 -0.0794  0.0162], gripper_pos=255.0
step=150 | action=[[-0.    -0.002 -0.     1.931]] | reward=0.0 | terminated=False | truncated=True
  geometry: cube=[ 0.4401 -0.0795  0.0195], tcp=[ 0.4489 -0.0795  0.0162], gripper_pos=255.0

Episode finished: success=False, steps=150, reward=0.0, time=14.94s, max_gripper=2.070, z_range=[-0.550, 0.085]

============================================================
Episode 6/8
============================================================
Scheduled cube position: {'episode_index': 5, 'x': 0.44, 'y': 0.075, 'z': 0.02}
step=  1 | action=[[ 0.004 -0.001  0.006  0.995]] | reward=0.0 | terminated=False | truncated=False
  geometry: cube=[0.44   0.075  0.0199], tcp=[ 0.4018 -0.      0.0778], gripper_pos=0.0
step= 10 | action=[[ 0.251  0.002 -0.002  1.   ]] | reward=0.0 | terminated=False | truncated=False
  geometry: cube=[0.44   0.075  0.0199], tcp=[ 4.155e-01 -4.000e-04  7.780e-02], gripper_pos=0.0
step= 20 | action=[[-0.004  0.128 -0.     0.978]] | reward=0.0 | terminated=False | truncated=False
  geometry: cube=[0.44   0.075  0.0199], tcp=[0.4545 0.0025 0.0793], gripper_pos=0.0
step= 30 | action=[[0.001 0.263 0.019 0.996]] | reward=0.0 | terminated=False | truncated=False
  geometry: cube=[0.44   0.075  0.0199], tcp=[0.4542 0.0632 0.0825], gripper_pos=0.0
step= 40 | action=[[-0.001 -0.    -0.158  1.   ]] | reward=0.0 | terminated=False | truncated=False
  geometry: cube=[0.44   0.075  0.0199], tcp=[0.4538 0.0708 0.0784], gripper_pos=6.1
step= 50 | action=[[ 0.    -0.001 -0.557  0.999]] | reward=0.0 | terminated=False | truncated=False
  geometry: cube=[0.44   0.075  0.0199], tcp=[0.4535 0.0709 0.0081], gripper_pos=3.0
step= 60 | action=[[-1.000e-03  3.000e-03 -2.500e-02  1.009e+00]] | reward=0.0 | terminated=False | truncated=False
  geometry: cube=[0.44   0.075  0.0199], tcp=[0.4537 0.071  0.008 ], gripper_pos=2.3
step= 70 | action=[[-1.000e-03  2.000e-03 -3.100e-02  1.032e+00]] | reward=0.0 | terminated=False | truncated=False
  geometry: cube=[0.44   0.075  0.0199], tcp=[0.4536 0.0712 0.008 ], gripper_pos=8.1
step= 80 | action=[[ 1.000e-03  2.000e-03 -1.800e-02  1.138e+00]] | reward=0.0 | terminated=False | truncated=False
  geometry: cube=[0.44   0.075  0.0199], tcp=[0.4535 0.0712 0.008 ], gripper_pos=36.9
step= 90 | action=[[ 5.000e-03  1.000e-03 -7.500e-02  1.069e+00]] | reward=0.0 | terminated=False | truncated=False
  geometry: cube=[0.4491 0.0732 0.0198], tcp=[0.467  0.0726 0.0168], gripper_pos=255.0
step=100 | action=[[ 0.006 -0.001  0.228  0.988]] | reward=0.0 | terminated=False | truncated=False
  geometry: cube=[0.4475 0.0743 0.0205], tcp=[0.4654 0.0739 0.0173], gripper_pos=252.0
step=110 | action=[[-0.001  0.     0.507  0.999]] | reward=1.0 | terminated=True | truncated=False
  geometry: cube=[0.4383 0.0723 0.1251], tcp=[0.4562 0.0721 0.1216], gripper_pos=247.6

Episode finished: success=True, steps=110, reward=1.0, time=10.93s, max_gripper=2.049, z_range=[-0.562, 0.510]

============================================================
Episode 7/8
============================================================
Scheduled cube position: {'episode_index': 6, 'x': 0.48, 'y': -0.075, 'z': 0.02}
step=  1 | action=[[0.003 0.    0.003 0.996]] | reward=0.0 | terminated=False | truncated=False
  geometry: cube=[ 0.48   -0.075   0.0199], tcp=[0.4018 0.     0.0778], gripper_pos=0.0
step= 10 | action=[[0.008 0.    0.001 0.994]] | reward=0.0 | terminated=False | truncated=False
  geometry: cube=[ 0.48   -0.075   0.0199], tcp=[0.4023 0.     0.0775], gripper_pos=0.0
step= 20 | action=[[ 0.035 -0.001  0.005  0.988]] | reward=0.0 | terminated=False | truncated=False
  geometry: cube=[ 0.48   -0.075   0.0199], tcp=[4.029e-01 1.000e-04 7.640e-02], gripper_pos=0.0
step= 30 | action=[[ 0.021 -0.    -0.001  0.996]] | reward=0.0 | terminated=False | truncated=False
  geometry: cube=[ 0.48   -0.075   0.0199], tcp=[0.4045 0.     0.0757], gripper_pos=0.0
step= 40 | action=[[ 0.019 -0.001  0.004  1.   ]] | reward=0.0 | terminated=False | truncated=False
  geometry: cube=[ 0.48   -0.075   0.0199], tcp=[ 4.057e-01 -1.000e-04  7.480e-02], gripper_pos=0.8
step= 50 | action=[[ 0.145 -0.004  0.009  1.008]] | reward=0.0 | terminated=False | truncated=False
  geometry: cube=[ 0.48   -0.075   0.0199], tcp=[ 4.087e-01 -3.000e-04  7.340e-02], gripper_pos=6.6
step= 60 | action=[[2.760e-01 1.000e-03 6.000e-03 1.008e+00]] | reward=0.0 | terminated=False | truncated=False
  geometry: cube=[ 0.48   -0.075   0.0199], tcp=[ 4.533e-01 -4.000e-04  7.410e-02], gripper_pos=27.5
step= 70 | action=[[-0.008 -0.024  0.01   0.991]] | reward=0.0 | terminated=False | truncated=False
  geometry: cube=[ 0.48   -0.075   0.0199], tcp=[ 0.4799 -0.0007  0.0746], gripper_pos=18.7
step= 80 | action=[[-0.003 -0.276 -0.005  0.997]] | reward=0.0 | terminated=False | truncated=False
  geometry: cube=[ 0.48   -0.075   0.0199], tcp=[ 0.4787 -0.0379  0.0752], gripper_pos=6.2
step= 90 | action=[[-0.     0.001 -0.132  1.   ]] | reward=0.0 | terminated=False | truncated=False
  geometry: cube=[ 0.48   -0.075   0.0199], tcp=[ 0.4784 -0.0732  0.0723], gripper_pos=8.4
step=100 | action=[[ 0.     0.    -0.553  0.999]] | reward=0.0 | terminated=False | truncated=False
  geometry: cube=[ 0.48   -0.075   0.0199], tcp=[ 0.4782 -0.073   0.0081], gripper_pos=11.7
step=110 | action=[[1.000e-03 1.000e-03 6.000e-03 2.064e+00]] | reward=0.0 | terminated=False | truncated=False
  geometry: cube=[ 0.4853 -0.0737  0.0195], tcp=[ 0.4877 -0.0737  0.0169], gripper_pos=255.0
step=120 | action=[[ 0.002 -0.    -0.021  1.335]] | reward=0.0 | terminated=False | truncated=False
  geometry: cube=[ 0.4865 -0.0745  0.0195], tcp=[ 0.4888 -0.0744  0.0169], gripper_pos=255.0
step=130 | action=[[0.    0.001 0.18  0.991]] | reward=0.0 | terminated=False | truncated=False
  geometry: cube=[ 0.4846 -0.0754  0.02  ], tcp=[ 0.4869 -0.0754  0.0174], gripper_pos=252.7
step=140 | action=[[1.000e-03 1.000e-03 3.000e-03 2.059e+00]] | reward=0.0 | terminated=False | truncated=False
  geometry: cube=[ 0.479  -0.0716  0.02  ], tcp=[ 0.4812 -0.0716  0.0174], gripper_pos=255.0
step=150 | action=[[1.00e-03 0.00e+00 7.00e-03 2.05e+00]] | reward=0.0 | terminated=False | truncated=True
  geometry: cube=[ 0.4804 -0.0723  0.0202], tcp=[ 0.4826 -0.0722  0.0176], gripper_pos=255.0

Episode finished: success=False, steps=150, reward=0.0, time=14.94s, max_gripper=2.071, z_range=[-0.560, 0.180]

============================================================
Episode 8/8
============================================================
Scheduled cube position: {'episode_index': 7, 'x': 0.48, 'y': 0.075, 'z': 0.02}
step=  1 | action=[[ 0.002 -0.002  0.006  0.996]] | reward=0.0 | terminated=False | truncated=False
  geometry: cube=[0.48   0.075  0.0199], tcp=[ 0.4018 -0.      0.0778], gripper_pos=0.0
step= 10 | action=[[ 0.259  0.005 -0.011  1.007]] | reward=0.0 | terminated=False | truncated=False
  geometry: cube=[0.48   0.075  0.0199], tcp=[ 4.092e-01 -1.000e-04  7.670e-02], gripper_pos=3.6
step= 20 | action=[[ 0.283  0.    -0.006  1.009]] | reward=0.0 | terminated=False | truncated=False
  geometry: cube=[0.48   0.075  0.0199], tcp=[4.747e-01 1.000e-04 7.610e-02], gripper_pos=39.6
step= 30 | action=[[0.001 0.277 0.004 0.992]] | reward=0.0 | terminated=False | truncated=False
  geometry: cube=[0.48   0.075  0.0199], tcp=[0.4835 0.0442 0.0773], gripper_pos=25.8
step= 40 | action=[[-0.    -0.    -0.102  0.998]] | reward=0.0 | terminated=False | truncated=False
  geometry: cube=[0.48   0.075  0.0199], tcp=[0.4834 0.0692 0.0751], gripper_pos=22.1
step= 50 | action=[[-0.000e+00  1.000e-03 -5.500e-01  1.003e+00]] | reward=0.0 | terminated=False | truncated=False
  geometry: cube=[0.48   0.075  0.0199], tcp=[0.4831 0.0695 0.0081], gripper_pos=21.0
step= 60 | action=[[2.000e-03 0.000e+00 9.000e-03 2.055e+00]] | reward=0.0 | terminated=False | truncated=False
  geometry: cube=[0.4831 0.0711 0.0201], tcp=[0.4894 0.071  0.0165], gripper_pos=255.0
step= 70 | action=[[ 0.003 -0.002  0.006  1.988]] | reward=0.0 | terminated=False | truncated=False
  geometry: cube=[0.4832 0.0711 0.0201], tcp=[0.4895 0.071  0.0165], gripper_pos=255.0
step= 80 | action=[[ 3.000e-03 -1.000e-03  6.000e-03  2.008e+00]] | reward=0.0 | terminated=False | truncated=False
  geometry: cube=[0.4847 0.0711 0.0202], tcp=[0.491  0.071  0.0166], gripper_pos=255.0
step= 90 | action=[[ 0.003 -0.002 -0.009  1.734]] | reward=0.0 | terminated=False | truncated=False
  geometry: cube=[0.4858 0.0712 0.0202], tcp=[0.4921 0.0711 0.0167], gripper_pos=255.0
step=100 | action=[[ 0.003 -0.002 -0.015  1.533]] | reward=0.0 | terminated=False | truncated=False
  geometry: cube=[0.4864 0.0713 0.0202], tcp=[0.4927 0.0712 0.0167], gripper_pos=255.0
step=110 | action=[[ 0.     0.    -0.025  1.074]] | reward=0.0 | terminated=False | truncated=False
  geometry: cube=[0.4868 0.0713 0.0202], tcp=[0.4931 0.0712 0.0167], gripper_pos=255.0
step=120 | action=[[ 0.003 -0.002 -0.014  1.572]] | reward=0.0 | terminated=False | truncated=False
  geometry: cube=[0.4872 0.0714 0.0202], tcp=[0.4934 0.0713 0.0166], gripper_pos=255.0
step=130 | action=[[ 0.004 -0.    -0.019  1.441]] | reward=0.0 | terminated=False | truncated=False
  geometry: cube=[0.4875 0.0714 0.0202], tcp=[0.4937 0.0713 0.0166], gripper_pos=255.0
step=140 | action=[[ 0.004  0.    -0.025  1.302]] | reward=0.0 | terminated=False | truncated=False
  geometry: cube=[0.4883 0.0714 0.0202], tcp=[0.4945 0.0713 0.0166], gripper_pos=255.0
step=150 | action=[[ 2.00e-03  1.00e-03 -2.70e-02  1.18e+00]] | reward=0.0 | terminated=False | truncated=True
  geometry: cube=[0.4884 0.0714 0.0201], tcp=[0.4946 0.0714 0.0166], gripper_pos=255.0

Episode finished: success=False, steps=150, reward=0.0, time=14.94s, max_gripper=2.071, z_range=[-0.566, 0.020]

============================================================
Evaluation summary
============================================================
Successes: 2/8
Success rate: 25.0%
