/home/wusanggg/Downloads/ENTER/envs/lerobot-xpu/lib/python3.12/site-packages/gymnasium/spaces/box.py:231: UserWarning: [33mWARN: Box low's precision lowered by casting to float32, current low.dtype=float64[0m
  gym.logger.warn(
/home/wusanggg/Downloads/ENTER/envs/lerobot-xpu/lib/python3.12/site-packages/gymnasium/spaces/box.py:297: UserWarning: [33mWARN: Box high's precision lowered by casting to float32, current high.dtype=float64[0m
  gym.logger.warn(
============================================================
Loading ACT policy
============================================================
Checkpoint: outputs/act_panda_day15_xy_staged_xyz1p5_closew4_xpu_7000/checkpoints/007000/pretrained_model
Loading weights from local directory
Evaluation-only n_action_steps override: 5
Inference device: xpu
Policy: ACTPolicy
Device: xpu
Chunk size: 50
n_action_steps: 5
Gripper mode: policy
Keyboard controls:
  Arrow keys: Move in X-Y plane
  Shift and Shift_R: Move in Z axis
  O: Open gripper
  C: Close gripper
  Enter: End episode with SUCCESS
  Backspace: End episode with FAILURE
  Space: Start/Stop Intervention
  ESC: Exit
Home pose: configs/day11_home_x_centered.json
Initial TCP XYZ: [0.401855, -0.0, 0.077737]
Minimum TCP Z bound: 0.008
Position schedule: configs/day12_xy_smoke_positions.json

Environment observation space:
Dict('agent_pos': Box(-inf, inf, (18,), float32), 'pixels': Dict('front': Box(0, 255, (128, 128, 3), uint8), 'wrist': Box(0, 255, (128, 128, 3), uint8)))

Environment action space:
Box([-1. -1. -1.  0.], [1. 1. 1. 2.], (4,), float32)

============================================================
Episode 1/4
============================================================
Scheduled cube position: {'episode_index': 0, 'x': 0.32, 'y': -0.075, 'z': 0.02}
step=  1 | action=[[0.006 0.001 0.024 0.998]] | reward=0.0 | terminated=False | truncated=False
  geometry: cube=[ 0.32   -0.075   0.0199], tcp=[0.4019 0.     0.078 ], gripper_pos=0.0
step= 10 | action=[[-0.157 -0.     0.011  1.012]] | reward=0.0 | terminated=False | truncated=False
  geometry: cube=[ 0.32   -0.075   0.0199], tcp=[0.397  0.     0.0827], gripper_pos=14.6
step= 20 | action=[[-0.282 -0.    -0.004  0.996]] | reward=0.0 | terminated=False | truncated=False
  geometry: cube=[ 0.32   -0.075   0.0199], tcp=[0.3292 0.     0.0825], gripper_pos=10.9
step= 30 | action=[[-0.004 -0.106  0.007  1.004]] | reward=0.0 | terminated=False | truncated=False
  geometry: cube=[ 0.32   -0.075   0.0199], tcp=[ 0.3163 -0.0038  0.0819], gripper_pos=11.0
step= 40 | action=[[-0.002 -0.064  0.01   0.996]] | reward=0.0 | terminated=False | truncated=False
  geometry: cube=[ 0.32   -0.075   0.0199], tcp=[ 0.3155 -0.0619  0.0827], gripper_pos=0.0
step= 50 | action=[[ 1.000e-03 -1.000e-03 -3.000e-03  1.017e+00]] | reward=0.0 | terminated=False | truncated=False
  geometry: cube=[ 0.32   -0.075   0.0199], tcp=[ 0.3155 -0.0652  0.0804], gripper_pos=14.1
step= 60 | action=[[ 0.     0.    -0.002  1.011]] | reward=0.0 | terminated=False | truncated=False
  geometry: cube=[ 0.32   -0.075   0.0199], tcp=[ 0.3157 -0.0654  0.0769], gripper_pos=25.9
step= 70 | action=[[-2.000e-03  1.000e-03 -5.440e-01  1.006e+00]] | reward=0.0 | terminated=False | truncated=False
  geometry: cube=[ 0.32   -0.075   0.0199], tcp=[ 0.3126 -0.0651  0.0139], gripper_pos=28.5
step= 80 | action=[[ 1.000e-03 -1.000e-03 -1.000e-03  2.039e+00]] | reward=0.0 | terminated=False | truncated=False
  geometry: cube=[ 0.3176 -0.0679  0.0202], tcp=[ 0.3129 -0.0678  0.0161], gripper_pos=255.0
step= 90 | action=[[ 0.     0.002 -0.039  0.99 ]] | reward=0.0 | terminated=False | truncated=False
  geometry: cube=[ 0.3175 -0.068   0.0202], tcp=[ 0.3129 -0.0679  0.0161], gripper_pos=252.3
step=100 | action=[[ 0.     0.003 -0.     0.997]] | reward=0.0 | terminated=False | truncated=True
  geometry: cube=[ 0.3175 -0.0679  0.0202], tcp=[ 0.3129 -0.0679  0.0161], gripper_pos=254.1

Episode finished: success=False, steps=100, reward=0.0, time=10.77s, max_gripper=2.048, z_range=[-0.544, 0.028]

============================================================
Episode 2/4
============================================================
Scheduled cube position: {'episode_index': 1, 'x': 0.32, 'y': 0.075, 'z': 0.02}
step=  1 | action=[[0.002 0.002 0.018 0.997]] | reward=0.0 | terminated=False | truncated=False
  geometry: cube=[0.32   0.075  0.0199], tcp=[0.4018 0.     0.0779], gripper_pos=0.0
step= 10 | action=[[-2.650e-01  0.000e+00 -1.000e-03  1.003e+00]] | reward=0.0 | terminated=False | truncated=False
  geometry: cube=[0.32   0.075  0.0199], tcp=[3.887e-01 2.000e-04 8.040e-02], gripper_pos=11.4
step= 20 | action=[[-0.239  0.001 -0.002  0.995]] | reward=0.0 | terminated=False | truncated=False
  geometry: cube=[0.32   0.075  0.0199], tcp=[0.3187 0.0004 0.0782], gripper_pos=5.8
step= 30 | action=[[-0.001  0.275 -0.001  0.99 ]] | reward=0.0 | terminated=False | truncated=False
  geometry: cube=[0.32   0.075  0.0199], tcp=[0.3119 0.0248 0.0791], gripper_pos=1.8
step= 40 | action=[[-1.000e-03 -4.000e-03 -4.000e-03  1.009e+00]] | reward=0.0 | terminated=False | truncated=False
  geometry: cube=[0.32   0.075  0.0199], tcp=[0.3113 0.0636 0.0774], gripper_pos=4.1
step= 50 | action=[[1.000e-03 1.000e-03 1.500e-02 1.009e+00]] | reward=0.0 | terminated=False | truncated=False
  geometry: cube=[0.32   0.075  0.0199], tcp=[0.3113 0.0635 0.0736], gripper_pos=9.1
step= 60 | action=[[-0.00e+00  1.00e-03 -3.37e-01  1.01e+00]] | reward=0.0 | terminated=False | truncated=False
  geometry: cube=[0.32   0.075  0.0199], tcp=[0.3106 0.0637 0.0587], gripper_pos=10.8
step= 70 | action=[[-1.000e-03  1.000e-03 -4.560e-01  1.004e+00]] | reward=0.0 | terminated=False | truncated=False
  geometry: cube=[0.32   0.075  0.0199], tcp=[0.3123 0.0638 0.0085], gripper_pos=16.9
step= 80 | action=[[-0.002 -0.     0.003  1.987]] | reward=0.0 | terminated=False | truncated=False
  geometry: cube=[0.3148 0.0674 0.0206], tcp=[0.3089 0.0673 0.0165], gripper_pos=255.0
step= 90 | action=[[0.001 0.    0.553 1.   ]] | reward=0.0 | terminated=False | truncated=False
  geometry: cube=[0.3194 0.0643 0.0998], tcp=[0.3136 0.0643 0.0956], gripper_pos=253.1
step= 92 | action=[[0.001 0.    0.546 0.999]] | reward=1.0 | terminated=True | truncated=False
  geometry: cube=[0.3195 0.0643 0.1273], tcp=[0.3137 0.0642 0.1231], gripper_pos=252.5

Episode finished: success=True, steps=92, reward=1.0, time=9.14s, max_gripper=2.041, z_range=[-0.561, 0.558]

============================================================
Episode 3/4
============================================================
Scheduled cube position: {'episode_index': 2, 'x': 0.48, 'y': -0.075, 'z': 0.02}
step=  1 | action=[[-0.006  0.001  0.023  0.997]] | reward=0.0 | terminated=False | truncated=False
  geometry: cube=[ 0.48   -0.075   0.0199], tcp=[0.4018 0.     0.078 ], gripper_pos=0.0
step= 10 | action=[[ 0.222 -0.002  0.003  1.002]] | reward=0.0 | terminated=False | truncated=False
  geometry: cube=[ 0.48   -0.075   0.0199], tcp=[4.088e-01 2.000e-04 8.100e-02], gripper_pos=1.2
step= 20 | action=[[ 0.279 -0.001 -0.01   0.995]] | reward=0.0 | terminated=False | truncated=False
  geometry: cube=[ 0.48   -0.075   0.0199], tcp=[ 4.723e-01 -2.000e-04  8.140e-02], gripper_pos=0.0
step= 30 | action=[[-0.003 -0.253 -0.004  0.999]] | reward=0.0 | terminated=False | truncated=False
  geometry: cube=[ 0.48   -0.075   0.0199], tcp=[ 0.4823 -0.0182  0.0819], gripper_pos=2.6
step= 40 | action=[[ 0.002 -0.002 -0.002  1.017]] | reward=0.0 | terminated=False | truncated=False
  geometry: cube=[ 0.48   -0.075   0.0199], tcp=[ 0.4819 -0.0722  0.0812], gripper_pos=5.9
step= 50 | action=[[-0.     0.002 -0.026  1.008]] | reward=0.0 | terminated=False | truncated=False
  geometry: cube=[ 0.48   -0.075   0.0199], tcp=[ 0.4821 -0.0723  0.0782], gripper_pos=7.4
step= 60 | action=[[-2.000e-03  1.000e-03 -5.440e-01  1.005e+00]] | reward=0.0 | terminated=False | truncated=False
  geometry: cube=[ 0.48   -0.075   0.0199], tcp=[ 0.4799 -0.0718  0.0309], gripper_pos=11.3
step= 70 | action=[[ 2.000e-03 -0.000e+00  4.000e-03  2.039e+00]] | reward=0.0 | terminated=False | truncated=False
  geometry: cube=[ 0.4809 -0.0728  0.0199], tcp=[ 0.4852 -0.0728  0.0176], gripper_pos=255.0
step= 80 | action=[[-0.002  0.002 -0.079  1.004]] | reward=0.0 | terminated=False | truncated=False
  geometry: cube=[ 0.486  -0.0731  0.0188], tcp=[ 0.4904 -0.0731  0.0165], gripper_pos=255.0
step= 90 | action=[[0.002 0.    0.534 1.005]] | reward=0.0 | terminated=False | truncated=False
  geometry: cube=[ 0.479  -0.0723  0.0491], tcp=[ 0.4834 -0.0723  0.0467], gripper_pos=253.1
step= 96 | action=[[0.001 0.    0.55  0.997]] | reward=1.0 | terminated=True | truncated=False
  geometry: cube=[ 0.4795 -0.0724  0.1306], tcp=[ 0.4839 -0.0724  0.1282], gripper_pos=249.9

Episode finished: success=True, steps=96, reward=1.0, time=9.58s, max_gripper=2.053, z_range=[-0.544, 0.553]

============================================================
Episode 4/4
============================================================
Scheduled cube position: {'episode_index': 3, 'x': 0.48, 'y': 0.075, 'z': 0.02}
step=  1 | action=[[-0.01   0.001  0.025  0.996]] | reward=0.0 | terminated=False | truncated=False
  geometry: cube=[0.48   0.075  0.0199], tcp=[0.4017 0.     0.078 ], gripper_pos=0.0
step= 10 | action=[[ 0.28  -0.001 -0.001  0.994]] | reward=0.0 | terminated=False | truncated=False
  geometry: cube=[0.48   0.075  0.0199], tcp=[ 4.275e-01 -2.000e-04  8.030e-02], gripper_pos=0.0
step= 20 | action=[[ 3.000e-03 -1.000e-03 -0.000e+00  1.005e+00]] | reward=0.0 | terminated=False | truncated=False
  geometry: cube=[0.48   0.075  0.0199], tcp=[ 4.797e-01 -4.000e-04  7.980e-02], gripper_pos=1.6
step= 30 | action=[[-0.003  0.277  0.001  0.982]] | reward=0.0 | terminated=False | truncated=False
  geometry: cube=[0.48   0.075  0.0199], tcp=[0.4795 0.051  0.08  ], gripper_pos=0.0
step= 40 | action=[[-1.000e-03  2.000e-03 -6.000e-02  1.009e+00]] | reward=0.0 | terminated=False | truncated=False
  geometry: cube=[0.48   0.075  0.0199], tcp=[0.4794 0.0662 0.0754], gripper_pos=6.4
step= 50 | action=[[-2.000e-03  1.000e-03 -5.460e-01  1.006e+00]] | reward=0.0 | terminated=False | truncated=False
  geometry: cube=[0.48   0.075  0.0199], tcp=[0.4779 0.0664 0.0095], gripper_pos=12.7
step= 60 | action=[[-0.00e+00 -1.00e-03  3.00e-03  2.03e+00]] | reward=0.0 | terminated=False | truncated=False
  geometry: cube=[0.4814 0.0684 0.0205], tcp=[0.4822 0.0684 0.0164], gripper_pos=255.0
step= 70 | action=[[-0.000e+00 -1.000e-03  7.000e-03  1.999e+00]] | reward=0.0 | terminated=False | truncated=False
  geometry: cube=[0.4814 0.0683 0.0205], tcp=[0.4822 0.0683 0.0164], gripper_pos=255.0
step= 80 | action=[[-0.000e+00 -1.000e-03  8.000e-03  1.866e+00]] | reward=0.0 | terminated=False | truncated=False
  geometry: cube=[0.4814 0.0682 0.0206], tcp=[0.4822 0.0681 0.0164], gripper_pos=255.0
step= 90 | action=[[-0.000e+00 -1.000e-03  6.000e-03  2.008e+00]] | reward=0.0 | terminated=False | truncated=False
  geometry: cube=[0.4814 0.068  0.0206], tcp=[0.4822 0.068  0.0164], gripper_pos=255.0
step=100 | action=[[-0.000e+00 -1.000e-03  5.000e-03  2.021e+00]] | reward=0.0 | terminated=False | truncated=True
  geometry: cube=[0.4814 0.0679 0.0206], tcp=[0.4823 0.0678 0.0164], gripper_pos=255.0

Episode finished: success=False, steps=100, reward=0.0, time=9.93s, max_gripper=2.052, z_range=[-0.546, 0.037]

============================================================
Evaluation summary
============================================================
Successes: 2/4
Success rate: 50.0%
