/home/wusanggg/Downloads/ENTER/envs/lerobot-xpu/lib/python3.12/site-packages/gymnasium/spaces/box.py:231: UserWarning: [33mWARN: Box low's precision lowered by casting to float32, current low.dtype=float64[0m
  gym.logger.warn(
/home/wusanggg/Downloads/ENTER/envs/lerobot-xpu/lib/python3.12/site-packages/gymnasium/spaces/box.py:297: UserWarning: [33mWARN: Box high's precision lowered by casting to float32, current high.dtype=float64[0m
  gym.logger.warn(
============================================================
Loading ACT policy
============================================================
Checkpoint: outputs/act_panda_day11_x_weighted_w4_z008_xpu_v1/checkpoints/002000/pretrained_model
Loading weights from local directory
Evaluation-only n_action_steps override: 5
Inference device: xpu
Policy: ACTPolicy
Device: xpu
Chunk size: 50
n_action_steps: 5
Gripper mode: close-at-step
Close step: 30
Close duration: 10
Keyboard controls:
  Arrow keys: Move in X-Y plane
  Shift and Shift_R: Move in Z axis
  O: Open gripper
  C: Close gripper
  Enter: End episode with SUCCESS
  Backspace: End episode with FAILURE
  Space: Start/Stop Intervention
  ESC: Exit
Home pose: configs/day11_home_x_centered.json
Initial TCP XYZ: [0.401855, -0.0, 0.077737]
Minimum TCP Z bound: 0.008
Position schedule: configs/day11_x_axis_smoke_positions.json

Environment observation space:
Dict('agent_pos': Box(-inf, inf, (18,), float32), 'pixels': Dict('front': Box(0, 255, (128, 128, 3), uint8), 'wrist': Box(0, 255, (128, 128, 3), uint8)))

Environment action space:
Box([-1. -1. -1.  0.], [1. 1. 1. 2.], (4,), float32)

============================================================
Episode 1/4
============================================================
Scheduled cube position: {'episode_index': 0, 'x': 0.32, 'y': 0.0, 'z': 0.02}
step=  1 | action=[[-0.211  0.     0.009  0.994]] | reward=0.0 | terminated=False | truncated=False
  geometry: cube=[ 0.32   -0.      0.0199], tcp=[0.3996 0.     0.0778], gripper_pos=0.0
step= 10 | action=[[-0.282  0.    -0.007  0.993]] | reward=0.0 | terminated=False | truncated=False
  geometry: cube=[0.32   0.     0.0199], tcp=[0.3413 0.     0.0779], gripper_pos=0.0
step= 20 | action=[[ 0.003  0.    -0.113  0.996]] | reward=0.0 | terminated=False | truncated=False
  geometry: cube=[0.32   0.     0.0199], tcp=[ 0.3215 -0.      0.0696], gripper_pos=0.0
diagnostic gripper close at step=30 (fixed-step mode)
step= 30 | action=[[ 0.005  0.    -0.496  2.   ]] | reward=0.0 | terminated=False | truncated=False
  geometry: cube=[ 0.3205 -0.      0.0195], tcp=[ 0.3247 -0.      0.0101], gripper_pos=255.0
diagnostic lift at step=40 (command=0.500, fixed-step mode)
step= 40 | action=[[0.004 0.    0.5   1.002]] | reward=0.0 | terminated=False | truncated=False
  geometry: cube=[ 0.3291 -0.0005  0.0212], tcp=[ 0.333  -0.0005  0.0195], gripper_pos=255.0
step= 49 | action=[[0.004 0.    0.5   0.999]] | reward=1.0 | terminated=True | truncated=False
  geometry: cube=[3.220e-01 1.000e-04 1.231e-01], tcp=[0.3258 0.     0.1213], gripper_pos=254.6

Episode finished: success=True, steps=49, reward=1.0, time=5.46s, max_gripper=2.000, z_range=[-0.544, 0.500]

============================================================
Episode 2/4
============================================================
Scheduled cube position: {'episode_index': 1, 'x': 0.36, 'y': 0.0, 'z': 0.02}
step=  1 | action=[[-0.226  0.    -0.004  0.993]] | reward=0.0 | terminated=False | truncated=False
  geometry: cube=[ 0.36   -0.      0.0199], tcp=[0.3995 0.     0.0777], gripper_pos=0.0
step= 10 | action=[[-0.022  0.    -0.011  0.999]] | reward=0.0 | terminated=False | truncated=False
  geometry: cube=[0.36   0.     0.0199], tcp=[0.3658 0.     0.0754], gripper_pos=0.4
step= 20 | action=[[ 0.001  0.    -0.076  0.994]] | reward=0.0 | terminated=False | truncated=False
  geometry: cube=[0.36   0.     0.0199], tcp=[ 0.365  -0.      0.0682], gripper_pos=0.0
diagnostic gripper close at step=30 (fixed-step mode)
step= 30 | action=[[ 0.005  0.    -0.513  2.   ]] | reward=0.0 | terminated=False | truncated=False
  geometry: cube=[ 0.3607 -0.      0.0194], tcp=[ 0.3682 -0.      0.0108], gripper_pos=255.0
diagnostic lift at step=40 (command=0.500, fixed-step mode)
step= 40 | action=[[0.003 0.    0.5   1.   ]] | reward=0.0 | terminated=False | truncated=False
  geometry: cube=[3.72e-01 2.00e-04 2.19e-02], tcp=[0.3792 0.     0.0201], gripper_pos=255.0
step= 49 | action=[[0.002 0.    0.5   0.997]] | reward=1.0 | terminated=True | truncated=False
  geometry: cube=[3.62e-01 1.00e-04 1.23e-01], tcp=[0.3691 0.     0.121 ], gripper_pos=249.3

Episode finished: success=True, steps=49, reward=1.0, time=4.83s, max_gripper=2.000, z_range=[-0.550, 0.500]

============================================================
Episode 3/4
============================================================
Scheduled cube position: {'episode_index': 2, 'x': 0.44, 'y': 0.0, 'z': 0.02}
step=  1 | action=[[ 0.21   0.    -0.005  0.982]] | reward=0.0 | terminated=False | truncated=False
  geometry: cube=[ 0.44   -0.      0.0199], tcp=[ 0.404  -0.      0.0777], gripper_pos=0.0
step= 10 | action=[[ 0.007  0.    -0.027  0.991]] | reward=0.0 | terminated=False | truncated=False
  geometry: cube=[0.44   0.     0.0199], tcp=[ 0.4347 -0.      0.0759], gripper_pos=0.0
step= 20 | action=[[-0.001  0.    -0.449  0.99 ]] | reward=0.0 | terminated=False | truncated=False
  geometry: cube=[0.44   0.     0.0199], tcp=[ 0.4337 -0.      0.0222], gripper_pos=0.0
diagnostic gripper close at step=30 (fixed-step mode)
step= 30 | action=[[ 0.002  0.    -0.043  2.   ]] | reward=0.0 | terminated=False | truncated=False
  geometry: cube=[ 0.4407 -0.      0.0191], tcp=[ 0.4393 -0.      0.0109], gripper_pos=255.0
diagnostic lift at step=40 (command=0.500, fixed-step mode)
step= 40 | action=[[0.004 0.    0.5   1.003]] | reward=0.0 | terminated=False | truncated=False
  geometry: cube=[4.477e-01 1.000e-04 2.160e-02], tcp=[4.464e-01 1.000e-04 1.980e-02], gripper_pos=255.0
step= 49 | action=[[0.003 0.    0.5   0.996]] | reward=1.0 | terminated=True | truncated=False
  geometry: cube=[0.4408 0.     0.1227], tcp=[0.4394 0.     0.1209], gripper_pos=245.4

Episode finished: success=True, steps=49, reward=1.0, time=4.83s, max_gripper=2.000, z_range=[-0.535, 0.500]

============================================================
Episode 4/4
============================================================
Scheduled cube position: {'episode_index': 3, 'x': 0.48, 'y': 0.0, 'z': 0.02}
step=  1 | action=[[0.188 0.    0.007 0.996]] | reward=0.0 | terminated=False | truncated=False
  geometry: cube=[ 0.48   -0.      0.0199], tcp=[ 0.4037 -0.      0.0778], gripper_pos=0.0
step= 10 | action=[[0.267 0.    0.002 0.997]] | reward=0.0 | terminated=False | truncated=False
  geometry: cube=[0.48   0.     0.0199], tcp=[ 0.4582 -0.      0.0775], gripper_pos=0.0
step= 20 | action=[[ 0.001  0.    -0.09   0.997]] | reward=0.0 | terminated=False | truncated=False
  geometry: cube=[0.48   0.     0.0199], tcp=[ 0.4741 -0.      0.0702], gripper_pos=0.0
diagnostic gripper close at step=30 (fixed-step mode)
step= 30 | action=[[ 0.003  0.    -0.556  2.   ]] | reward=0.0 | terminated=False | truncated=False
  geometry: cube=[ 4.802e-01 -1.000e-04  2.030e-02], tcp=[ 4.759e-01 -1.000e-04  1.180e-02], gripper_pos=255.0
diagnostic lift at step=40 (command=0.500, fixed-step mode)
step= 40 | action=[[0.006 0.    0.5   1.005]] | reward=0.0 | terminated=False | truncated=False
  geometry: cube=[ 4.844e-01 -1.000e-04  2.140e-02], tcp=[0.4801 0.     0.0186], gripper_pos=255.0
step= 49 | action=[[0.002 0.    0.5   0.995]] | reward=1.0 | terminated=True | truncated=False
  geometry: cube=[0.4823 0.     0.1236], tcp=[0.478  0.     0.1209], gripper_pos=244.1

Episode finished: success=True, steps=49, reward=1.0, time=4.82s, max_gripper=2.000, z_range=[-0.585, 0.500]

============================================================
Evaluation summary
============================================================
Successes: 4/4
Success rate: 100.0%
