/home/wusanggg/Downloads/ENTER/envs/lerobot-xpu/lib/python3.12/site-packages/gymnasium/spaces/box.py:231: UserWarning: [33mWARN: Box low's precision lowered by casting to float32, current low.dtype=float64[0m
  gym.logger.warn(
/home/wusanggg/Downloads/ENTER/envs/lerobot-xpu/lib/python3.12/site-packages/gymnasium/spaces/box.py:297: UserWarning: [33mWARN: Box high's precision lowered by casting to float32, current high.dtype=float64[0m
  gym.logger.warn(
============================================================
Loading ACT policy
============================================================
Checkpoint: outputs/act_panda_day15_xy_staged_xy2_z2_liftz4_closew4_xpu_7000/checkpoints/007000/pretrained_model
Loading weights from local directory
Evaluation-only n_action_steps override: 5
Inference device: xpu
Policy: ACTPolicy
Device: xpu
Chunk size: 50
n_action_steps: 5
Gripper mode: policy
Keyboard controls:
  Arrow keys: Move in X-Y plane
  Shift and Shift_R: Move in Z axis
  O: Open gripper
  C: Close gripper
  Enter: End episode with SUCCESS
  Backspace: End episode with FAILURE
  Space: Start/Stop Intervention
  ESC: Exit
Home pose: configs/day11_home_x_centered.json
Initial TCP XYZ: [0.401855, -0.0, 0.077737]
Minimum TCP Z bound: 0.008
Position schedule: configs/day16_xy_intermediate_smoke_positions.json

Environment observation space:
Dict('agent_pos': Box(-inf, inf, (18,), float32), 'pixels': Dict('front': Box(0, 255, (128, 128, 3), uint8), 'wrist': Box(0, 255, (128, 128, 3), uint8)))

Environment action space:
Box([-1. -1. -1.  0.], [1. 1. 1. 2.], (4,), float32)

============================================================
Episode 1/8
============================================================
Scheduled cube position: {'episode_index': 0, 'x': 0.32, 'y': -0.075, 'z': 0.02}
step=  1 | action=[[ 0.01   0.002 -0.006  1.007]] | reward=0.0 | terminated=False | truncated=False
  geometry: cube=[ 0.32   -0.075   0.0199], tcp=[0.4019 0.     0.0777], gripper_pos=1.7
step= 10 | action=[[-0.133  0.002 -0.01   1.003]] | reward=0.0 | terminated=False | truncated=False
  geometry: cube=[ 0.32   -0.075   0.0199], tcp=[0.3995 0.0007 0.0775], gripper_pos=1.2
step= 20 | action=[[-0.279  0.001 -0.012  0.989]] | reward=0.0 | terminated=False | truncated=False
  geometry: cube=[ 0.32   -0.075   0.0199], tcp=[0.3455 0.001  0.0771], gripper_pos=0.0
step= 30 | action=[[-0.002 -0.281 -0.001  0.988]] | reward=0.0 | terminated=False | truncated=False
  geometry: cube=[ 0.32   -0.075   0.0199], tcp=[ 0.3039 -0.0204  0.0773], gripper_pos=0.0
step= 40 | action=[[-1.000e-03 -5.000e-03 -1.200e-02  1.005e+00]] | reward=0.0 | terminated=False | truncated=False
  geometry: cube=[ 0.32   -0.075   0.0199], tcp=[ 0.3032 -0.0691  0.0763], gripper_pos=3.4
step= 50 | action=[[-0.001  0.    -0.55   0.996]] | reward=0.0 | terminated=False | truncated=False
  geometry: cube=[ 0.32   -0.075   0.0199], tcp=[ 0.3034 -0.0666  0.0099], gripper_pos=0.0
step= 60 | action=[[1.00e-03 0.00e+00 2.00e-02 1.89e+00]] | reward=0.0 | terminated=False | truncated=False
  geometry: cube=[ 0.3227 -0.071   0.0244], tcp=[ 0.3162 -0.071   0.0194], gripper_pos=255.0
step= 70 | action=[[-0.     0.001  0.523  1.   ]] | reward=0.0 | terminated=False | truncated=False
  geometry: cube=[ 0.3117 -0.0693  0.0571], tcp=[ 0.3051 -0.0692  0.052 ], gripper_pos=251.9
step= 75 | action=[[ 0.    -0.     0.517  0.997]] | reward=1.0 | terminated=True | truncated=False
  geometry: cube=[ 0.3124 -0.0691  0.1219], tcp=[ 0.3058 -0.069   0.1169], gripper_pos=247.9

Episode finished: success=True, steps=75, reward=1.0, time=8.28s, max_gripper=2.005, z_range=[-0.556, 0.523]

============================================================
Episode 2/8
============================================================
Scheduled cube position: {'episode_index': 1, 'x': 0.32, 'y': 0.075, 'z': 0.02}
step=  1 | action=[[ 6.000e-03  1.000e-03 -1.000e-02  1.005e+00]] | reward=0.0 | terminated=False | truncated=False
  geometry: cube=[0.32   0.075  0.0199], tcp=[0.4019 0.     0.0776], gripper_pos=1.4
step= 10 | action=[[-0.096  0.001 -0.026  0.996]] | reward=0.0 | terminated=False | truncated=False
  geometry: cube=[0.32   0.075  0.0199], tcp=[4.003e-01 3.000e-04 7.340e-02], gripper_pos=0.0
step= 20 | action=[[-0.277  0.002  0.001  0.999]] | reward=0.0 | terminated=False | truncated=False
  geometry: cube=[0.32   0.075  0.0199], tcp=[0.3548 0.0008 0.0711], gripper_pos=0.0
step= 30 | action=[[-0.003  0.207 -0.006  1.008]] | reward=0.0 | terminated=False | truncated=False
  geometry: cube=[0.32   0.075  0.0199], tcp=[0.3085 0.0055 0.0705], gripper_pos=6.8
step= 40 | action=[[-0.003  0.091 -0.019  1.006]] | reward=0.0 | terminated=False | truncated=False
  geometry: cube=[0.32   0.075  0.0199], tcp=[0.3079 0.0687 0.0722], gripper_pos=2.1
step= 50 | action=[[ 1.000e-03  1.000e-03 -5.630e-01  1.006e+00]] | reward=0.0 | terminated=False | truncated=False
  geometry: cube=[0.32   0.075  0.0199], tcp=[0.3097 0.072  0.0083], gripper_pos=1.7
step= 60 | action=[[ 1.000e-03 -3.000e-03 -1.400e-02  1.444e+00]] | reward=0.0 | terminated=False | truncated=False
  geometry: cube=[0.32   0.075  0.0199], tcp=[0.3127 0.0738 0.0113], gripper_pos=122.7
step= 70 | action=[[0.001 0.    0.444 0.994]] | reward=0.0 | terminated=False | truncated=False
  geometry: cube=[0.3146 0.0748 0.0249], tcp=[0.3097 0.0748 0.0219], gripper_pos=253.4
step= 79 | action=[[-0.     0.     0.516  0.999]] | reward=1.0 | terminated=True | truncated=False
  geometry: cube=[0.3155 0.0739 0.1291], tcp=[0.3105 0.0739 0.1261], gripper_pos=238.2

Episode finished: success=True, steps=79, reward=1.0, time=7.83s, max_gripper=2.064, z_range=[-0.563, 0.519]

============================================================
Episode 3/8
============================================================
Scheduled cube position: {'episode_index': 2, 'x': 0.36, 'y': -0.075, 'z': 0.02}
step=  1 | action=[[ 0.01   0.005 -0.026  1.003]] | reward=0.0 | terminated=False | truncated=False
  geometry: cube=[ 0.36   -0.075   0.0199], tcp=[0.4019 0.     0.0775], gripper_pos=0.7
step= 10 | action=[[-0.058  0.003 -0.038  1.004]] | reward=0.0 | terminated=False | truncated=False
  geometry: cube=[ 0.36   -0.075   0.0199], tcp=[0.4017 0.0013 0.0713], gripper_pos=5.0
step= 20 | action=[[-0.278  0.002 -0.015  0.987]] | reward=0.0 | terminated=False | truncated=False
  geometry: cube=[ 0.36   -0.075   0.0199], tcp=[0.3443 0.0016 0.0695], gripper_pos=0.0
step= 30 | action=[[ 0.002  0.001 -0.001  0.998]] | reward=0.0 | terminated=False | truncated=False
  geometry: cube=[ 0.36   -0.075   0.0199], tcp=[0.2963 0.0021 0.0701], gripper_pos=0.0
step= 40 | action=[[ 0.004 -0.02  -0.022  0.99 ]] | reward=0.0 | terminated=False | truncated=False
  geometry: cube=[ 0.36   -0.075   0.0199], tcp=[0.2976 0.0008 0.064 ], gripper_pos=0.0
step= 50 | action=[[ 0.002 -0.003 -0.011  0.987]] | reward=0.0 | terminated=False | truncated=False
  geometry: cube=[ 0.36   -0.075   0.0199], tcp=[ 0.3034 -0.0007  0.0581], gripper_pos=0.0
step= 60 | action=[[ 0.001 -0.003 -0.001  0.991]] | reward=0.0 | terminated=False | truncated=False
  geometry: cube=[ 0.36   -0.075   0.0199], tcp=[ 0.3075 -0.0011  0.0555], gripper_pos=0.0
step= 70 | action=[[ 0.    -0.     0.006  0.991]] | reward=0.0 | terminated=False | truncated=False
  geometry: cube=[ 0.36   -0.075   0.0199], tcp=[ 0.3123 -0.0011  0.054 ], gripper_pos=0.0
step= 80 | action=[[ 0.003 -0.002  0.001  0.994]] | reward=0.0 | terminated=False | truncated=False
  geometry: cube=[ 0.36   -0.075   0.0199], tcp=[ 0.3196 -0.001   0.0526], gripper_pos=0.0
step= 90 | action=[[ 0.001 -0.006  0.004  0.993]] | reward=0.0 | terminated=False | truncated=False
  geometry: cube=[ 0.36   -0.075   0.0199], tcp=[ 0.328  -0.0008  0.0548], gripper_pos=0.0
step=100 | action=[[-0.     0.002  0.018  0.994]] | reward=0.0 | terminated=False | truncated=True
  geometry: cube=[ 0.36   -0.075   0.0199], tcp=[ 0.3303 -0.0008  0.0575], gripper_pos=0.0

Episode finished: success=False, steps=100, reward=0.0, time=9.93s, max_gripper=1.012, z_range=[-0.061, 0.022]

============================================================
Episode 4/8
============================================================
Scheduled cube position: {'episode_index': 3, 'x': 0.36, 'y': 0.075, 'z': 0.02}
step=  1 | action=[[ 5.000e-03  1.000e-03 -1.400e-02  1.004e+00]] | reward=0.0 | terminated=False | truncated=False
  geometry: cube=[0.36   0.075  0.0199], tcp=[0.4018 0.     0.0776], gripper_pos=0.9
step= 10 | action=[[-0.213  0.002 -0.005  1.004]] | reward=0.0 | terminated=False | truncated=False
  geometry: cube=[0.36   0.075  0.0199], tcp=[0.3923 0.0004 0.074 ], gripper_pos=1.1
step= 20 | action=[[-1.600e-02  1.000e-03 -1.200e-02  1.003e+00]] | reward=0.0 | terminated=False | truncated=False
  geometry: cube=[0.36   0.075  0.0199], tcp=[0.337  0.0007 0.0741], gripper_pos=0.9
step= 30 | action=[[ 0.001  0.002 -0.015  0.997]] | reward=0.0 | terminated=False | truncated=False
  geometry: cube=[0.36   0.075  0.0199], tcp=[0.3368 0.001  0.0718], gripper_pos=0.0
step= 40 | action=[[-0.003  0.272  0.007  0.984]] | reward=0.0 | terminated=False | truncated=False
  geometry: cube=[0.36   0.075  0.0199], tcp=[0.3366 0.0335 0.0726], gripper_pos=0.0
step= 50 | action=[[0.000e+00 1.000e-03 2.700e-02 1.004e+00]] | reward=0.0 | terminated=False | truncated=False
  geometry: cube=[0.36   0.075  0.0199], tcp=[0.3363 0.0693 0.0733], gripper_pos=4.1
step= 60 | action=[[-1.000e-03  0.000e+00 -5.530e-01  1.003e+00]] | reward=0.0 | terminated=False | truncated=False
  geometry: cube=[0.36   0.075  0.0199], tcp=[0.3339 0.0694 0.0101], gripper_pos=0.8
step= 70 | action=[[ 1.000e-03  3.000e-03 -5.360e-01  1.007e+00]] | reward=0.0 | terminated=False | truncated=False
  geometry: cube=[0.36   0.075  0.0199], tcp=[0.3361 0.07   0.008 ], gripper_pos=6.4
step= 80 | action=[[ 1.000e-03  3.000e-03 -5.320e-01  1.009e+00]] | reward=0.0 | terminated=False | truncated=False
  geometry: cube=[0.36   0.075  0.0199], tcp=[0.3361 0.0702 0.008 ], gripper_pos=12.2
step= 90 | action=[[ 0.002  0.003 -0.534  1.009]] | reward=0.0 | terminated=False | truncated=False
  geometry: cube=[0.36   0.075  0.0199], tcp=[0.3362 0.0704 0.008 ], gripper_pos=15.4
step=100 | action=[[ 1.000e-03  3.000e-03 -5.420e-01  1.008e+00]] | reward=0.0 | terminated=False | truncated=True
  geometry: cube=[0.36   0.075  0.0199], tcp=[0.3364 0.0706 0.008 ], gripper_pos=16.0

Episode finished: success=False, steps=100, reward=0.0, time=9.94s, max_gripper=1.017, z_range=[-0.557, 0.027]

============================================================
Episode 5/8
============================================================
Scheduled cube position: {'episode_index': 4, 'x': 0.44, 'y': -0.075, 'z': 0.02}
step=  1 | action=[[ 0.006  0.005 -0.047  1.002]] | reward=0.0 | terminated=False | truncated=False
  geometry: cube=[ 0.44   -0.075   0.0199], tcp=[4.018e-01 1.000e-04 7.720e-02], gripper_pos=0.4
step= 10 | action=[[-0.071  0.006  0.016  1.003]] | reward=0.0 | terminated=False | truncated=False
  geometry: cube=[ 0.44   -0.075   0.0199], tcp=[0.3968 0.0014 0.0738], gripper_pos=4.0
step= 20 | action=[[-0.255  0.003 -0.004  0.995]] | reward=0.0 | terminated=False | truncated=False
  geometry: cube=[ 0.44   -0.075   0.0199], tcp=[0.3426 0.0024 0.0763], gripper_pos=0.0
step= 30 | action=[[-0.013 -0.002  0.002  0.989]] | reward=0.0 | terminated=False | truncated=False
  geometry: cube=[ 0.44   -0.075   0.0199], tcp=[0.2886 0.0037 0.0778], gripper_pos=0.0
step= 40 | action=[[ 0.001 -0.001 -0.017  0.996]] | reward=0.0 | terminated=False | truncated=False
  geometry: cube=[ 0.44   -0.075   0.0199], tcp=[0.2884 0.0037 0.0755], gripper_pos=0.0
step= 50 | action=[[ 0.002 -0.002 -0.007  0.997]] | reward=0.0 | terminated=False | truncated=False
  geometry: cube=[ 0.44   -0.075   0.0199], tcp=[0.2884 0.0026 0.0711], gripper_pos=0.0
step= 60 | action=[[ 0.002  0.    -0.003  0.996]] | reward=0.0 | terminated=False | truncated=False
  geometry: cube=[ 0.44   -0.075   0.0199], tcp=[0.2886 0.0028 0.0676], gripper_pos=0.0
step= 70 | action=[[ 0.002  0.002 -0.     0.995]] | reward=0.0 | terminated=False | truncated=False
  geometry: cube=[ 0.44   -0.075   0.0199], tcp=[0.2894 0.0031 0.065 ], gripper_pos=0.0
step= 80 | action=[[0.002 0.002 0.009 0.996]] | reward=0.0 | terminated=False | truncated=False
  geometry: cube=[ 0.44   -0.075   0.0199], tcp=[0.2891 0.0036 0.0649], gripper_pos=0.0
step= 90 | action=[[ 0.004 -0.002  0.001  0.994]] | reward=0.0 | terminated=False | truncated=False
  geometry: cube=[ 0.44   -0.075   0.0199], tcp=[0.2922 0.0037 0.0642], gripper_pos=0.0
step=100 | action=[[ 0.001 -0.002  0.002  0.994]] | reward=0.0 | terminated=False | truncated=True
  geometry: cube=[ 0.44   -0.075   0.0199], tcp=[0.2934 0.0034 0.0615], gripper_pos=0.0

Episode finished: success=False, steps=100, reward=0.0, time=9.93s, max_gripper=1.010, z_range=[-0.047, 0.027]

============================================================
Episode 6/8
============================================================
Scheduled cube position: {'episode_index': 5, 'x': 0.44, 'y': 0.075, 'z': 0.02}
step=  1 | action=[[-0.019  0.002 -0.009  0.991]] | reward=0.0 | terminated=False | truncated=False
  geometry: cube=[0.44   0.075  0.0199], tcp=[0.4016 0.     0.0776], gripper_pos=0.0
step= 10 | action=[[0.162 0.005 0.011 0.996]] | reward=0.0 | terminated=False | truncated=False
  geometry: cube=[0.44   0.075  0.0199], tcp=[0.4131 0.0014 0.0785], gripper_pos=0.0
step= 20 | action=[[-0.001  0.004  0.002  0.998]] | reward=0.0 | terminated=False | truncated=False
  geometry: cube=[0.44   0.075  0.0199], tcp=[0.4628 0.0025 0.0789], gripper_pos=0.0
step= 30 | action=[[0.001 0.005 0.    0.995]] | reward=0.0 | terminated=False | truncated=False
  geometry: cube=[0.44   0.075  0.0199], tcp=[0.4621 0.0036 0.0817], gripper_pos=0.0
step= 40 | action=[[0.001 0.005 0.    0.996]] | reward=0.0 | terminated=False | truncated=False
  geometry: cube=[0.44   0.075  0.0199], tcp=[0.4607 0.0047 0.085 ], gripper_pos=0.0
step= 50 | action=[[0.    0.005 0.003 0.995]] | reward=0.0 | terminated=False | truncated=False
  geometry: cube=[0.44   0.075  0.0199], tcp=[0.4586 0.0058 0.0893], gripper_pos=0.0
step= 60 | action=[[-0.006  0.011  0.009  0.997]] | reward=0.0 | terminated=False | truncated=False
  geometry: cube=[0.44   0.075  0.0199], tcp=[0.4536 0.007  0.0942], gripper_pos=0.0
step= 70 | action=[[-0.009  0.008  0.003  0.997]] | reward=0.0 | terminated=False | truncated=False
  geometry: cube=[0.44   0.075  0.0199], tcp=[0.4455 0.0091 0.1008], gripper_pos=0.0
step= 80 | action=[[-0.01   0.01   0.003  0.987]] | reward=0.0 | terminated=False | truncated=False
  geometry: cube=[0.44   0.075  0.0199], tcp=[0.44   0.0106 0.1035], gripper_pos=0.0
step= 90 | action=[[-0.005  0.241  0.014  0.993]] | reward=0.0 | terminated=False | truncated=False
  geometry: cube=[0.44   0.075  0.0199], tcp=[0.4372 0.0367 0.1085], gripper_pos=0.0
step=100 | action=[[-0.    -0.002  0.004  1.003]] | reward=0.0 | terminated=False | truncated=True
  geometry: cube=[0.44   0.075  0.0199], tcp=[0.4369 0.0639 0.1095], gripper_pos=4.5

Episode finished: success=False, steps=100, reward=0.0, time=9.93s, max_gripper=1.007, z_range=[-0.023, 0.045]

============================================================
Episode 7/8
============================================================
Scheduled cube position: {'episode_index': 6, 'x': 0.48, 'y': -0.075, 'z': 0.02}
step=  1 | action=[[ 1.000e-03  6.000e-03 -1.500e-02  1.008e+00]] | reward=0.0 | terminated=False | truncated=False
  geometry: cube=[ 0.48   -0.075   0.0199], tcp=[4.018e-01 1.000e-04 7.760e-02], gripper_pos=2.1
step= 10 | action=[[ 0.016  0.003 -0.019  1.005]] | reward=0.0 | terminated=False | truncated=False
  geometry: cube=[ 0.48   -0.075   0.0199], tcp=[0.4014 0.0011 0.0726], gripper_pos=11.0
step= 20 | action=[[0.157 0.002 0.005 0.991]] | reward=0.0 | terminated=False | truncated=False
  geometry: cube=[ 0.48   -0.075   0.0199], tcp=[0.4134 0.0015 0.0713], gripper_pos=0.0
step= 30 | action=[[ 0.196 -0.001  0.017  0.981]] | reward=0.0 | terminated=False | truncated=False
  geometry: cube=[ 0.48   -0.075   0.0199], tcp=[0.4785 0.0016 0.0701], gripper_pos=0.0
step= 40 | action=[[-0.002 -0.272  0.002  0.996]] | reward=0.0 | terminated=False | truncated=False
  geometry: cube=[ 0.48   -0.075   0.0199], tcp=[ 0.4863 -0.0237  0.0711], gripper_pos=3.7
step= 50 | action=[[-1.000e-03 -0.000e+00  1.500e-02  1.005e+00]] | reward=0.0 | terminated=False | truncated=False
  geometry: cube=[ 0.48   -0.075   0.0199], tcp=[ 0.4857 -0.07    0.0705], gripper_pos=3.7
step= 60 | action=[[-0.001  0.002 -0.525  0.987]] | reward=0.0 | terminated=False | truncated=False
  geometry: cube=[ 0.48   -0.075   0.0199], tcp=[ 0.4852 -0.0696  0.0081], gripper_pos=0.0
step= 70 | action=[[ 0.003 -0.004 -0.016  1.851]] | reward=0.0 | terminated=False | truncated=False
  geometry: cube=[ 0.4846 -0.071   0.0189], tcp=[ 0.4923 -0.0712  0.0165], gripper_pos=255.0
step= 80 | action=[[1.000e-03 1.000e-03 5.210e-01 1.006e+00]] | reward=0.0 | terminated=False | truncated=False
  geometry: cube=[ 0.4792 -0.0695  0.0609], tcp=[ 0.4869 -0.0696  0.0583], gripper_pos=252.0
step= 85 | action=[[0.001 0.001 0.517 0.999]] | reward=1.0 | terminated=True | truncated=False
  geometry: cube=[ 0.4795 -0.0695  0.1256], tcp=[ 0.4872 -0.0695  0.123 ], gripper_pos=249.3

Episode finished: success=True, steps=85, reward=1.0, time=8.43s, max_gripper=2.063, z_range=[-0.557, 0.521]

============================================================
Episode 8/8
============================================================
Scheduled cube position: {'episode_index': 7, 'x': 0.48, 'y': 0.075, 'z': 0.02}
step=  1 | action=[[1.000e-03 0.000e+00 3.000e-03 1.001e+00]] | reward=0.0 | terminated=False | truncated=False
  geometry: cube=[0.48   0.075  0.0199], tcp=[0.4018 0.     0.0778], gripper_pos=0.1
step= 10 | action=[[0.087 0.001 0.008 0.992]] | reward=0.0 | terminated=False | truncated=False
  geometry: cube=[0.48   0.075  0.0199], tcp=[0.403  0.0006 0.077 ], gripper_pos=0.0
step= 20 | action=[[ 0.285  0.001 -0.004  0.976]] | reward=0.0 | terminated=False | truncated=False
  geometry: cube=[0.48   0.075  0.0199], tcp=[0.4522 0.001  0.0766], gripper_pos=0.0
step= 30 | action=[[-0.003  0.27   0.008  0.987]] | reward=0.0 | terminated=False | truncated=False
  geometry: cube=[0.48   0.075  0.0199], tcp=[0.4789 0.0209 0.077 ], gripper_pos=0.0
step= 40 | action=[[-1.000e-03 -1.000e-03 -1.000e-03  1.001e+00]] | reward=0.0 | terminated=False | truncated=False
  geometry: cube=[0.48   0.075  0.0199], tcp=[0.4783 0.0683 0.0762], gripper_pos=0.8
step= 50 | action=[[-0.001  0.001 -0.561  1.   ]] | reward=0.0 | terminated=False | truncated=False
  geometry: cube=[0.48   0.075  0.0199], tcp=[0.477  0.0686 0.0092], gripper_pos=0.0
step= 60 | action=[[ 1.000e-03  0.000e+00 -7.000e-03  2.058e+00]] | reward=0.0 | terminated=False | truncated=False
  geometry: cube=[0.484  0.0705 0.0189], tcp=[0.4838 0.0704 0.0165], gripper_pos=255.0
step= 70 | action=[[0.    0.001 0.482 0.987]] | reward=0.0 | terminated=False | truncated=False
  geometry: cube=[0.4801 0.069  0.0332], tcp=[0.4798 0.069  0.0308], gripper_pos=251.5
step= 77 | action=[[0.001 0.001 0.518 0.995]] | reward=1.0 | terminated=True | truncated=False
  geometry: cube=[0.4805 0.0691 0.1209], tcp=[0.4802 0.0691 0.1185], gripper_pos=241.6

Episode finished: success=True, steps=77, reward=1.0, time=7.64s, max_gripper=2.061, z_range=[-0.561, 0.518]

============================================================
Evaluation summary
============================================================
Successes: 4/8
Success rate: 50.0%
