/home/wusanggg/Downloads/ENTER/envs/lerobot-xpu/lib/python3.12/site-packages/gymnasium/spaces/box.py:231: UserWarning: [33mWARN: Box low's precision lowered by casting to float32, current low.dtype=float64[0m
  gym.logger.warn(
/home/wusanggg/Downloads/ENTER/envs/lerobot-xpu/lib/python3.12/site-packages/gymnasium/spaces/box.py:297: UserWarning: [33mWARN: Box high's precision lowered by casting to float32, current high.dtype=float64[0m
  gym.logger.warn(
============================================================
Loading ACT policy
============================================================
Checkpoint: outputs/act_panda_day17_xy_preserved_endpoints_xy2_z2_liftz4_closew4_xpu_10500/checkpoints/010500/pretrained_model
Loading weights from local directory
Evaluation-only n_action_steps override: 5
Inference device: xpu
Policy: ACTPolicy
Device: xpu
Chunk size: 50
n_action_steps: 5
Gripper mode: policy
Keyboard controls:
  Arrow keys: Move in X-Y plane
  Shift and Shift_R: Move in Z axis
  O: Open gripper
  C: Close gripper
  Enter: End episode with SUCCESS
  Backspace: End episode with FAILURE
  Space: Start/Stop Intervention
  ESC: Exit
Home pose: configs/day11_home_x_centered.json
Initial TCP XYZ: [0.401855, -0.0, 0.077737]
Minimum TCP Z bound: 0.008
Position schedule: configs/day16_xy_development_positions.json

Environment observation space:
Dict('agent_pos': Box(-inf, inf, (18,), float32), 'pixels': Dict('front': Box(0, 255, (128, 128, 3), uint8), 'wrist': Box(0, 255, (128, 128, 3), uint8)))

Environment action space:
Box([-1. -1. -1.  0.], [1. 1. 1. 2.], (4,), float32)

============================================================
Episode 1/12
============================================================
Scheduled cube position: {'episode_index': 0, 'x': 0.36, 'y': -0.0375, 'z': 0.02}
step=  1 | action=[[ 0.003  0.002 -0.014  0.997]] | reward=0.0 | terminated=False | truncated=False
  geometry: cube=[ 0.36   -0.0375  0.0199], tcp=[0.4018 0.     0.0776], gripper_pos=0.0
step= 10 | action=[[-0.005  0.002 -0.008  1.001]] | reward=0.0 | terminated=False | truncated=False
  geometry: cube=[ 0.36   -0.0375  0.0199], tcp=[ 4.023e-01 -4.000e-04  7.540e-02], gripper_pos=0.4
step= 20 | action=[[-0.209  0.    -0.013  0.99 ]] | reward=0.0 | terminated=False | truncated=False
  geometry: cube=[ 0.36   -0.0375  0.0199], tcp=[ 0.3953 -0.0008  0.073 ], gripper_pos=3.4
step= 30 | action=[[-0.007 -0.016 -0.006  1.   ]] | reward=0.0 | terminated=False | truncated=False
  geometry: cube=[ 0.36   -0.0375  0.0199], tcp=[ 0.3447 -0.0015  0.0695], gripper_pos=0.0
step= 40 | action=[[-0.001 -0.253  0.006  0.995]] | reward=0.0 | terminated=False | truncated=False
  geometry: cube=[ 0.36   -0.0375  0.0199], tcp=[ 0.3431 -0.0575  0.0704], gripper_pos=0.0
step= 50 | action=[[-0.000e+00  1.000e-03  2.000e-03  1.002e+00]] | reward=0.0 | terminated=False | truncated=False
  geometry: cube=[ 0.36   -0.0375  0.0199], tcp=[ 0.343  -0.0695  0.0698], gripper_pos=0.4
step= 60 | action=[[-0.    -0.002 -0.014  1.002]] | reward=0.0 | terminated=False | truncated=False
  geometry: cube=[ 0.36   -0.0375  0.0199], tcp=[ 0.3428 -0.069   0.0664], gripper_pos=0.4
step= 70 | action=[[-0.    -0.002 -0.041  1.003]] | reward=0.0 | terminated=False | truncated=False
  geometry: cube=[ 0.36   -0.0375  0.0199], tcp=[ 0.3428 -0.0693  0.06  ], gripper_pos=3.1
step= 80 | action=[[-1.000e-03 -2.000e-03 -1.800e-02  1.003e+00]] | reward=0.0 | terminated=False | truncated=False
  geometry: cube=[ 0.36   -0.0375  0.0199], tcp=[ 0.3425 -0.0686  0.0539], gripper_pos=1.5
step= 90 | action=[[ 0.    -0.003 -0.031  1.002]] | reward=0.0 | terminated=False | truncated=False
  geometry: cube=[ 0.36   -0.0375  0.0199], tcp=[ 0.3424 -0.0689  0.0478], gripper_pos=3.6
step=100 | action=[[ 1.000e-03 -1.000e-03 -2.520e-01  1.004e+00]] | reward=0.0 | terminated=False | truncated=False
  geometry: cube=[ 0.3615 -0.0376  0.0179], tcp=[ 0.3466 -0.0665  0.0217], gripper_pos=8.0
step=110 | action=[[-1.000e-03 -2.000e-03 -5.070e-01  1.004e+00]] | reward=0.0 | terminated=False | truncated=False
  geometry: cube=[ 0.3621 -0.0377  0.0173], tcp=[ 0.3488 -0.0652  0.0216], gripper_pos=19.3
step=120 | action=[[ 0.    -0.001 -0.437  1.   ]] | reward=0.0 | terminated=False | truncated=False
  geometry: cube=[ 0.3621 -0.0378  0.0173], tcp=[ 0.3487 -0.0643  0.0219], gripper_pos=26.8
step=130 | action=[[-1.000e-03 -1.000e-03 -4.800e-01  1.001e+00]] | reward=0.0 | terminated=False | truncated=False
  geometry: cube=[ 0.362  -0.0379  0.0173], tcp=[ 0.3487 -0.0639  0.0221], gripper_pos=31.7
step=140 | action=[[-1.000e-03 -1.000e-03 -4.850e-01  1.002e+00]] | reward=0.0 | terminated=False | truncated=False
  geometry: cube=[ 0.362  -0.038   0.0173], tcp=[ 0.3487 -0.0633  0.0223], gripper_pos=37.6
step=150 | action=[[-0.001 -0.001 -0.497  0.999]] | reward=0.0 | terminated=False | truncated=True
  geometry: cube=[ 0.3619 -0.0381  0.0174], tcp=[ 0.3486 -0.0631  0.0225], gripper_pos=40.3

Episode finished: success=False, steps=150, reward=0.0, time=15.75s, max_gripper=1.009, z_range=[-0.526, 0.023]

============================================================
Episode 2/12
============================================================
Scheduled cube position: {'episode_index': 1, 'x': 0.36, 'y': 0.0375, 'z': 0.02}
step=  1 | action=[[ 0.006  0.    -0.001  0.996]] | reward=0.0 | terminated=False | truncated=False
  geometry: cube=[0.36   0.0375 0.0199], tcp=[0.4019 0.     0.0777], gripper_pos=0.0
step= 10 | action=[[-0.281  0.001 -0.011  0.985]] | reward=0.0 | terminated=False | truncated=False
  geometry: cube=[0.36   0.0375 0.0199], tcp=[3.848e-01 3.000e-04 7.660e-02], gripper_pos=0.0
step= 20 | action=[[ 0.01  -0.001 -0.013  0.998]] | reward=0.0 | terminated=False | truncated=False
  geometry: cube=[0.36   0.0375 0.0199], tcp=[0.3254 0.0004 0.0725], gripper_pos=0.0
step= 30 | action=[[ 0.042 -0.    -0.02   0.989]] | reward=0.0 | terminated=False | truncated=False
  geometry: cube=[0.36   0.0375 0.0199], tcp=[ 0.322  -0.0005  0.0674], gripper_pos=0.0
step= 40 | action=[[ 0.002 -0.003 -0.006  0.996]] | reward=0.0 | terminated=False | truncated=False
  geometry: cube=[0.36   0.0375 0.0199], tcp=[ 0.3627 -0.0011  0.0628], gripper_pos=0.0
step= 50 | action=[[ 0.005  0.069 -0.004  1.   ]] | reward=0.0 | terminated=False | truncated=False
  geometry: cube=[0.36   0.0375 0.0199], tcp=[3.549e-01 2.000e-04 6.030e-02], gripper_pos=7.1
step= 60 | action=[[ 0.002  0.19  -0.017  1.001]] | reward=0.0 | terminated=False | truncated=False
  geometry: cube=[0.36   0.0375 0.0199], tcp=[0.3545 0.0522 0.0594], gripper_pos=7.2
step= 70 | action=[[ 1.000e-03 -1.000e-03 -4.880e-01  1.011e+00]] | reward=0.0 | terminated=False | truncated=False
  geometry: cube=[0.3608 0.0439 0.0183], tcp=[0.3561 0.0575 0.02  ], gripper_pos=26.7
step= 80 | action=[[ 1.000e-03 -0.000e+00  5.000e-03  2.039e+00]] | reward=0.0 | terminated=False | truncated=False
  geometry: cube=[0.3639 0.0611 0.0196], tcp=[0.3602 0.0611 0.0164], gripper_pos=255.0
step= 90 | action=[[-0.003 -0.     0.073  0.993]] | reward=0.0 | terminated=False | truncated=False
  geometry: cube=[0.3685 0.0625 0.0202], tcp=[0.3648 0.0625 0.017 ], gripper_pos=253.3
step=100 | action=[[-1.000e-03 -1.000e-03  5.170e-01  1.001e+00]] | reward=1.0 | terminated=True | truncated=False
  geometry: cube=[0.3607 0.062  0.1214], tcp=[0.3569 0.062  0.1182], gripper_pos=254.4

Episode finished: success=True, steps=100, reward=1.0, time=9.94s, max_gripper=2.040, z_range=[-0.529, 0.519]

============================================================
Episode 3/12
============================================================
Scheduled cube position: {'episode_index': 2, 'x': 0.44, 'y': -0.0375, 'z': 0.02}
step=  1 | action=[[ 0.004 -0.002 -0.002  0.995]] | reward=0.0 | terminated=False | truncated=False
  geometry: cube=[ 0.44   -0.0375  0.0199], tcp=[ 0.4018 -0.      0.0777], gripper_pos=0.0
step= 10 | action=[[ 0.183 -0.003  0.013  0.995]] | reward=0.0 | terminated=False | truncated=False
  geometry: cube=[ 0.44   -0.0375  0.0199], tcp=[ 0.4347 -0.0007  0.0794], gripper_pos=0.0
step= 20 | action=[[ 0.026 -0.081  0.007  0.999]] | reward=0.0 | terminated=False | truncated=False
  geometry: cube=[ 0.44   -0.0375  0.0199], tcp=[ 0.4576 -0.0113  0.0794], gripper_pos=2.3
step= 30 | action=[[ 0.001 -0.169 -0.004  0.999]] | reward=0.0 | terminated=False | truncated=False
  geometry: cube=[ 0.44   -0.0375  0.0199], tcp=[ 0.459  -0.0718  0.0803], gripper_pos=0.0
step= 40 | action=[[-0.003  0.008  0.025  1.007]] | reward=0.0 | terminated=False | truncated=False
  geometry: cube=[ 0.44   -0.0375  0.0199], tcp=[ 0.4587 -0.0847  0.0822], gripper_pos=10.6
step= 50 | action=[[-1.000e-03  2.000e-03  1.000e-03  1.008e+00]] | reward=0.0 | terminated=False | truncated=False
  geometry: cube=[ 0.44   -0.0375  0.0199], tcp=[ 0.4583 -0.0807  0.0844], gripper_pos=24.0
step= 60 | action=[[-1.000e-03 -0.000e+00  5.000e-03  1.006e+00]] | reward=0.0 | terminated=False | truncated=False
  geometry: cube=[ 0.44   -0.0375  0.0199], tcp=[ 0.4579 -0.0792  0.087 ], gripper_pos=35.7
step= 70 | action=[[-1.000e-03  2.000e-03  5.000e-03  1.006e+00]] | reward=0.0 | terminated=False | truncated=False
  geometry: cube=[ 0.44   -0.0375  0.0199], tcp=[ 0.4576 -0.0787  0.0896], gripper_pos=44.3
step= 80 | action=[[-1.000e-03 -0.000e+00 -4.000e-03  1.006e+00]] | reward=0.0 | terminated=False | truncated=False
  geometry: cube=[ 0.44   -0.0375  0.0199], tcp=[ 0.4573 -0.0779  0.0911], gripper_pos=53.9
step= 90 | action=[[-1.000e-03  0.000e+00 -1.000e-03  1.004e+00]] | reward=0.0 | terminated=False | truncated=False
  geometry: cube=[ 0.44   -0.0375  0.0199], tcp=[ 0.4569 -0.0776  0.0913], gripper_pos=60.7
step=100 | action=[[-2.000e-03 -1.000e-03 -1.600e-02  1.006e+00]] | reward=0.0 | terminated=False | truncated=False
  geometry: cube=[ 0.44   -0.0375  0.0199], tcp=[ 0.4565 -0.0774  0.0922], gripper_pos=67.4
step=110 | action=[[-0.    -0.    -0.072  1.009]] | reward=0.0 | terminated=False | truncated=False
  geometry: cube=[ 0.44   -0.0375  0.0199], tcp=[ 0.4561 -0.0774  0.0842], gripper_pos=81.5
step=120 | action=[[ 0.     0.    -0.213  1.015]] | reward=0.0 | terminated=False | truncated=False
  geometry: cube=[ 0.44   -0.0375  0.0199], tcp=[ 0.4556 -0.0771  0.0636], gripper_pos=98.6
step=130 | action=[[ 1.000e-03 -2.000e-03 -5.190e-01  1.006e+00]] | reward=0.0 | terminated=False | truncated=False
  geometry: cube=[ 0.4447 -0.0412  0.0183], tcp=[ 0.4677 -0.0769  0.0211], gripper_pos=113.3
step=140 | action=[[-0.     0.     0.522  1.003]] | reward=0.0 | terminated=False | truncated=False
  geometry: cube=[ 0.4442 -0.035   0.0199], tcp=[ 0.459  -0.078   0.0592], gripper_pos=249.7
step=150 | action=[[0.002 0.002 0.074 0.988]] | reward=0.0 | terminated=False | truncated=True
  geometry: cube=[ 0.4442 -0.035   0.0199], tcp=[ 0.4574 -0.0777  0.1494], gripper_pos=229.9

Episode finished: success=False, steps=150, reward=0.0, time=14.93s, max_gripper=2.029, z_range=[-0.526, 0.522]

============================================================
Episode 4/12
============================================================
Scheduled cube position: {'episode_index': 3, 'x': 0.44, 'y': 0.0375, 'z': 0.02}
step=  1 | action=[[-0.01   0.004 -0.001  0.992]] | reward=0.0 | terminated=False | truncated=False
  geometry: cube=[0.44   0.0375 0.0199], tcp=[0.4017 0.     0.0777], gripper_pos=0.0
step= 10 | action=[[ 0.247 -0.003 -0.004  0.995]] | reward=0.0 | terminated=False | truncated=False
  geometry: cube=[0.44   0.0375 0.0199], tcp=[0.4139 0.     0.0776], gripper_pos=0.0
step= 20 | action=[[ 0.004 -0.007 -0.019  0.999]] | reward=0.0 | terminated=False | truncated=False
  geometry: cube=[0.44   0.0375 0.0199], tcp=[ 0.462  -0.0007  0.0735], gripper_pos=0.0
step= 30 | action=[[-0.007 -0.02  -0.013  0.99 ]] | reward=0.0 | terminated=False | truncated=False
  geometry: cube=[0.44   0.0375 0.0199], tcp=[ 0.4636 -0.0055  0.0716], gripper_pos=0.0
step= 40 | action=[[-0.001  0.083 -0.003  0.988]] | reward=0.0 | terminated=False | truncated=False
  geometry: cube=[0.44   0.0375 0.0199], tcp=[ 0.4618 -0.0136  0.0707], gripper_pos=0.0
step= 50 | action=[[ 0.001  0.279 -0.013  0.989]] | reward=0.0 | terminated=False | truncated=False
  geometry: cube=[0.44   0.0375 0.0199], tcp=[0.4616 0.0494 0.0688], gripper_pos=0.0
step= 60 | action=[[-0.    -0.003 -0.421  1.001]] | reward=0.0 | terminated=False | truncated=False
  geometry: cube=[0.4402 0.0379 0.0196], tcp=[0.4614 0.0668 0.0348], gripper_pos=4.1
step= 70 | action=[[ 0.002 -0.    -0.216  0.997]] | reward=0.0 | terminated=False | truncated=False
  geometry: cube=[0.4503 0.0375 0.0237], tcp=[0.4805 0.066  0.0218], gripper_pos=15.3
step= 80 | action=[[-0.002 -0.     0.13   0.998]] | reward=0.0 | terminated=False | truncated=False
  geometry: cube=[0.4558 0.0373 0.0257], tcp=[0.4831 0.0675 0.0231], gripper_pos=254.4
step= 90 | action=[[ 1.000e-03 -1.000e-03  6.000e-03  2.033e+00]] | reward=0.0 | terminated=False | truncated=False
  geometry: cube=[0.4534 0.0362 0.0245], tcp=[0.4794 0.0667 0.0237], gripper_pos=255.0
step=100 | action=[[ 2.000e-03 -2.000e-03  5.000e-03  2.016e+00]] | reward=0.0 | terminated=False | truncated=False
  geometry: cube=[0.4529 0.0357 0.0242], tcp=[0.4785 0.0662 0.024 ], gripper_pos=255.0
step=110 | action=[[ 2.000e-03 -0.000e+00  1.000e-03  1.983e+00]] | reward=0.0 | terminated=False | truncated=False
  geometry: cube=[0.4523 0.0353 0.0239], tcp=[0.4775 0.0657 0.0242], gripper_pos=255.0
step=120 | action=[[ 0.004  0.    -0.008  1.938]] | reward=0.0 | terminated=False | truncated=False
  geometry: cube=[0.4527 0.0353 0.0241], tcp=[0.4781 0.0658 0.0241], gripper_pos=255.0
step=130 | action=[[ 3.000e-03  1.000e-03 -3.000e-03  1.917e+00]] | reward=0.0 | terminated=False | truncated=False
  geometry: cube=[0.4526 0.0351 0.0241], tcp=[0.4779 0.0657 0.0242], gripper_pos=255.0
step=140 | action=[[ 3.000e-03  1.000e-03 -8.000e-03  1.881e+00]] | reward=0.0 | terminated=False | truncated=False
  geometry: cube=[0.4529 0.0351 0.0242], tcp=[0.4782 0.0658 0.0241], gripper_pos=255.0
step=150 | action=[[ 0.002 -0.     0.002  1.988]] | reward=0.0 | terminated=False | truncated=True
  geometry: cube=[0.4528 0.0349 0.0241], tcp=[0.478  0.0657 0.0243], gripper_pos=255.0

Episode finished: success=False, steps=150, reward=0.0, time=14.94s, max_gripper=2.036, z_range=[-0.524, 0.130]

============================================================
Episode 5/12
============================================================
Scheduled cube position: {'episode_index': 4, 'x': 0.36, 'y': -0.0375, 'z': 0.02}
step=  1 | action=[[ 0.003  0.002 -0.014  0.997]] | reward=0.0 | terminated=False | truncated=False
  geometry: cube=[ 0.36   -0.0375  0.0199], tcp=[0.4018 0.     0.0776], gripper_pos=0.0
step= 10 | action=[[-0.005  0.002 -0.008  1.001]] | reward=0.0 | terminated=False | truncated=False
  geometry: cube=[ 0.36   -0.0375  0.0199], tcp=[ 4.023e-01 -4.000e-04  7.540e-02], gripper_pos=0.4
step= 20 | action=[[-0.209  0.    -0.013  0.99 ]] | reward=0.0 | terminated=False | truncated=False
  geometry: cube=[ 0.36   -0.0375  0.0199], tcp=[ 0.3953 -0.0008  0.073 ], gripper_pos=3.4
step= 30 | action=[[-0.    -0.163 -0.009  1.003]] | reward=0.0 | terminated=False | truncated=False
  geometry: cube=[ 0.36   -0.0375  0.0199], tcp=[ 0.3528 -0.0075  0.0697], gripper_pos=0.7
step= 40 | action=[[-0.    -0.009 -0.055  0.999]] | reward=0.0 | terminated=False | truncated=False
  geometry: cube=[ 0.36   -0.0375  0.0199], tcp=[ 0.3523 -0.0541  0.07  ], gripper_pos=0.0
step= 50 | action=[[ 0.    -0.005 -0.007  1.003]] | reward=0.0 | terminated=False | truncated=False
  geometry: cube=[ 0.36   -0.0375  0.0199], tcp=[ 0.3523 -0.0569  0.0674], gripper_pos=6.6
step= 60 | action=[[ 0.    -0.003 -0.02   1.003]] | reward=0.0 | terminated=False | truncated=False
  geometry: cube=[ 0.36   -0.0375  0.0199], tcp=[ 0.3522 -0.0578  0.0645], gripper_pos=10.6
step= 70 | action=[[ 0.    -0.003 -0.049  1.004]] | reward=0.0 | terminated=False | truncated=False
  geometry: cube=[ 0.36   -0.0375  0.0199], tcp=[ 0.3521 -0.0584  0.0573], gripper_pos=20.9
step= 80 | action=[[-0.    -0.003 -0.047  1.003]] | reward=0.0 | terminated=False | truncated=False
  geometry: cube=[ 0.3601 -0.0375  0.0196], tcp=[ 0.3522 -0.0586  0.0472], gripper_pos=28.3
step= 90 | action=[[ 0.000e+00 -1.000e-03 -2.520e-01  1.011e+00]] | reward=0.0 | terminated=False | truncated=False
  geometry: cube=[ 0.3598 -0.0422  0.0198], tcp=[ 0.3521 -0.0565  0.0303], gripper_pos=42.6
step=100 | action=[[0.    0.    0.003 2.043]] | reward=0.0 | terminated=False | truncated=False
  geometry: cube=[ 0.3625 -0.0572  0.0216], tcp=[ 0.3553 -0.0574  0.0165], gripper_pos=255.0
step=110 | action=[[ 1.000e-03 -0.000e+00  5.180e-01  1.001e+00]] | reward=0.0 | terminated=False | truncated=False
  geometry: cube=[ 0.361  -0.059   0.0897], tcp=[ 0.3538 -0.0592  0.0847], gripper_pos=253.2
step=113 | action=[[-0.    -0.001  0.517  0.999]] | reward=1.0 | terminated=True | truncated=False
  geometry: cube=[ 0.3612 -0.059   0.1284], tcp=[ 0.354  -0.0592  0.1234], gripper_pos=252.5

Episode finished: success=True, steps=113, reward=1.0, time=11.24s, max_gripper=2.044, z_range=[-0.535, 0.518]

============================================================
Episode 6/12
============================================================
Scheduled cube position: {'episode_index': 5, 'x': 0.36, 'y': 0.0375, 'z': 0.02}
step=  1 | action=[[ 0.006  0.    -0.001  0.996]] | reward=0.0 | terminated=False | truncated=False
  geometry: cube=[0.36   0.0375 0.0199], tcp=[0.4019 0.     0.0777], gripper_pos=0.0
step= 10 | action=[[-0.281  0.001 -0.011  0.985]] | reward=0.0 | terminated=False | truncated=False
  geometry: cube=[0.36   0.0375 0.0199], tcp=[3.848e-01 3.000e-04 7.660e-02], gripper_pos=0.0
step= 20 | action=[[ 0.01  -0.001 -0.013  0.998]] | reward=0.0 | terminated=False | truncated=False
  geometry: cube=[0.36   0.0375 0.0199], tcp=[0.3254 0.0004 0.0725], gripper_pos=0.0
step= 30 | action=[[ 0.042 -0.    -0.02   0.989]] | reward=0.0 | terminated=False | truncated=False
  geometry: cube=[0.36   0.0375 0.0199], tcp=[ 0.322  -0.0005  0.0674], gripper_pos=0.0
step= 40 | action=[[ 0.002 -0.003 -0.006  0.996]] | reward=0.0 | terminated=False | truncated=False
  geometry: cube=[0.36   0.0375 0.0199], tcp=[ 0.3627 -0.0011  0.0628], gripper_pos=0.0
step= 50 | action=[[5.000e-03 4.700e-02 1.000e-03 1.001e+00]] | reward=0.0 | terminated=False | truncated=False
  geometry: cube=[0.36   0.0375 0.0199], tcp=[0.3545 0.0004 0.0616], gripper_pos=10.5
step= 60 | action=[[ 0.003  0.252 -0.022  1.   ]] | reward=0.0 | terminated=False | truncated=False
  geometry: cube=[0.36   0.0375 0.0199], tcp=[0.3531 0.0514 0.0601], gripper_pos=3.9
step= 70 | action=[[-0.     0.    -0.338  1.005]] | reward=0.0 | terminated=False | truncated=False
  geometry: cube=[0.3618 0.0436 0.0178], tcp=[0.3574 0.0559 0.0187], gripper_pos=14.9
step= 80 | action=[[ 3.000e-03 -1.000e-03 -1.460e-01  1.144e+00]] | reward=0.0 | terminated=False | truncated=False
  geometry: cube=[0.3604 0.0476 0.0201], tcp=[0.3556 0.0622 0.0102], gripper_pos=70.7
step= 90 | action=[[-0.001  0.     0.292  0.999]] | reward=0.0 | terminated=False | truncated=False
  geometry: cube=[0.3611 0.0619 0.0219], tcp=[0.3563 0.062  0.0178], gripper_pos=254.4
step= 99 | action=[[ 0.    -0.     0.519  1.001]] | reward=1.0 | terminated=True | truncated=False
  geometry: cube=[0.3606 0.0628 0.1244], tcp=[0.3557 0.0629 0.1204], gripper_pos=255.0

Episode finished: success=True, steps=99, reward=1.0, time=9.83s, max_gripper=2.040, z_range=[-0.537, 0.522]

============================================================
Episode 7/12
============================================================
Scheduled cube position: {'episode_index': 6, 'x': 0.44, 'y': -0.0375, 'z': 0.02}
step=  1 | action=[[ 0.004 -0.002 -0.002  0.995]] | reward=0.0 | terminated=False | truncated=False
  geometry: cube=[ 0.44   -0.0375  0.0199], tcp=[ 0.4018 -0.      0.0777], gripper_pos=0.0
step= 10 | action=[[ 0.183 -0.003  0.013  0.995]] | reward=0.0 | terminated=False | truncated=False
  geometry: cube=[ 0.44   -0.0375  0.0199], tcp=[ 0.4347 -0.0007  0.0794], gripper_pos=0.0
step= 20 | action=[[ 0.026 -0.081  0.007  0.999]] | reward=0.0 | terminated=False | truncated=False
  geometry: cube=[ 0.44   -0.0375  0.0199], tcp=[ 0.4576 -0.0113  0.0794], gripper_pos=2.3
step= 30 | action=[[ 0.001 -0.169 -0.004  0.999]] | reward=0.0 | terminated=False | truncated=False
  geometry: cube=[ 0.44   -0.0375  0.0199], tcp=[ 0.459  -0.0718  0.0803], gripper_pos=0.0
step= 40 | action=[[-0.002  0.007  0.023  1.007]] | reward=0.0 | terminated=False | truncated=False
  geometry: cube=[ 0.44   -0.0375  0.0199], tcp=[ 0.4587 -0.0849  0.0823], gripper_pos=9.8
step= 50 | action=[[-1.000e-03  1.000e-03  1.000e-03  1.007e+00]] | reward=0.0 | terminated=False | truncated=False
  geometry: cube=[ 0.44   -0.0375  0.0199], tcp=[ 0.4583 -0.0807  0.0844], gripper_pos=24.0
step= 60 | action=[[-1.000e-03 -0.000e+00  1.700e-02  1.006e+00]] | reward=0.0 | terminated=False | truncated=False
  geometry: cube=[ 0.44   -0.0375  0.0199], tcp=[ 0.458  -0.0792  0.0877], gripper_pos=35.6
step= 70 | action=[[-0.002  0.003  0.011  1.008]] | reward=0.0 | terminated=False | truncated=False
  geometry: cube=[ 0.44   -0.0375  0.0199], tcp=[ 0.4577 -0.078   0.0888], gripper_pos=48.2
step= 80 | action=[[-1.000e-03  0.000e+00  2.000e-03  1.005e+00]] | reward=0.0 | terminated=False | truncated=False
  geometry: cube=[ 0.44   -0.0375  0.0199], tcp=[ 0.4572 -0.0765  0.0917], gripper_pos=60.4
step= 90 | action=[[-1.000e-03  0.000e+00 -1.200e-02  1.006e+00]] | reward=0.0 | terminated=False | truncated=False
  geometry: cube=[ 0.44   -0.0375  0.0199], tcp=[ 0.4568 -0.0758  0.0907], gripper_pos=71.2
step=100 | action=[[-1.000e-03 -2.000e-03 -3.900e-02  1.008e+00]] | reward=0.0 | terminated=False | truncated=False
  geometry: cube=[ 0.44   -0.0375  0.0199], tcp=[ 0.4564 -0.0763  0.0871], gripper_pos=84.8
step=110 | action=[[-1.000e-03 -1.000e-03 -0.000e+00  1.005e+00]] | reward=0.0 | terminated=False | truncated=False
  geometry: cube=[ 0.44   -0.0375  0.0199], tcp=[ 0.456  -0.0763  0.0881], gripper_pos=94.8
step=120 | action=[[-1.000e-03 -1.000e-03 -2.000e-02  1.007e+00]] | reward=0.0 | terminated=False | truncated=False
  geometry: cube=[ 0.44   -0.0375  0.0199], tcp=[ 0.4556 -0.0765  0.0898], gripper_pos=109.5
step=130 | action=[[ 3.000e-03 -1.000e-03 -1.720e-01  1.003e+00]] | reward=0.0 | terminated=False | truncated=False
  geometry: cube=[ 0.44   -0.0375  0.0199], tcp=[ 0.4548 -0.0766  0.0565], gripper_pos=113.7
step=140 | action=[[-0.001  0.001 -0.202  0.983]] | reward=0.0 | terminated=False | truncated=False
  geometry: cube=[ 0.443  -0.0396  0.0191], tcp=[ 0.4619 -0.075   0.0189], gripper_pos=250.7
step=150 | action=[[-0.003  0.002  0.215  0.992]] | reward=0.0 | terminated=False | truncated=True
  geometry: cube=[ 0.4426 -0.0391  0.0206], tcp=[ 0.4602 -0.0741  0.0209], gripper_pos=251.7

Episode finished: success=False, steps=150, reward=0.0, time=14.94s, max_gripper=2.005, z_range=[-0.498, 0.215]

============================================================
Episode 8/12
============================================================
Scheduled cube position: {'episode_index': 7, 'x': 0.44, 'y': 0.0375, 'z': 0.02}
step=  1 | action=[[-0.01   0.004 -0.001  0.992]] | reward=0.0 | terminated=False | truncated=False
  geometry: cube=[0.44   0.0375 0.0199], tcp=[0.4017 0.     0.0777], gripper_pos=0.0
step= 10 | action=[[ 0.247 -0.003 -0.004  0.995]] | reward=0.0 | terminated=False | truncated=False
  geometry: cube=[0.44   0.0375 0.0199], tcp=[0.4139 0.     0.0776], gripper_pos=0.0
step= 20 | action=[[ 0.004 -0.006 -0.019  0.999]] | reward=0.0 | terminated=False | truncated=False
  geometry: cube=[0.44   0.0375 0.0199], tcp=[ 0.462  -0.0007  0.0735], gripper_pos=0.0
step= 30 | action=[[-0.     0.003 -0.008  0.981]] | reward=0.0 | terminated=False | truncated=False
  geometry: cube=[0.44   0.0375 0.0199], tcp=[ 0.4648 -0.0045  0.0712], gripper_pos=0.0
step= 40 | action=[[-0.015  0.191 -0.022  0.996]] | reward=0.0 | terminated=False | truncated=False
  geometry: cube=[0.44   0.0375 0.0199], tcp=[0.4608 0.0206 0.0674], gripper_pos=0.0
step= 50 | action=[[-1.000e-03 -2.000e-03 -3.200e-02  1.005e+00]] | reward=0.0 | terminated=False | truncated=False
  geometry: cube=[0.44   0.0375 0.0199], tcp=[0.4607 0.0695 0.0633], gripper_pos=3.1
step= 60 | action=[[ 1.000e-03 -1.000e-03 -5.170e-01  1.006e+00]] | reward=0.0 | terminated=False | truncated=False
  geometry: cube=[0.4454 0.0384 0.0192], tcp=[0.471  0.0661 0.0205], gripper_pos=27.4
step= 70 | action=[[ 1.000e-03 -0.000e+00 -8.600e-02  1.096e+00]] | reward=0.0 | terminated=False | truncated=False
  geometry: cube=[0.458  0.0385 0.0257], tcp=[0.4848 0.0673 0.0229], gripper_pos=255.0
step= 80 | action=[[ 0.    -0.     0.007  2.038]] | reward=0.0 | terminated=False | truncated=False
  geometry: cube=[0.4566 0.0375 0.0254], tcp=[0.4824 0.0678 0.0228], gripper_pos=255.0
step= 90 | action=[[ 1.000e-03 -0.000e+00  4.000e-03  2.012e+00]] | reward=0.0 | terminated=False | truncated=False
  geometry: cube=[0.4554 0.0368 0.0249], tcp=[0.4806 0.0673 0.0233], gripper_pos=255.0
step=100 | action=[[ 0.004 -0.    -0.047  1.719]] | reward=0.0 | terminated=False | truncated=False
  geometry: cube=[0.4559 0.0366 0.025 ], tcp=[0.4811 0.0672 0.0229], gripper_pos=255.0
step=110 | action=[[ 0.    -0.     0.007  2.037]] | reward=0.0 | terminated=False | truncated=False
  geometry: cube=[0.4569 0.0367 0.0254], tcp=[0.4828 0.0678 0.0226], gripper_pos=255.0
step=120 | action=[[ 1.000e-03 -1.000e-03  3.000e-03  2.026e+00]] | reward=0.0 | terminated=False | truncated=False
  geometry: cube=[0.4556 0.0362 0.0249], tcp=[0.481  0.0673 0.0231], gripper_pos=255.0
step=130 | action=[[ 1.000e-03 -0.000e+00  4.000e-03  2.028e+00]] | reward=0.0 | terminated=False | truncated=False
  geometry: cube=[0.4549 0.0358 0.0246], tcp=[0.4798 0.067  0.0235], gripper_pos=255.0
step=140 | action=[[ 2.000e-03 -1.000e-03  2.000e-03  2.011e+00]] | reward=0.0 | terminated=False | truncated=False
  geometry: cube=[0.4543 0.0354 0.0243], tcp=[0.4788 0.0666 0.0238], gripper_pos=255.0
step=150 | action=[[ 2.000e-03  1.000e-03 -6.000e-03  1.886e+00]] | reward=0.0 | terminated=False | truncated=True
  geometry: cube=[0.454  0.0353 0.0241], tcp=[0.4784 0.0665 0.0238], gripper_pos=255.0

Episode finished: success=False, steps=150, reward=0.0, time=14.93s, max_gripper=2.041, z_range=[-0.517, 0.027]

============================================================
Episode 9/12
============================================================
Scheduled cube position: {'episode_index': 8, 'x': 0.36, 'y': -0.0375, 'z': 0.02}
step=  1 | action=[[ 0.003  0.002 -0.014  0.997]] | reward=0.0 | terminated=False | truncated=False
  geometry: cube=[ 0.36   -0.0375  0.0199], tcp=[0.4018 0.     0.0776], gripper_pos=0.0
step= 10 | action=[[-0.005  0.002 -0.008  1.001]] | reward=0.0 | terminated=False | truncated=False
  geometry: cube=[ 0.36   -0.0375  0.0199], tcp=[ 4.023e-01 -4.000e-04  7.540e-02], gripper_pos=0.4
step= 20 | action=[[-0.209  0.    -0.013  0.99 ]] | reward=0.0 | terminated=False | truncated=False
  geometry: cube=[ 0.36   -0.0375  0.0199], tcp=[ 0.3953 -0.0008  0.073 ], gripper_pos=3.4
step= 30 | action=[[-0.007 -0.016 -0.006  1.   ]] | reward=0.0 | terminated=False | truncated=False
  geometry: cube=[ 0.36   -0.0375  0.0199], tcp=[ 0.3447 -0.0015  0.0695], gripper_pos=0.0
step= 40 | action=[[-0.001 -0.253  0.006  0.995]] | reward=0.0 | terminated=False | truncated=False
  geometry: cube=[ 0.36   -0.0375  0.0199], tcp=[ 0.3431 -0.0575  0.0703], gripper_pos=0.0
step= 50 | action=[[-0.000e+00  1.000e-03  2.000e-03  1.002e+00]] | reward=0.0 | terminated=False | truncated=False
  geometry: cube=[ 0.36   -0.0375  0.0199], tcp=[ 0.343  -0.0694  0.0699], gripper_pos=1.1
step= 60 | action=[[ 0.000e+00 -1.000e-03 -5.000e-03  1.002e+00]] | reward=0.0 | terminated=False | truncated=False
  geometry: cube=[ 0.36   -0.0375  0.0199], tcp=[ 0.3429 -0.0684  0.0674], gripper_pos=0.8
step= 70 | action=[[-0.    -0.004 -0.048  1.001]] | reward=0.0 | terminated=False | truncated=False
  geometry: cube=[ 0.36   -0.0375  0.0199], tcp=[ 0.3427 -0.0689  0.0591], gripper_pos=0.3
step= 80 | action=[[-0.    -0.003 -0.034  1.   ]] | reward=0.0 | terminated=False | truncated=False
  geometry: cube=[ 0.36   -0.0375  0.0199], tcp=[ 0.3426 -0.0685  0.0505], gripper_pos=2.3
step= 90 | action=[[ 1.000e-03 -1.000e-03 -2.080e-01  1.007e+00]] | reward=0.0 | terminated=False | truncated=False
  geometry: cube=[ 0.3601 -0.0377  0.0197], tcp=[ 0.3428 -0.0673  0.0322], gripper_pos=6.3
step=100 | action=[[-1.000e-03 -2.000e-03 -4.690e-01  1.003e+00]] | reward=0.0 | terminated=False | truncated=False
  geometry: cube=[ 0.3622 -0.0379  0.0173], tcp=[ 0.3487 -0.0656  0.0213], gripper_pos=12.6
step=110 | action=[[-1.000e-03 -1.000e-03 -5.170e-01  1.005e+00]] | reward=0.0 | terminated=False | truncated=False
  geometry: cube=[ 0.3621 -0.038   0.0173], tcp=[ 0.3486 -0.0645  0.0217], gripper_pos=24.3
step=120 | action=[[-0.000e+00 -1.000e-03 -4.730e-01  1.001e+00]] | reward=0.0 | terminated=False | truncated=False
  geometry: cube=[ 0.3621 -0.0381  0.0173], tcp=[ 0.3486 -0.0638  0.022 ], gripper_pos=30.4
step=130 | action=[[-1.000e-03 -1.000e-03 -4.940e-01  1.001e+00]] | reward=0.0 | terminated=False | truncated=False
  geometry: cube=[ 0.362  -0.0382  0.0173], tcp=[ 0.3485 -0.0634  0.0222], gripper_pos=35.0
step=140 | action=[[-0.000e+00 -1.000e-03 -4.660e-01  1.001e+00]] | reward=0.0 | terminated=False | truncated=False
  geometry: cube=[ 0.362  -0.0383  0.0173], tcp=[ 0.3485 -0.0629  0.0224], gripper_pos=39.7
step=150 | action=[[-0.    -0.001 -0.474  0.999]] | reward=0.0 | terminated=False | truncated=True
  geometry: cube=[ 0.3619 -0.0384  0.0174], tcp=[ 0.3484 -0.0629  0.0225], gripper_pos=40.8

Episode finished: success=False, steps=150, reward=0.0, time=14.94s, max_gripper=1.009, z_range=[-0.528, 0.022]

============================================================
Episode 10/12
============================================================
Scheduled cube position: {'episode_index': 9, 'x': 0.36, 'y': 0.0375, 'z': 0.02}
step=  1 | action=[[ 0.006  0.    -0.001  0.996]] | reward=0.0 | terminated=False | truncated=False
  geometry: cube=[0.36   0.0375 0.0199], tcp=[0.4019 0.     0.0777], gripper_pos=0.0
step= 10 | action=[[-0.281  0.001 -0.011  0.985]] | reward=0.0 | terminated=False | truncated=False
  geometry: cube=[0.36   0.0375 0.0199], tcp=[3.848e-01 3.000e-04 7.660e-02], gripper_pos=0.0
step= 20 | action=[[ 0.01  -0.001 -0.013  0.998]] | reward=0.0 | terminated=False | truncated=False
  geometry: cube=[0.36   0.0375 0.0199], tcp=[0.3254 0.0004 0.0725], gripper_pos=0.0
step= 30 | action=[[ 0.042 -0.    -0.02   0.989]] | reward=0.0 | terminated=False | truncated=False
  geometry: cube=[0.36   0.0375 0.0199], tcp=[ 0.322  -0.0005  0.0674], gripper_pos=0.0
step= 40 | action=[[ 0.002 -0.003 -0.006  0.996]] | reward=0.0 | terminated=False | truncated=False
  geometry: cube=[0.36   0.0375 0.0199], tcp=[ 0.3627 -0.0011  0.0628], gripper_pos=0.0
step= 50 | action=[[ 0.005  0.069 -0.004  1.   ]] | reward=0.0 | terminated=False | truncated=False
  geometry: cube=[0.36   0.0375 0.0199], tcp=[3.549e-01 2.000e-04 6.030e-02], gripper_pos=7.1
step= 60 | action=[[ 0.002  0.187 -0.016  1.002]] | reward=0.0 | terminated=False | truncated=False
  geometry: cube=[0.36   0.0375 0.0199], tcp=[0.3545 0.0523 0.0594], gripper_pos=6.9
step= 70 | action=[[ 0.000e+00 -1.000e-03 -4.660e-01  1.007e+00]] | reward=0.0 | terminated=False | truncated=False
  geometry: cube=[0.3606 0.0436 0.0185], tcp=[0.3553 0.0578 0.02  ], gripper_pos=21.6
step= 80 | action=[[0.    0.    0.004 2.039]] | reward=0.0 | terminated=False | truncated=False
  geometry: cube=[0.3607 0.0589 0.0187], tcp=[0.3623 0.0564 0.0205], gripper_pos=255.0
step= 90 | action=[[-0.001  0.001  0.264  0.994]] | reward=0.0 | terminated=False | truncated=False
  geometry: cube=[0.3613 0.0618 0.0205], tcp=[0.3622 0.06   0.0247], gripper_pos=253.5
step=100 | action=[[-0.002 -0.003  0.057  1.003]] | reward=0.0 | terminated=False | truncated=False
  geometry: cube=[0.3607 0.0436 0.0199], tcp=[0.3556 0.0612 0.097 ], gripper_pos=243.9
step=110 | action=[[-1.000e-03 -4.000e-03  5.700e-02  1.003e+00]] | reward=0.0 | terminated=False | truncated=False
  geometry: cube=[0.3607 0.0436 0.0199], tcp=[0.355  0.06   0.1213], gripper_pos=241.7
step=120 | action=[[-1.000e-03 -1.000e-03  5.600e-02  1.002e+00]] | reward=0.0 | terminated=False | truncated=False
  geometry: cube=[0.3607 0.0436 0.0199], tcp=[0.355  0.0589 0.1435], gripper_pos=241.2
step=130 | action=[[-1.000e-03 -4.000e-03  1.230e-01  1.004e+00]] | reward=0.0 | terminated=False | truncated=False
  geometry: cube=[0.3607 0.0436 0.0199], tcp=[0.355  0.0569 0.1683], gripper_pos=246.6
step=140 | action=[[-0.    -0.008  0.152  1.   ]] | reward=0.0 | terminated=False | truncated=False
  geometry: cube=[0.3607 0.0436 0.0199], tcp=[0.3552 0.053  0.2052], gripper_pos=245.1
step=150 | action=[[ 0.002 -0.064  0.063  0.992]] | reward=0.0 | terminated=False | truncated=True
  geometry: cube=[0.3607 0.0436 0.0199], tcp=[0.3554 0.0362 0.2339], gripper_pos=223.6

Episode finished: success=False, steps=150, reward=0.0, time=14.94s, max_gripper=2.048, z_range=[-0.525, 0.517]

============================================================
Episode 11/12
============================================================
Scheduled cube position: {'episode_index': 10, 'x': 0.44, 'y': -0.0375, 'z': 0.02}
step=  1 | action=[[ 0.004 -0.002 -0.002  0.995]] | reward=0.0 | terminated=False | truncated=False
  geometry: cube=[ 0.44   -0.0375  0.0199], tcp=[ 0.4018 -0.      0.0777], gripper_pos=0.0
step= 10 | action=[[ 0.183 -0.003  0.013  0.995]] | reward=0.0 | terminated=False | truncated=False
  geometry: cube=[ 0.44   -0.0375  0.0199], tcp=[ 0.4347 -0.0007  0.0794], gripper_pos=0.0
step= 20 | action=[[ 0.026 -0.083  0.006  0.999]] | reward=0.0 | terminated=False | truncated=False
  geometry: cube=[ 0.44   -0.0375  0.0199], tcp=[ 0.4575 -0.0115  0.0793], gripper_pos=2.3
step= 30 | action=[[ 0.001 -0.2   -0.005  0.998]] | reward=0.0 | terminated=False | truncated=False
  geometry: cube=[ 0.44   -0.0375  0.0199], tcp=[ 0.4591 -0.0712  0.0803], gripper_pos=0.0
step= 40 | action=[[-0.002  0.003  0.015  1.007]] | reward=0.0 | terminated=False | truncated=False
  geometry: cube=[ 0.44   -0.0375  0.0199], tcp=[ 0.4588 -0.0874  0.0816], gripper_pos=10.5
step= 50 | action=[[-1.000e-03  4.000e-03  5.000e-03  1.007e+00]] | reward=0.0 | terminated=False | truncated=False
  geometry: cube=[ 0.44   -0.0375  0.0199], tcp=[ 0.4584 -0.0823  0.0844], gripper_pos=24.6
step= 60 | action=[[-1.000e-03  1.000e-03  2.500e-02  1.005e+00]] | reward=0.0 | terminated=False | truncated=False
  geometry: cube=[ 0.44   -0.0375  0.0199], tcp=[ 0.4581 -0.08    0.0871], gripper_pos=36.5
step= 70 | action=[[-1.000e-03  2.000e-03  4.000e-03  1.006e+00]] | reward=0.0 | terminated=False | truncated=False
  geometry: cube=[ 0.44   -0.0375  0.0199], tcp=[ 0.4578 -0.0785  0.0884], gripper_pos=45.9
step= 80 | action=[[-2.000e-03  1.000e-03  1.200e-02  1.006e+00]] | reward=0.0 | terminated=False | truncated=False
  geometry: cube=[ 0.44   -0.0375  0.0199], tcp=[ 0.4574 -0.0773  0.0913], gripper_pos=56.2
step= 90 | action=[[-2.000e-03  1.000e-03 -3.000e-03  1.006e+00]] | reward=0.0 | terminated=False | truncated=False
  geometry: cube=[ 0.44   -0.0375  0.0199], tcp=[ 0.4571 -0.0766  0.0923], gripper_pos=65.2
step=100 | action=[[-1.000e-03 -1.000e-03 -2.100e-02  1.006e+00]] | reward=0.0 | terminated=False | truncated=False
  geometry: cube=[ 0.44   -0.0375  0.0199], tcp=[ 0.4566 -0.0768  0.0928], gripper_pos=76.7
step=110 | action=[[-2.000e-03 -1.000e-03  1.300e-02  1.004e+00]] | reward=0.0 | terminated=False | truncated=False
  geometry: cube=[ 0.44   -0.0375  0.0199], tcp=[ 0.4561 -0.077   0.0844], gripper_pos=85.7
step=120 | action=[[-1.000e-03 -1.000e-03  2.300e-02  1.006e+00]] | reward=0.0 | terminated=False | truncated=False
  geometry: cube=[ 0.44   -0.0375  0.0199], tcp=[ 0.4558 -0.077   0.0892], gripper_pos=98.1
step=130 | action=[[-1.000e-03  0.000e+00 -2.900e-02  1.005e+00]] | reward=0.0 | terminated=False | truncated=False
  geometry: cube=[ 0.44   -0.0375  0.0199], tcp=[ 0.4553 -0.0773  0.0915], gripper_pos=110.6
step=140 | action=[[ 0.003  0.    -0.176  1.002]] | reward=0.0 | terminated=False | truncated=False
  geometry: cube=[ 0.44   -0.0375  0.0199], tcp=[ 0.4543 -0.0773  0.0548], gripper_pos=111.7
step=150 | action=[[-0.001 -0.    -0.058  0.985]] | reward=0.0 | terminated=False | truncated=True
  geometry: cube=[ 0.443  -0.0402  0.0192], tcp=[ 0.4617 -0.0758  0.0188], gripper_pos=251.2

Episode finished: success=False, steps=150, reward=0.0, time=14.94s, max_gripper=2.026, z_range=[-0.490, 0.041]

============================================================
Episode 12/12
============================================================
Scheduled cube position: {'episode_index': 11, 'x': 0.44, 'y': 0.0375, 'z': 0.02}
step=  1 | action=[[-0.01   0.004 -0.001  0.992]] | reward=0.0 | terminated=False | truncated=False
  geometry: cube=[0.44   0.0375 0.0199], tcp=[0.4017 0.     0.0777], gripper_pos=0.0
step= 10 | action=[[ 0.247 -0.003 -0.004  0.995]] | reward=0.0 | terminated=False | truncated=False
  geometry: cube=[0.44   0.0375 0.0199], tcp=[0.4139 0.     0.0776], gripper_pos=0.0
step= 20 | action=[[ 0.004 -0.006 -0.019  0.999]] | reward=0.0 | terminated=False | truncated=False
  geometry: cube=[0.44   0.0375 0.0199], tcp=[ 0.462  -0.0007  0.0735], gripper_pos=0.0
step= 30 | action=[[-0.     0.003 -0.008  0.981]] | reward=0.0 | terminated=False | truncated=False
  geometry: cube=[0.44   0.0375 0.0199], tcp=[ 0.4648 -0.0045  0.0712], gripper_pos=0.0
step= 40 | action=[[-0.015  0.191 -0.022  0.996]] | reward=0.0 | terminated=False | truncated=False
  geometry: cube=[0.44   0.0375 0.0199], tcp=[0.4608 0.0206 0.0674], gripper_pos=0.0
step= 50 | action=[[-1.000e-03 -2.000e-03 -3.200e-02  1.004e+00]] | reward=0.0 | terminated=False | truncated=False
  geometry: cube=[0.44   0.0375 0.0199], tcp=[0.4607 0.0703 0.0634], gripper_pos=2.4
step= 60 | action=[[ 1.000e-03 -1.000e-03 -5.270e-01  1.004e+00]] | reward=0.0 | terminated=False | truncated=False
  geometry: cube=[0.4451 0.0383 0.019 ], tcp=[0.4704 0.0677 0.0201], gripper_pos=19.0
step= 70 | action=[[ 0.002  0.001 -0.228  0.987]] | reward=0.0 | terminated=False | truncated=False
  geometry: cube=[0.4532 0.0382 0.0247], tcp=[0.4836 0.0683 0.023 ], gripper_pos=41.1
step= 80 | action=[[ 1.000e-03 -0.000e+00  6.000e-03  2.032e+00]] | reward=0.0 | terminated=False | truncated=False
  geometry: cube=[0.4579 0.0392 0.0262], tcp=[0.4846 0.0691 0.0219], gripper_pos=255.0
step= 90 | action=[[ 0.    -0.     0.007  2.035]] | reward=0.0 | terminated=False | truncated=False
  geometry: cube=[0.4561 0.0391 0.0262], tcp=[0.4828 0.0689 0.0222], gripper_pos=255.0
step=100 | action=[[ 0.    -0.     0.005  2.035]] | reward=0.0 | terminated=False | truncated=False
  geometry: cube=[0.4544 0.0389 0.0262], tcp=[0.4811 0.0687 0.0226], gripper_pos=255.0
step=110 | action=[[ 0.000e+00 -1.000e-03  6.000e-03  2.034e+00]] | reward=0.0 | terminated=False | truncated=False
  geometry: cube=[0.453  0.0386 0.0261], tcp=[0.4795 0.0684 0.0231], gripper_pos=255.0
step=120 | action=[[ 3.000e-03 -0.000e+00  1.000e-03  1.977e+00]] | reward=0.0 | terminated=False | truncated=False
  geometry: cube=[0.4519 0.0382 0.0258], tcp=[0.4784 0.0684 0.0233], gripper_pos=255.0
step=130 | action=[[ 1.000e-03 -1.000e-03  5.000e-03  2.032e+00]] | reward=0.0 | terminated=False | truncated=False
  geometry: cube=[0.4513 0.0379 0.0256], tcp=[0.4777 0.0684 0.0234], gripper_pos=255.0
step=140 | action=[[ 2.000e-03 -0.000e+00  4.000e-03  2.012e+00]] | reward=0.0 | terminated=False | truncated=False
  geometry: cube=[0.4503 0.0374 0.0252], tcp=[0.4767 0.068  0.0237], gripper_pos=255.0
step=150 | action=[[ 2.000e-03 -0.000e+00 -1.000e-03  1.968e+00]] | reward=0.0 | terminated=False | truncated=True
  geometry: cube=[0.4512 0.0376 0.0254], tcp=[0.4781 0.0685 0.0231], gripper_pos=255.0

Episode finished: success=False, steps=150, reward=0.0, time=14.94s, max_gripper=2.040, z_range=[-0.527, 0.008]

============================================================
Evaluation summary
============================================================
Successes: 3/12
Success rate: 25.0%
