{
  "builder_version": 1,
  "repo_id": "wusanggg/panda_pick_cube_day17_xy_preserved_endpoints_v1",
  "output_root": "/home/wusanggg/robotics/data/panda_pick_cube_day17_xy_preserved_endpoints_v1",
  "episodes": 60,
  "frames": 5635,
  "position_counts": [
    {
      "x": 0.32,
      "y": -0.075,
      "episodes": 10
    },
    {
      "x": 0.32,
      "y": 0.075,
      "episodes": 10
    },
    {
      "x": 0.36,
      "y": -0.075,
      "episodes": 5
    },
    {
      "x": 0.36,
      "y": 0.075,
      "episodes": 5
    },
    {
      "x": 0.44,
      "y": -0.075,
      "episodes": 5
    },
    {
      "x": 0.44,
      "y": 0.075,
      "episodes": 5
    },
    {
      "x": 0.48,
      "y": -0.075,
      "episodes": 10
    },
    {
      "x": 0.48,
      "y": 0.075,
      "episodes": 10
    }
  ],
  "sources": [
    {
      "label": "day14",
      "root": "/home/wusanggg/robotics/data/panda_pick_cube_day14_xy_staged_v1",
      "selected_episode_indices": [
        0,
        1,
        2,
        3,
        4,
        5,
        6,
        7,
        8,
        9,
        10,
        11,
        12,
        13,
        14,
        15,
        16,
        17,
        18,
        19,
        20,
        21,
        22,
        23,
        24,
        25,
        26,
        27,
        28,
        29,
        30,
        31,
        32,
        33,
        34,
        35,
        36,
        37,
        38,
        39
      ]
    },
    {
      "label": "day16",
      "root": "/home/wusanggg/robotics/data/panda_pick_cube_day16_xy_intermediate_v1",
      "selected_episode_indices": [
        2,
        4,
        5,
        6,
        8,
        9,
        12,
        13,
        16,
        19,
        20,
        22,
        27,
        28,
        29,
        31,
        32,
        33,
        37,
        38
      ]
    }
  ],
  "episode_provenance": [
    {
      "episode_index": 0,
      "source": "day14",
      "source_episode_index": 0,
      "frames": 107,
      "x": 0.32,
      "y": -0.075,
      "z": 0.02
    },
    {
      "episode_index": 1,
      "source": "day14",
      "source_episode_index": 1,
      "frames": 104,
      "x": 0.32,
      "y": 0.075,
      "z": 0.02
    },
    {
      "episode_index": 2,
      "source": "day14",
      "source_episode_index": 2,
      "frames": 93,
      "x": 0.48,
      "y": -0.075,
      "z": 0.02
    },
    {
      "episode_index": 3,
      "source": "day14",
      "source_episode_index": 3,
      "frames": 94,
      "x": 0.48,
      "y": 0.075,
      "z": 0.02
    },
    {
      "episode_index": 4,
      "source": "day14",
      "source_episode_index": 4,
      "frames": 99,
      "x": 0.32,
      "y": -0.075,
      "z": 0.02
    },
    {
      "episode_index": 5,
      "source": "day14",
      "source_episode_index": 5,
      "frames": 98,
      "x": 0.32,
      "y": 0.075,
      "z": 0.02
    },
    {
      "episode_index": 6,
      "source": "day14",
      "source_episode_index": 6,
      "frames": 89,
      "x": 0.48,
      "y": -0.075,
      "z": 0.02
    },
    {
      "episode_index": 7,
      "source": "day14",
      "source_episode_index": 7,
      "frames": 95,
      "x": 0.48,
      "y": 0.075,
      "z": 0.02
    },
    {
      "episode_index": 8,
      "source": "day14",
      "source_episode_index": 8,
      "frames": 103,
      "x": 0.32,
      "y": -0.075,
      "z": 0.02
    },
    {
      "episode_index": 9,
      "source": "day14",
      "source_episode_index": 9,
      "frames": 89,
      "x": 0.32,
      "y": 0.075,
      "z": 0.02
    },
    {
      "episode_index": 10,
      "source": "day14",
      "source_episode_index": 10,
      "frames": 93,
      "x": 0.48,
      "y": -0.075,
      "z": 0.02
    },
    {
      "episode_index": 11,
      "source": "day14",
      "source_episode_index": 11,
      "frames": 93,
      "x": 0.48,
      "y": 0.075,
      "z": 0.02
    },
    {
      "episode_index": 12,
      "source": "day14",
      "source_episode_index": 12,
      "frames": 94,
      "x": 0.32,
      "y": -0.075,
      "z": 0.02
    },
    {
      "episode_index": 13,
      "source": "day14",
      "source_episode_index": 13,
      "frames": 91,
      "x": 0.32,
      "y": 0.075,
      "z": 0.02
    },
    {
      "episode_index": 14,
      "source": "day14",
      "source_episode_index": 14,
      "frames": 92,
      "x": 0.48,
      "y": -0.075,
      "z": 0.02
    },
    {
      "episode_index": 15,
      "source": "day14",
      "source_episode_index": 15,
      "frames": 91,
      "x": 0.48,
      "y": 0.075,
      "z": 0.02
    },
    {
      "episode_index": 16,
      "source": "day14",
      "source_episode_index": 16,
      "frames": 94,
      "x": 0.32,
      "y": -0.075,
      "z": 0.02
    },
    {
      "episode_index": 17,
      "source": "day14",
      "source_episode_index": 17,
      "frames": 95,
      "x": 0.32,
      "y": 0.075,
      "z": 0.02
    },
    {
      "episode_index": 18,
      "source": "day14",
      "source_episode_index": 18,
      "frames": 95,
      "x": 0.48,
      "y": -0.075,
      "z": 0.02
    },
    {
      "episode_index": 19,
      "source": "day14",
      "source_episode_index": 19,
      "frames": 92,
      "x": 0.48,
      "y": 0.075,
      "z": 0.02
    },
    {
      "episode_index": 20,
      "source": "day14",
      "source_episode_index": 20,
      "frames": 100,
      "x": 0.32,
      "y": -0.075,
      "z": 0.02
    },
    {
      "episode_index": 21,
      "source": "day14",
      "source_episode_index": 21,
      "frames": 93,
      "x": 0.32,
      "y": 0.075,
      "z": 0.02
    },
    {
      "episode_index": 22,
      "source": "day14",
      "source_episode_index": 22,
      "frames": 92,
      "x": 0.48,
      "y": -0.075,
      "z": 0.02
    },
    {
      "episode_index": 23,
      "source": "day14",
      "source_episode_index": 23,
      "frames": 90,
      "x": 0.48,
      "y": 0.075,
      "z": 0.02
    },
    {
      "episode_index": 24,
      "source": "day14",
      "source_episode_index": 24,
      "frames": 97,
      "x": 0.32,
      "y": -0.075,
      "z": 0.02
    },
    {
      "episode_index": 25,
      "source": "day14",
      "source_episode_index": 25,
      "frames": 92,
      "x": 0.32,
      "y": 0.075,
      "z": 0.02
    },
    {
      "episode_index": 26,
      "source": "day14",
      "source_episode_index": 26,
      "frames": 92,
      "x": 0.48,
      "y": -0.075,
      "z": 0.02
    },
    {
      "episode_index": 27,
      "source": "day14",
      "source_episode_index": 27,
      "frames": 92,
      "x": 0.48,
      "y": 0.075,
      "z": 0.02
    },
    {
      "episode_index": 28,
      "source": "day14",
      "source_episode_index": 28,
      "frames": 94,
      "x": 0.32,
      "y": -0.075,
      "z": 0.02
    },
    {
      "episode_index": 29,
      "source": "day14",
      "source_episode_index": 29,
      "frames": 94,
      "x": 0.32,
      "y": 0.075,
      "z": 0.02
    },
    {
      "episode_index": 30,
      "source": "day14",
      "source_episode_index": 30,
      "frames": 89,
      "x": 0.48,
      "y": -0.075,
      "z": 0.02
    },
    {
      "episode_index": 31,
      "source": "day14",
      "source_episode_index": 31,
      "frames": 91,
      "x": 0.48,
      "y": 0.075,
      "z": 0.02
    },
    {
      "episode_index": 32,
      "source": "day14",
      "source_episode_index": 32,
      "frames": 96,
      "x": 0.32,
      "y": -0.075,
      "z": 0.02
    },
    {
      "episode_index": 33,
      "source": "day14",
      "source_episode_index": 33,
      "frames": 97,
      "x": 0.32,
      "y": 0.075,
      "z": 0.02
    },
    {
      "episode_index": 34,
      "source": "day14",
      "source_episode_index": 34,
      "frames": 96,
      "x": 0.48,
      "y": -0.075,
      "z": 0.02
    },
    {
      "episode_index": 35,
      "source": "day14",
      "source_episode_index": 35,
      "frames": 87,
      "x": 0.48,
      "y": 0.075,
      "z": 0.02
    },
    {
      "episode_index": 36,
      "source": "day14",
      "source_episode_index": 36,
      "frames": 94,
      "x": 0.32,
      "y": -0.075,
      "z": 0.02
    },
    {
      "episode_index": 37,
      "source": "day14",
      "source_episode_index": 37,
      "frames": 95,
      "x": 0.32,
      "y": 0.075,
      "z": 0.02
    },
    {
      "episode_index": 38,
      "source": "day14",
      "source_episode_index": 38,
      "frames": 92,
      "x": 0.48,
      "y": -0.075,
      "z": 0.02
    },
    {
      "episode_index": 39,
      "source": "day14",
      "source_episode_index": 39,
      "frames": 91,
      "x": 0.48,
      "y": 0.075,
      "z": 0.02
    },
    {
      "episode_index": 40,
      "source": "day16",
      "source_episode_index": 2,
      "frames": 94,
      "x": 0.36,
      "y": 0.075,
      "z": 0.02
    },
    {
      "episode_index": 41,
      "source": "day16",
      "source_episode_index": 4,
      "frames": 97,
      "x": 0.44,
      "y": 0.075,
      "z": 0.02
    },
    {
      "episode_index": 42,
      "source": "day16",
      "source_episode_index": 5,
      "frames": 99,
      "x": 0.44,
      "y": -0.075,
      "z": 0.02
    },
    {
      "episode_index": 43,
      "source": "day16",
      "source_episode_index": 6,
      "frames": 95,
      "x": 0.36,
      "y": -0.075,
      "z": 0.02
    },
    {
      "episode_index": 44,
      "source": "day16",
      "source_episode_index": 8,
      "frames": 94,
      "x": 0.44,
      "y": 0.075,
      "z": 0.02
    },
    {
      "episode_index": 45,
      "source": "day16",
      "source_episode_index": 9,
      "frames": 91,
      "x": 0.36,
      "y": -0.075,
      "z": 0.02
    },
    {
      "episode_index": 46,
      "source": "day16",
      "source_episode_index": 12,
      "frames": 94,
      "x": 0.36,
      "y": 0.075,
      "z": 0.02
    },
    {
      "episode_index": 47,
      "source": "day16",
      "source_episode_index": 13,
      "frames": 89,
      "x": 0.44,
      "y": -0.075,
      "z": 0.02
    },
    {
      "episode_index": 48,
      "source": "day16",
      "source_episode_index": 16,
      "frames": 102,
      "x": 0.44,
      "y": -0.075,
      "z": 0.02
    },
    {
      "episode_index": 49,
      "source": "day16",
      "source_episode_index": 19,
      "frames": 85,
      "x": 0.44,
      "y": 0.075,
      "z": 0.02
    },
    {
      "episode_index": 50,
      "source": "day16",
      "source_episode_index": 20,
      "frames": 95,
      "x": 0.36,
      "y": 0.075,
      "z": 0.02
    },
    {
      "episode_index": 51,
      "source": "day16",
      "source_episode_index": 22,
      "frames": 94,
      "x": 0.36,
      "y": -0.075,
      "z": 0.02
    },
    {
      "episode_index": 52,
      "source": "day16",
      "source_episode_index": 27,
      "frames": 94,
      "x": 0.44,
      "y": -0.075,
      "z": 0.02
    },
    {
      "episode_index": 53,
      "source": "day16",
      "source_episode_index": 28,
      "frames": 97,
      "x": 0.36,
      "y": -0.075,
      "z": 0.02
    },
    {
      "episode_index": 54,
      "source": "day16",
      "source_episode_index": 29,
      "frames": 94,
      "x": 0.36,
      "y": 0.075,
      "z": 0.02
    },
    {
      "episode_index": 55,
      "source": "day16",
      "source_episode_index": 31,
      "frames": 90,
      "x": 0.44,
      "y": 0.075,
      "z": 0.02
    },
    {
      "episode_index": 56,
      "source": "day16",
      "source_episode_index": 32,
      "frames": 90,
      "x": 0.44,
      "y": -0.075,
      "z": 0.02
    },
    {
      "episode_index": 57,
      "source": "day16",
      "source_episode_index": 33,
      "frames": 92,
      "x": 0.36,
      "y": 0.075,
      "z": 0.02
    },
    {
      "episode_index": 58,
      "source": "day16",
      "source_episode_index": 37,
      "frames": 93,
      "x": 0.36,
      "y": -0.075,
      "z": 0.02
    },
    {
      "episode_index": 59,
      "source": "day16",
      "source_episode_index": 38,
      "frames": 91,
      "x": 0.44,
      "y": 0.075,
      "z": 0.02
    }
  ],
  "order": "all Day14 episodes followed by selected Day16 episodes; source order preserved",
  "video_handling": "LeRobot selection may re-encode the Day16 subset; endpoint videos copied; no cross-source concatenation",
  "stage": "dry_run"
}
Processing observation.images.front video files:   0%|          | 0/1 [00:00<?, ?it/s]Svt[info]: -------------------------------------------
Svt[info]: SVT [version]:	SVT-AV1 Encoder Lib v3.0.0
Svt[info]: SVT [build]  :	GCC 14.2.1 20250110 (Red Hat 14.2.1-7)	 64 bit
Svt[info]: LIB Build date: Jul  3 2025 03:14:07
Svt[info]: -------------------------------------------
Svt[warn]: Preset M12 is mapped to M10.
Svt[info]: Level of Parallelism: 5
Svt[info]: Number of PPCS 76
Svt[info]: [asm level on system : up to avx2]
Svt[info]: [asm level selected : up to avx2]
Svt[info]: -------------------------------------------
Svt[info]: SVT [config]: main profile	tier (auto)	level (auto)
Svt[info]: SVT [config]: width / height / fps numerator / fps denominator 		: 128 / 128 / 10 / 1
Svt[info]: SVT [config]: bit-depth / color format 					: 8 / YUV420
Svt[info]: SVT [config]: preset / tune / pred struct 					: 10 / PSNR / random access
Svt[info]: SVT [config]: gop size / mini-gop size / key-frame type 			: 2 / 16 / key frame
Svt[info]: SVT [config]: BRC mode / rate factor 					: CRF / 30 
Svt[info]: SVT [config]: AQ mode / variance boost 					: 2 / 0
Svt[info]: SVT [config]: sharpness / luminance-based QP bias 			: 0 / 0
Svt[info]: Svt[info]: -------------------------------------------
Processing observation.images.front video files: 100%|██████████| 1/1 [00:00<00:00,  1.93it/s]Processing observation.images.front video files: 100%|██████████| 1/1 [00:00<00:00,  1.93it/s]
Processing observation.images.wrist video files:   0%|          | 0/1 [00:00<?, ?it/s]Svt[info]: -------------------------------------------
Svt[info]: SVT [version]:	SVT-AV1 Encoder Lib v3.0.0
Svt[info]: SVT [build]  :	GCC 14.2.1 20250110 (Red Hat 14.2.1-7)	 64 bit
Svt[info]: LIB Build date: Jul  3 2025 03:14:07
Svt[info]: -------------------------------------------
Svt[warn]: Preset M12 is mapped to M10.
Svt[info]: Level of Parallelism: 5
Svt[info]: Number of PPCS 76
Svt[info]: [asm level on system : up to avx2]
Svt[info]: [asm level selected : up to avx2]
Svt[info]: -------------------------------------------
Svt[info]: SVT [config]: main profile	tier (auto)	level (auto)
Svt[info]: SVT [config]: width / height / fps numerator / fps denominator 		: 128 / 128 / 10 / 1
Svt[info]: SVT [config]: bit-depth / color format 					: 8 / YUV420
Svt[info]: SVT [config]: preset / tune / pred struct 					: 10 / PSNR / random access
Svt[info]: SVT [config]: gop size / mini-gop size / key-frame type 			: 2 / 16 / key frame
Svt[info]: SVT [config]: BRC mode / rate factor 					: CRF / 30 
Svt[info]: SVT [config]: AQ mode / variance boost 					: 2 / 0
Svt[info]: SVT [config]: sharpness / luminance-based QP bias 			: 0 / 0
Svt[info]: Svt[info]: -------------------------------------------
Processing observation.images.wrist video files: 100%|██████████| 1/1 [00:00<00:00,  2.36it/s]Processing observation.images.wrist video files: 100%|██████████| 1/1 [00:00<00:00,  2.36it/s]
Processing data files:   0%|          | 0/1 [00:00<?, ?it/s]Processing data files: 100%|██████████| 1/1 [00:00<00:00, 34.69it/s]
Processing episodes metadata:   0%|          | 0/20 [00:00<?, ?it/s]Processing episodes metadata:  45%|████▌     | 9/20 [00:00<00:00, 87.08it/s]Processing episodes metadata:  90%|█████████ | 18/20 [00:00<00:00, 80.75it/s]Processing episodes metadata: 100%|██████████| 20/20 [00:00<00:00, 80.01it/s]
WARNING:lerobot.utils.import_utils:Could not load libtorchcodec. Likely causes:
          1. FFmpeg is not properly installed in your environment. We support
             versions 4, 5, 6, 7, and 8, and we attempt to load libtorchcodec
             for each of those versions. Errors for versions not installed on
             your system are expected; only the error for your installed FFmpeg
             version is relevant. On Windows, ensure you've installed the
             "full-shared" version which ships DLLs.
          2. The PyTorch version (2.10.0+xpu) is not compatible with
             this version of TorchCodec. Refer to the version compatibility
             table:
             https://github.com/pytorch/torchcodec?tab=readme-ov-file#installing-torchcodec.
          3. Another runtime dependency; see exceptions below.

        The following exceptions were raised as we tried to load libtorchcodec:
        
[start of libtorchcodec loading traceback]
FFmpeg version 8:
Traceback (most recent call last):
  File "/home/wusanggg/Downloads/ENTER/envs/lerobot-xpu/lib/python3.12/site-packages/torch/_ops.py", line 1442, in load_library
    ctypes.CDLL(path)
  File "/home/wusanggg/Downloads/ENTER/envs/lerobot-xpu/lib/python3.12/ctypes/__init__.py", line 379, in __init__
    self._handle = _dlopen(self._name, mode)
                   ^^^^^^^^^^^^^^^^^^^^^^^^^
OSError: libavutil.so.60: cannot open shared object file: No such file or directory

The above exception was the direct cause of the following exception:

Traceback (most recent call last):
  File "/home/wusanggg/Downloads/ENTER/envs/lerobot-xpu/lib/python3.12/site-packages/torchcodec/_internally_replaced_utils.py", line 93, in load_torchcodec_shared_libraries
    torch.ops.load_library(core_library_path)
  File "/home/wusanggg/Downloads/ENTER/envs/lerobot-xpu/lib/python3.12/site-packages/torch/_ops.py", line 1444, in load_library
    raise OSError(f"Could not load this library: {path}") from e
OSError: Could not load this library: /home/wusanggg/Downloads/ENTER/envs/lerobot-xpu/lib/python3.12/site-packages/torchcodec/libtorchcodec_core8.so

FFmpeg version 7:
Traceback (most recent call last):
  File "/home/wusanggg/Downloads/ENTER/envs/lerobot-xpu/lib/python3.12/site-packages/torch/_ops.py", line 1442, in load_library
    ctypes.CDLL(path)
  File "/home/wusanggg/Downloads/ENTER/envs/lerobot-xpu/lib/python3.12/ctypes/__init__.py", line 379, in __init__
    self._handle = _dlopen(self._name, mode)
                   ^^^^^^^^^^^^^^^^^^^^^^^^^
OSError: libavutil.so.59: cannot open shared object file: No such file or directory

The above exception was the direct cause of the following exception:

Traceback (most recent call last):
  File "/home/wusanggg/Downloads/ENTER/envs/lerobot-xpu/lib/python3.12/site-packages/torchcodec/_internally_replaced_utils.py", line 93, in load_torchcodec_shared_libraries
    torch.ops.load_library(core_library_path)
  File "/home/wusanggg/Downloads/ENTER/envs/lerobot-xpu/lib/python3.12/site-packages/torch/_ops.py", line 1444, in load_library
    raise OSError(f"Could not load this library: {path}") from e
OSError: Could not load this library: /home/wusanggg/Downloads/ENTER/envs/lerobot-xpu/lib/python3.12/site-packages/torchcodec/libtorchcodec_core7.so

FFmpeg version 6:
Traceback (most recent call last):
  File "/home/wusanggg/Downloads/ENTER/envs/lerobot-xpu/lib/python3.12/site-packages/torch/_ops.py", line 1442, in load_library
    ctypes.CDLL(path)
  File "/home/wusanggg/Downloads/ENTER/envs/lerobot-xpu/lib/python3.12/ctypes/__init__.py", line 379, in __init__
    self._handle = _dlopen(self._name, mode)
                   ^^^^^^^^^^^^^^^^^^^^^^^^^
OSError: /home/wusanggg/Downloads/ENTER/envs/lerobot-xpu/lib/python3.12/site-packages/torchcodec/libtorchcodec_core6.so: undefined symbol: torch_dtype_float4_e2m1fn_x2

The above exception was the direct cause of the following exception:

Traceback (most recent call last):
  File "/home/wusanggg/Downloads/ENTER/envs/lerobot-xpu/lib/python3.12/site-packages/torchcodec/_internally_replaced_utils.py", line 93, in load_torchcodec_shared_libraries
    torch.ops.load_library(core_library_path)
  File "/home/wusanggg/Downloads/ENTER/envs/lerobot-xpu/lib/python3.12/site-packages/torch/_ops.py", line 1444, in load_library
    raise OSError(f"Could not load this library: {path}") from e
OSError: Could not load this library: /home/wusanggg/Downloads/ENTER/envs/lerobot-xpu/lib/python3.12/site-packages/torchcodec/libtorchcodec_core6.so

FFmpeg version 5:
Traceback (most recent call last):
  File "/home/wusanggg/Downloads/ENTER/envs/lerobot-xpu/lib/python3.12/site-packages/torch/_ops.py", line 1442, in load_library
    ctypes.CDLL(path)
  File "/home/wusanggg/Downloads/ENTER/envs/lerobot-xpu/lib/python3.12/ctypes/__init__.py", line 379, in __init__
    self._handle = _dlopen(self._name, mode)
                   ^^^^^^^^^^^^^^^^^^^^^^^^^
OSError: libavutil.so.57: cannot open shared object file: No such file or directory

The above exception was the direct cause of the following exception:

Traceback (most recent call last):
  File "/home/wusanggg/Downloads/ENTER/envs/lerobot-xpu/lib/python3.12/site-packages/torchcodec/_internally_replaced_utils.py", line 93, in load_torchcodec_shared_libraries
    torch.ops.load_library(core_library_path)
  File "/home/wusanggg/Downloads/ENTER/envs/lerobot-xpu/lib/python3.12/site-packages/torch/_ops.py", line 1444, in load_library
    raise OSError(f"Could not load this library: {path}") from e
OSError: Could not load this library: /home/wusanggg/Downloads/ENTER/envs/lerobot-xpu/lib/python3.12/site-packages/torchcodec/libtorchcodec_core5.so

FFmpeg version 4:
Traceback (most recent call last):
  File "/home/wusanggg/Downloads/ENTER/envs/lerobot-xpu/lib/python3.12/site-packages/torch/_ops.py", line 1442, in load_library
    ctypes.CDLL(path)
  File "/home/wusanggg/Downloads/ENTER/envs/lerobot-xpu/lib/python3.12/ctypes/__init__.py", line 379, in __init__
    self._handle = _dlopen(self._name, mode)
                   ^^^^^^^^^^^^^^^^^^^^^^^^^
OSError: libavutil.so.56: cannot open shared object file: No such file or directory

The above exception was the direct cause of the following exception:

Traceback (most recent call last):
  File "/home/wusanggg/Downloads/ENTER/envs/lerobot-xpu/lib/python3.12/site-packages/torchcodec/_internally_replaced_utils.py", line 93, in load_torchcodec_shared_libraries
    torch.ops.load_library(core_library_path)
  File "/home/wusanggg/Downloads/ENTER/envs/lerobot-xpu/lib/python3.12/site-packages/torch/_ops.py", line 1444, in load_library
    raise OSError(f"Could not load this library: {path}") from e
OSError: Could not load this library: /home/wusanggg/Downloads/ENTER/envs/lerobot-xpu/lib/python3.12/site-packages/torchcodec/libtorchcodec_core4.so
[end of libtorchcodec loading traceback].
'torchcodec' is installed but cannot be loaded (see the error above). Falling back to 'pyav' as a default decoder.
Validate all meta data:   0%|          | 0/2 [00:00<?, ?it/s]Validate all meta data: 100%|██████████| 2/2 [00:00<00:00, 8200.01it/s]
Copy data and videos:   0%|          | 0/2 [00:00<?, ?it/s]Copy data and videos: 100%|██████████| 2/2 [00:00<00:00, 17.24it/s]Copy data and videos: 100%|██████████| 2/2 [00:00<00:00, 17.23it/s]
WARNING:lerobot.utils.import_utils:Could not load libtorchcodec. Likely causes:
          1. FFmpeg is not properly installed in your environment. We support
             versions 4, 5, 6, 7, and 8, and we attempt to load libtorchcodec
             for each of those versions. Errors for versions not installed on
             your system are expected; only the error for your installed FFmpeg
             version is relevant. On Windows, ensure you've installed the
             "full-shared" version which ships DLLs.
          2. The PyTorch version (2.10.0+xpu) is not compatible with
             this version of TorchCodec. Refer to the version compatibility
             table:
             https://github.com/pytorch/torchcodec?tab=readme-ov-file#installing-torchcodec.
          3. Another runtime dependency; see exceptions below.

        The following exceptions were raised as we tried to load libtorchcodec:
        
[start of libtorchcodec loading traceback]
FFmpeg version 8:
Traceback (most recent call last):
  File "/home/wusanggg/Downloads/ENTER/envs/lerobot-xpu/lib/python3.12/site-packages/torch/_ops.py", line 1442, in load_library
    ctypes.CDLL(path)
  File "/home/wusanggg/Downloads/ENTER/envs/lerobot-xpu/lib/python3.12/ctypes/__init__.py", line 379, in __init__
    self._handle = _dlopen(self._name, mode)
                   ^^^^^^^^^^^^^^^^^^^^^^^^^
OSError: libavutil.so.60: cannot open shared object file: No such file or directory

The above exception was the direct cause of the following exception:

Traceback (most recent call last):
  File "/home/wusanggg/Downloads/ENTER/envs/lerobot-xpu/lib/python3.12/site-packages/torchcodec/_internally_replaced_utils.py", line 93, in load_torchcodec_shared_libraries
    torch.ops.load_library(core_library_path)
  File "/home/wusanggg/Downloads/ENTER/envs/lerobot-xpu/lib/python3.12/site-packages/torch/_ops.py", line 1444, in load_library
    raise OSError(f"Could not load this library: {path}") from e
OSError: Could not load this library: /home/wusanggg/Downloads/ENTER/envs/lerobot-xpu/lib/python3.12/site-packages/torchcodec/libtorchcodec_core8.so

FFmpeg version 7:
Traceback (most recent call last):
  File "/home/wusanggg/Downloads/ENTER/envs/lerobot-xpu/lib/python3.12/site-packages/torch/_ops.py", line 1442, in load_library
    ctypes.CDLL(path)
  File "/home/wusanggg/Downloads/ENTER/envs/lerobot-xpu/lib/python3.12/ctypes/__init__.py", line 379, in __init__
    self._handle = _dlopen(self._name, mode)
                   ^^^^^^^^^^^^^^^^^^^^^^^^^
OSError: libavutil.so.59: cannot open shared object file: No such file or directory

The above exception was the direct cause of the following exception:

Traceback (most recent call last):
  File "/home/wusanggg/Downloads/ENTER/envs/lerobot-xpu/lib/python3.12/site-packages/torchcodec/_internally_replaced_utils.py", line 93, in load_torchcodec_shared_libraries
    torch.ops.load_library(core_library_path)
  File "/home/wusanggg/Downloads/ENTER/envs/lerobot-xpu/lib/python3.12/site-packages/torch/_ops.py", line 1444, in load_library
    raise OSError(f"Could not load this library: {path}") from e
OSError: Could not load this library: /home/wusanggg/Downloads/ENTER/envs/lerobot-xpu/lib/python3.12/site-packages/torchcodec/libtorchcodec_core7.so

FFmpeg version 6:
Traceback (most recent call last):
  File "/home/wusanggg/Downloads/ENTER/envs/lerobot-xpu/lib/python3.12/site-packages/torch/_ops.py", line 1442, in load_library
    ctypes.CDLL(path)
  File "/home/wusanggg/Downloads/ENTER/envs/lerobot-xpu/lib/python3.12/ctypes/__init__.py", line 379, in __init__
    self._handle = _dlopen(self._name, mode)
                   ^^^^^^^^^^^^^^^^^^^^^^^^^
OSError: /home/wusanggg/Downloads/ENTER/envs/lerobot-xpu/lib/python3.12/site-packages/torchcodec/libtorchcodec_core6.so: undefined symbol: torch_dtype_float4_e2m1fn_x2

The above exception was the direct cause of the following exception:

Traceback (most recent call last):
  File "/home/wusanggg/Downloads/ENTER/envs/lerobot-xpu/lib/python3.12/site-packages/torchcodec/_internally_replaced_utils.py", line 93, in load_torchcodec_shared_libraries
    torch.ops.load_library(core_library_path)
  File "/home/wusanggg/Downloads/ENTER/envs/lerobot-xpu/lib/python3.12/site-packages/torch/_ops.py", line 1444, in load_library
    raise OSError(f"Could not load this library: {path}") from e
OSError: Could not load this library: /home/wusanggg/Downloads/ENTER/envs/lerobot-xpu/lib/python3.12/site-packages/torchcodec/libtorchcodec_core6.so

FFmpeg version 5:
Traceback (most recent call last):
  File "/home/wusanggg/Downloads/ENTER/envs/lerobot-xpu/lib/python3.12/site-packages/torch/_ops.py", line 1442, in load_library
    ctypes.CDLL(path)
  File "/home/wusanggg/Downloads/ENTER/envs/lerobot-xpu/lib/python3.12/ctypes/__init__.py", line 379, in __init__
    self._handle = _dlopen(self._name, mode)
                   ^^^^^^^^^^^^^^^^^^^^^^^^^
OSError: libavutil.so.57: cannot open shared object file: No such file or directory

The above exception was the direct cause of the following exception:

Traceback (most recent call last):
  File "/home/wusanggg/Downloads/ENTER/envs/lerobot-xpu/lib/python3.12/site-packages/torchcodec/_internally_replaced_utils.py", line 93, in load_torchcodec_shared_libraries
    torch.ops.load_library(core_library_path)
  File "/home/wusanggg/Downloads/ENTER/envs/lerobot-xpu/lib/python3.12/site-packages/torch/_ops.py", line 1444, in load_library
    raise OSError(f"Could not load this library: {path}") from e
OSError: Could not load this library: /home/wusanggg/Downloads/ENTER/envs/lerobot-xpu/lib/python3.12/site-packages/torchcodec/libtorchcodec_core5.so

FFmpeg version 4:
Traceback (most recent call last):
  File "/home/wusanggg/Downloads/ENTER/envs/lerobot-xpu/lib/python3.12/site-packages/torch/_ops.py", line 1442, in load_library
    ctypes.CDLL(path)
  File "/home/wusanggg/Downloads/ENTER/envs/lerobot-xpu/lib/python3.12/ctypes/__init__.py", line 379, in __init__
    self._handle = _dlopen(self._name, mode)
                   ^^^^^^^^^^^^^^^^^^^^^^^^^
OSError: libavutil.so.56: cannot open shared object file: No such file or directory

The above exception was the direct cause of the following exception:

Traceback (most recent call last):
  File "/home/wusanggg/Downloads/ENTER/envs/lerobot-xpu/lib/python3.12/site-packages/torchcodec/_internally_replaced_utils.py", line 93, in load_torchcodec_shared_libraries
    torch.ops.load_library(core_library_path)
  File "/home/wusanggg/Downloads/ENTER/envs/lerobot-xpu/lib/python3.12/site-packages/torch/_ops.py", line 1444, in load_library
    raise OSError(f"Could not load this library: {path}") from e
OSError: Could not load this library: /home/wusanggg/Downloads/ENTER/envs/lerobot-xpu/lib/python3.12/site-packages/torchcodec/libtorchcodec_core4.so
[end of libtorchcodec loading traceback].
'torchcodec' is installed but cannot be loaded (see the error above). Falling back to 'pyav' as a default decoder.
Dataset root: /home/wusanggg/robotics/data/.panda_pick_cube_day17_xy_preserved_endpoints_v1.building-52m1bnmt/merged
Split: train
FPS: 10
Episodes: 60
Frames: 5635
Position counts: {(0.32, -0.075): 10, (0.32, 0.075): 10, (0.36, -0.075): 5, (0.36, 0.075): 5, (0.44, -0.075): 5, (0.44, 0.075): 5, (0.48, -0.075): 10, (0.48, 0.075): 10}
Reward-positive frames: 60
Done frames: 60
Front videos: 2
Wrist videos: 2
Phase indices below are zero-based recorded frame indices.

ep=00 pos=(0.320,-0.075) frames=107 x_active=15 x_sign=100% y_active=11 y_sign=100% hover= 9 descend_at= 66 close_before_lift= 9 close_hold= 9 lift_at= 97 lift=10 lift_run=10 xy_during_lift= 0 reward=1.0 done=1
ep=01 pos=(0.320,+0.075) frames=104 x_active=15 x_sign=100% y_active=11 y_sign=100% hover= 8 descend_at= 63 close_before_lift= 8 close_hold= 8 lift_at= 94 lift=10 lift_run=10 xy_during_lift= 0 reward=1.0 done=1
ep=02 pos=(0.480,-0.075) frames= 93 x_active=13 x_sign=100% y_active=12 y_sign=100% hover= 7 descend_at= 55 close_before_lift= 7 close_hold= 7 lift_at= 83 lift=10 lift_run=10 xy_during_lift= 0 reward=1.0 done=1
ep=03 pos=(0.480,+0.075) frames= 94 x_active=13 x_sign=100% y_active=11 y_sign=100% hover= 8 descend_at= 54 close_before_lift= 8 close_hold= 8 lift_at= 84 lift=10 lift_run=10 xy_during_lift= 0 reward=1.0 done=1
ep=04 pos=(0.320,-0.075) frames= 99 x_active=14 x_sign=100% y_active=12 y_sign=100% hover= 7 descend_at= 57 close_before_lift=10 close_hold=10 lift_at= 89 lift=10 lift_run=10 xy_during_lift= 0 reward=1.0 done=1
ep=05 pos=(0.320,+0.075) frames= 98 x_active=15 x_sign=100% y_active=11 y_sign=100% hover= 7 descend_at= 60 close_before_lift= 8 close_hold= 8 lift_at= 88 lift=10 lift_run=10 xy_during_lift= 0 reward=1.0 done=1
ep=06 pos=(0.480,-0.075) frames= 89 x_active=12 x_sign=100% y_active=12 y_sign=100% hover= 8 descend_at= 48 close_before_lift= 9 close_hold= 9 lift_at= 79 lift=10 lift_run=10 xy_during_lift= 0 reward=1.0 done=1
ep=07 pos=(0.480,+0.075) frames= 95 x_active=13 x_sign=100% y_active=12 y_sign=100% hover= 7 descend_at= 56 close_before_lift= 9 close_hold= 9 lift_at= 85 lift=10 lift_run=10 xy_during_lift= 0 reward=1.0 done=1
ep=08 pos=(0.320,-0.075) frames=103 x_active=14 x_sign=100% y_active=12 y_sign=100% hover= 6 descend_at= 60 close_before_lift=10 close_hold=10 lift_at= 93 lift=10 lift_run=10 xy_during_lift= 0 reward=1.0 done=1
ep=09 pos=(0.320,+0.075) frames= 89 x_active=15 x_sign=100% y_active=11 y_sign=100% hover=10 descend_at= 49 close_before_lift= 8 close_hold= 8 lift_at= 79 lift=10 lift_run=10 xy_during_lift= 0 reward=1.0 done=1
ep=10 pos=(0.480,-0.075) frames= 93 x_active=13 x_sign=100% y_active=12 y_sign=100% hover= 5 descend_at= 57 close_before_lift= 7 close_hold= 7 lift_at= 83 lift=10 lift_run=10 xy_during_lift= 0 reward=1.0 done=1
ep=11 pos=(0.480,+0.075) frames= 93 x_active=12 x_sign=100% y_active=11 y_sign=100% hover= 7 descend_at= 54 close_before_lift= 8 close_hold= 8 lift_at= 83 lift=10 lift_run=10 xy_during_lift= 0 reward=1.0 done=1
ep=12 pos=(0.320,-0.075) frames= 94 x_active=14 x_sign=100% y_active=12 y_sign=100% hover= 6 descend_at= 54 close_before_lift= 9 close_hold= 9 lift_at= 84 lift=10 lift_run=10 xy_during_lift= 0 reward=1.0 done=1
ep=13 pos=(0.320,+0.075) frames= 91 x_active=14 x_sign=100% y_active=11 y_sign=100% hover= 7 descend_at= 54 close_before_lift= 9 close_hold= 9 lift_at= 81 lift=10 lift_run=10 xy_during_lift= 0 reward=1.0 done=1
ep=14 pos=(0.480,-0.075) frames= 92 x_active=13 x_sign=100% y_active=12 y_sign=100% hover= 7 descend_at= 54 close_before_lift= 7 close_hold= 7 lift_at= 82 lift=10 lift_run=10 xy_during_lift= 0 reward=1.0 done=1
ep=15 pos=(0.480,+0.075) frames= 91 x_active=13 x_sign=100% y_active=11 y_sign=100% hover= 6 descend_at= 53 close_before_lift= 6 close_hold= 6 lift_at= 81 lift=10 lift_run=10 xy_during_lift= 0 reward=1.0 done=1
ep=16 pos=(0.320,-0.075) frames= 94 x_active=14 x_sign=100% y_active=11 y_sign=100% hover= 8 descend_at= 55 close_before_lift= 9 close_hold= 9 lift_at= 84 lift=10 lift_run=10 xy_during_lift= 0 reward=1.0 done=1
ep=17 pos=(0.320,+0.075) frames= 95 x_active=14 x_sign=100% y_active=12 y_sign=100% hover= 7 descend_at= 56 close_before_lift= 9 close_hold= 9 lift_at= 85 lift=10 lift_run=10 xy_during_lift= 0 reward=1.0 done=1
ep=18 pos=(0.480,-0.075) frames= 95 x_active=13 x_sign=100% y_active=12 y_sign=100% hover= 8 descend_at= 56 close_before_lift= 8 close_hold= 8 lift_at= 85 lift=10 lift_run=10 xy_during_lift= 0 reward=1.0 done=1
ep=19 pos=(0.480,+0.075) frames= 92 x_active=13 x_sign=100% y_active=12 y_sign=100% hover= 8 descend_at= 53 close_before_lift= 7 close_hold= 7 lift_at= 82 lift=10 lift_run=10 xy_during_lift= 0 reward=1.0 done=1
ep=20 pos=(0.320,-0.075) frames=100 x_active=14 x_sign=100% y_active=11 y_sign=100% hover= 9 descend_at= 59 close_before_lift= 9 close_hold= 9 lift_at= 90 lift=10 lift_run=10 xy_during_lift= 0 reward=1.0 done=1
ep=21 pos=(0.320,+0.075) frames= 93 x_active=15 x_sign=100% y_active=11 y_sign=100% hover= 9 descend_at= 54 close_before_lift= 8 close_hold= 8 lift_at= 83 lift=10 lift_run=10 xy_during_lift= 0 reward=1.0 done=1
ep=22 pos=(0.480,-0.075) frames= 92 x_active=12 x_sign=100% y_active=12 y_sign=100% hover= 6 descend_at= 52 close_before_lift= 8 close_hold= 8 lift_at= 82 lift=10 lift_run=10 xy_during_lift= 0 reward=1.0 done=1
ep=23 pos=(0.480,+0.075) frames= 90 x_active=12 x_sign=100% y_active=12 y_sign=100% hover= 7 descend_at= 51 close_before_lift= 7 close_hold= 7 lift_at= 80 lift=10 lift_run=10 xy_during_lift= 0 reward=1.0 done=1
ep=24 pos=(0.320,-0.075) frames= 97 x_active=15 x_sign=100% y_active=12 y_sign=100% hover= 7 descend_at= 55 close_before_lift= 8 close_hold= 8 lift_at= 87 lift=10 lift_run=10 xy_during_lift= 0 reward=1.0 done=1
ep=25 pos=(0.320,+0.075) frames= 92 x_active=14 x_sign=100% y_active=11 y_sign=100% hover= 7 descend_at= 52 close_before_lift= 8 close_hold= 8 lift_at= 82 lift=10 lift_run=10 xy_during_lift= 0 reward=1.0 done=1
ep=26 pos=(0.480,-0.075) frames= 92 x_active=13 x_sign=100% y_active=12 y_sign=100% hover= 7 descend_at= 53 close_before_lift= 7 close_hold= 7 lift_at= 82 lift=10 lift_run=10 xy_during_lift= 0 reward=1.0 done=1
ep=27 pos=(0.480,+0.075) frames= 92 x_active=12 x_sign=100% y_active=11 y_sign=100% hover= 8 descend_at= 50 close_before_lift= 8 close_hold= 8 lift_at= 82 lift=10 lift_run=10 xy_during_lift= 0 reward=1.0 done=1
ep=28 pos=(0.320,-0.075) frames= 94 x_active=14 x_sign=100% y_active=11 y_sign=100% hover= 7 descend_at= 54 close_before_lift= 8 close_hold= 8 lift_at= 84 lift=10 lift_run=10 xy_during_lift= 0 reward=1.0 done=1
ep=29 pos=(0.320,+0.075) frames= 94 x_active=14 x_sign=100% y_active=11 y_sign=100% hover= 8 descend_at= 53 close_before_lift= 9 close_hold= 9 lift_at= 84 lift=10 lift_run=10 xy_during_lift= 0 reward=1.0 done=1
ep=30 pos=(0.480,-0.075) frames= 89 x_active=12 x_sign=100% y_active=12 y_sign=100% hover= 8 descend_at= 49 close_before_lift= 7 close_hold= 7 lift_at= 79 lift=10 lift_run=10 xy_during_lift= 0 reward=1.0 done=1
ep=31 pos=(0.480,+0.075) frames= 91 x_active=14 x_sign=100% y_active=12 y_sign=100% hover= 6 descend_at= 52 close_before_lift= 8 close_hold= 8 lift_at= 81 lift=10 lift_run=10 xy_during_lift= 0 reward=1.0 done=1
ep=32 pos=(0.320,-0.075) frames= 96 x_active=15 x_sign=100% y_active=11 y_sign=100% hover= 7 descend_at= 54 close_before_lift= 7 close_hold= 7 lift_at= 86 lift=10 lift_run=10 xy_during_lift= 0 reward=1.0 done=1
ep=33 pos=(0.320,+0.075) frames= 97 x_active=14 x_sign=100% y_active=11 y_sign=100% hover= 7 descend_at= 57 close_before_lift= 8 close_hold= 8 lift_at= 87 lift=10 lift_run=10 xy_during_lift= 0 reward=1.0 done=1
ep=34 pos=(0.480,-0.075) frames= 96 x_active=13 x_sign=100% y_active=12 y_sign=100% hover= 8 descend_at= 57 close_before_lift= 7 close_hold= 7 lift_at= 86 lift=10 lift_run=10 xy_during_lift= 0 reward=1.0 done=1
ep=35 pos=(0.480,+0.075) frames= 87 x_active=12 x_sign=100% y_active=12 y_sign=100% hover= 7 descend_at= 48 close_before_lift= 7 close_hold= 7 lift_at= 77 lift=10 lift_run=10 xy_during_lift= 0 reward=1.0 done=1
ep=36 pos=(0.320,-0.075) frames= 94 x_active=14 x_sign=100% y_active=11 y_sign=100% hover= 7 descend_at= 53 close_before_lift=10 close_hold=10 lift_at= 84 lift=10 lift_run=10 xy_during_lift= 0 reward=1.0 done=1
ep=37 pos=(0.320,+0.075) frames= 95 x_active=14 x_sign=100% y_active=11 y_sign=100% hover=12 descend_at= 53 close_before_lift= 9 close_hold= 9 lift_at= 85 lift=10 lift_run=10 xy_during_lift= 0 reward=1.0 done=1
ep=38 pos=(0.480,-0.075) frames= 92 x_active=12 x_sign=100% y_active=12 y_sign=100% hover= 8 descend_at= 51 close_before_lift= 8 close_hold= 8 lift_at= 82 lift=10 lift_run=10 xy_during_lift= 0 reward=1.0 done=1
ep=39 pos=(0.480,+0.075) frames= 91 x_active=13 x_sign=100% y_active=11 y_sign=100% hover= 9 descend_at= 48 close_before_lift= 9 close_hold= 9 lift_at= 81 lift=10 lift_run=10 xy_during_lift= 0 reward=1.0 done=1
ep=40 pos=(0.360,+0.075) frames= 94 x_active= 7 x_sign=100% y_active=11 y_sign=100% hover= 9 descend_at= 52 close_before_lift= 7 close_hold= 7 lift_at= 84 lift=10 lift_run=10 xy_during_lift= 0 reward=1.0 done=1
ep=41 pos=(0.440,+0.075) frames= 97 x_active= 7 x_sign=100% y_active=11 y_sign=100% hover= 8 descend_at= 52 close_before_lift= 8 close_hold= 8 lift_at= 87 lift=10 lift_run=10 xy_during_lift= 0 reward=1.0 done=1
ep=42 pos=(0.440,-0.075) frames= 99 x_active= 5 x_sign=100% y_active=11 y_sign=100% hover=13 descend_at= 56 close_before_lift= 8 close_hold= 8 lift_at= 89 lift=10 lift_run=10 xy_during_lift= 0 reward=1.0 done=1
ep=43 pos=(0.360,-0.075) frames= 95 x_active= 7 x_sign=100% y_active=11 y_sign=100% hover=14 descend_at= 53 close_before_lift= 9 close_hold= 9 lift_at= 85 lift=10 lift_run=10 xy_during_lift= 0 reward=1.0 done=1
ep=44 pos=(0.440,+0.075) frames= 94 x_active= 7 x_sign=100% y_active=11 y_sign=100% hover= 9 descend_at= 54 close_before_lift= 8 close_hold= 8 lift_at= 84 lift=10 lift_run=10 xy_during_lift= 0 reward=1.0 done=1
ep=45 pos=(0.360,-0.075) frames= 91 x_active= 7 x_sign=100% y_active=12 y_sign=100% hover= 9 descend_at= 49 close_before_lift= 9 close_hold= 9 lift_at= 81 lift=10 lift_run=10 xy_during_lift= 0 reward=1.0 done=1
ep=46 pos=(0.360,+0.075) frames= 94 x_active= 7 x_sign=100% y_active=11 y_sign=100% hover= 7 descend_at= 52 close_before_lift= 7 close_hold= 7 lift_at= 84 lift=10 lift_run=10 xy_during_lift= 0 reward=1.0 done=1
ep=47 pos=(0.440,-0.075) frames= 89 x_active= 6 x_sign=100% y_active=12 y_sign=100% hover= 9 descend_at= 46 close_before_lift= 7 close_hold= 7 lift_at= 79 lift=10 lift_run=10 xy_during_lift= 0 reward=1.0 done=1
ep=48 pos=(0.440,-0.075) frames=102 x_active= 6 x_sign=100% y_active=12 y_sign=100% hover= 8 descend_at= 59 close_before_lift= 8 close_hold= 8 lift_at= 92 lift=10 lift_run=10 xy_during_lift= 0 reward=1.0 done=1
ep=49 pos=(0.440,+0.075) frames= 85 x_active= 6 x_sign=100% y_active=11 y_sign=100% hover= 9 descend_at= 44 close_before_lift= 8 close_hold= 8 lift_at= 75 lift=10 lift_run=10 xy_during_lift= 0 reward=1.0 done=1
ep=50 pos=(0.360,+0.075) frames= 95 x_active= 7 x_sign=100% y_active=11 y_sign=100% hover= 8 descend_at= 53 close_before_lift= 8 close_hold= 8 lift_at= 85 lift=10 lift_run=10 xy_during_lift= 0 reward=1.0 done=1
ep=51 pos=(0.360,-0.075) frames= 94 x_active= 7 x_sign=100% y_active=12 y_sign=100% hover= 8 descend_at= 52 close_before_lift= 8 close_hold= 8 lift_at= 84 lift=10 lift_run=10 xy_during_lift= 0 reward=1.0 done=1
ep=52 pos=(0.440,-0.075) frames= 94 x_active= 5 x_sign=100% y_active=12 y_sign=100% hover= 7 descend_at= 50 close_before_lift= 8 close_hold= 8 lift_at= 84 lift=10 lift_run=10 xy_during_lift= 0 reward=1.0 done=1
ep=53 pos=(0.360,-0.075) frames= 97 x_active= 8 x_sign=100% y_active=11 y_sign=100% hover= 8 descend_at= 53 close_before_lift= 9 close_hold= 9 lift_at= 87 lift=10 lift_run=10 xy_during_lift= 0 reward=1.0 done=1
ep=54 pos=(0.360,+0.075) frames= 94 x_active= 8 x_sign=100% y_active=11 y_sign=100% hover= 8 descend_at= 50 close_before_lift= 7 close_hold= 7 lift_at= 84 lift=10 lift_run=10 xy_during_lift= 0 reward=1.0 done=1
ep=55 pos=(0.440,+0.075) frames= 90 x_active= 7 x_sign=100% y_active=11 y_sign=100% hover=10 descend_at= 47 close_before_lift= 8 close_hold= 8 lift_at= 80 lift=10 lift_run=10 xy_during_lift= 0 reward=1.0 done=1
ep=56 pos=(0.440,-0.075) frames= 90 x_active= 6 x_sign=100% y_active=11 y_sign=100% hover= 7 descend_at= 49 close_before_lift= 7 close_hold= 7 lift_at= 80 lift=10 lift_run=10 xy_during_lift= 0 reward=1.0 done=1
ep=57 pos=(0.360,+0.075) frames= 92 x_active= 7 x_sign=100% y_active=11 y_sign=100% hover= 7 descend_at= 50 close_before_lift= 8 close_hold= 8 lift_at= 82 lift=10 lift_run=10 xy_during_lift= 0 reward=1.0 done=1
ep=58 pos=(0.360,-0.075) frames= 93 x_active= 7 x_sign=100% y_active=12 y_sign=100% hover= 8 descend_at= 51 close_before_lift= 8 close_hold= 8 lift_at= 83 lift=10 lift_run=10 xy_during_lift= 0 reward=1.0 done=1
ep=59 pos=(0.440,+0.075) frames= 91 x_active= 6 x_sign=100% y_active=11 y_sign=100% hover= 8 descend_at= 50 close_before_lift= 8 close_hold= 8 lift_at= 81 lift=10 lift_run=10 xy_during_lift= 0 reward=1.0 done=1

Failed demonstrations: []
Manual video check required: visible arm, completed XY approach, stable grasp, and actual cube lift.

QA: PASS (action labels/metadata; manual video check still required)

Dataset created: /home/wusanggg/robotics/data/panda_pick_cube_day17_xy_preserved_endpoints_v1
Episodes: 60 Frames: 5635
Source files unchanged; exact actions/states preserved; sampled camera frames verified.
Manual review image: /home/wusanggg/robotics/data/panda_pick_cube_day17_xy_preserved_endpoints_v1/verification/source_vs_merged.png
