/home/wusanggg/Downloads/ENTER/envs/lerobot-xpu/lib/python3.12/site-packages/gymnasium/spaces/box.py:231: UserWarning: [33mWARN: Box low's precision lowered by casting to float32, current low.dtype=float64[0m
  gym.logger.warn(
/home/wusanggg/Downloads/ENTER/envs/lerobot-xpu/lib/python3.12/site-packages/gymnasium/spaces/box.py:297: UserWarning: [33mWARN: Box high's precision lowered by casting to float32, current high.dtype=float64[0m
  gym.logger.warn(
============================================================
Loading ACT policy
============================================================
Checkpoint: outputs/act_panda_day12_xy_weighted_xy4_closew4_xpu_v1/checkpoints/002000/pretrained_model
Loading weights from local directory
Evaluation-only n_action_steps override: 5
Inference device: xpu
Policy: ACTPolicy
Device: xpu
Chunk size: 50
n_action_steps: 5
Gripper mode: close-at-step
Close step: 45
Close duration: 10
Diagnostic Y freeze step: 31
Diagnostic X freeze step: 31
Diagnostic descend step: 31
Keyboard controls:
  Arrow keys: Move in X-Y plane
  Shift and Shift_R: Move in Z axis
  O: Open gripper
  C: Close gripper
  Enter: End episode with SUCCESS
  Backspace: End episode with FAILURE
  Space: Start/Stop Intervention
  ESC: Exit
Home pose: configs/day11_home_x_centered.json
Initial TCP XYZ: [0.401855, -0.0, 0.077737]
Minimum TCP Z bound: 0.008
Position schedule: configs/day12_xy_smoke_positions.json

Environment observation space:
Dict('agent_pos': Box(-inf, inf, (18,), float32), 'pixels': Dict('front': Box(0, 255, (128, 128, 3), uint8), 'wrist': Box(0, 255, (128, 128, 3), uint8)))

Environment action space:
Box([-1. -1. -1.  0.], [1. 1. 1. 2.], (4,), float32)

============================================================
Episode 1/1
============================================================
Scheduled cube position: {'episode_index': 0, 'x': 0.32, 'y': -0.075, 'z': 0.02}
step=  1 | action=[[-0.179 -0.006 -0.009  0.97 ]] | reward=0.0 | terminated=False | truncated=False
  geometry: cube=[ 0.32   -0.075   0.0199], tcp=[ 3.999e-01 -1.000e-04  7.760e-02], gripper_pos=0.0
step= 10 | action=[[-0.283 -0.015 -0.019  0.978]] | reward=0.0 | terminated=False | truncated=False
  geometry: cube=[ 0.32   -0.075   0.0199], tcp=[0.3475 0.0017 0.0756], gripper_pos=0.0
step= 20 | action=[[-0.031 -0.25  -0.012  0.981]] | reward=0.0 | terminated=False | truncated=False
  geometry: cube=[ 0.32   -0.075   0.0199], tcp=[ 0.3156 -0.0457  0.0725], gripper_pos=0.0
step= 30 | action=[[ 0.004 -0.017 -0.034  0.984]] | reward=0.0 | terminated=False | truncated=False
  geometry: cube=[ 0.32   -0.075   0.0199], tcp=[ 0.3157 -0.0662  0.0687], gripper_pos=0.0
diagnostic descend at step=31 (command=-0.500, fixed-step mode)
diagnostic Y freeze at step=31 (delta_y forced to 0)
diagnostic X freeze at step=31 (delta_x forced to 0)
step= 40 | action=[[ 0.     0.    -0.5    1.012]] | reward=0.0 | terminated=False | truncated=False
  geometry: cube=[ 0.32   -0.075   0.0199], tcp=[ 0.3157 -0.0667  0.008 ], gripper_pos=3.1
diagnostic gripper close at step=45 (fixed-step mode)
step= 50 | action=[[ 0.     0.    -0.014  2.   ]] | reward=0.0 | terminated=False | truncated=False
  geometry: cube=[ 0.3188 -0.0687  0.0188], tcp=[ 0.3154 -0.0687  0.0162], gripper_pos=255.0
diagnostic lift at step=55 (command=0.500, fixed-step mode)
step= 60 | action=[[0.    0.    0.5   2.084]] | reward=0.0 | terminated=False | truncated=False
  geometry: cube=[ 0.3211 -0.0671  0.0738], tcp=[ 0.3177 -0.0671  0.0711], gripper_pos=255.0
step= 64 | action=[[0.    0.    0.5   0.972]] | reward=1.0 | terminated=True | truncated=False
  geometry: cube=[ 0.3214 -0.067   0.1236], tcp=[ 0.318 -0.067  0.121], gripper_pos=217.4

Episode finished: success=True, steps=64, reward=1.0, time=6.97s, max_gripper=2.129, z_range=[-0.500, 0.500]

============================================================
Evaluation summary
============================================================
Successes: 1/1
Success rate: 100.0%
