/home/wusanggg/Downloads/ENTER/envs/lerobot-xpu/lib/python3.12/site-packages/gymnasium/spaces/box.py:231: UserWarning: [33mWARN: Box low's precision lowered by casting to float32, current low.dtype=float64[0m
  gym.logger.warn(
/home/wusanggg/Downloads/ENTER/envs/lerobot-xpu/lib/python3.12/site-packages/gymnasium/spaces/box.py:297: UserWarning: [33mWARN: Box high's precision lowered by casting to float32, current high.dtype=float64[0m
  gym.logger.warn(
============================================================
Loading ACT policy
============================================================
Checkpoint: outputs/act_panda_day15_xy_staged_xy2_z2_liftz5_closew4_xpu_7000/checkpoints/007000/pretrained_model
Loading weights from local directory
Evaluation-only n_action_steps override: 5
Inference device: xpu
Policy: ACTPolicy
Device: xpu
Chunk size: 50
n_action_steps: 5
Gripper mode: policy
Keyboard controls:
  Arrow keys: Move in X-Y plane
  Shift and Shift_R: Move in Z axis
  O: Open gripper
  C: Close gripper
  Enter: End episode with SUCCESS
  Backspace: End episode with FAILURE
  Space: Start/Stop Intervention
  ESC: Exit
Home pose: configs/day11_home_x_centered.json
Initial TCP XYZ: [0.401855, -0.0, 0.077737]
Minimum TCP Z bound: 0.008
Position schedule: configs/day12_xy_smoke_positions.json

Environment observation space:
Dict('agent_pos': Box(-inf, inf, (18,), float32), 'pixels': Dict('front': Box(0, 255, (128, 128, 3), uint8), 'wrist': Box(0, 255, (128, 128, 3), uint8)))

Environment action space:
Box([-1. -1. -1.  0.], [1. 1. 1. 2.], (4,), float32)

============================================================
Episode 1/4
============================================================
Scheduled cube position: {'episode_index': 0, 'x': 0.32, 'y': -0.075, 'z': 0.02}
step=  1 | action=[[0.003 0.006 0.016 0.999]] | reward=0.0 | terminated=False | truncated=False
  geometry: cube=[ 0.32   -0.075   0.0199], tcp=[4.018e-01 1.000e-04 7.790e-02], gripper_pos=0.0
step= 10 | action=[[-0.152  0.002  0.001  0.995]] | reward=0.0 | terminated=False | truncated=False
  geometry: cube=[ 0.32   -0.075   0.0199], tcp=[0.398 0.001 0.081], gripper_pos=0.7
step= 20 | action=[[-0.277 -0.001  0.008  0.987]] | reward=0.0 | terminated=False | truncated=False
  geometry: cube=[ 0.32   -0.075   0.0199], tcp=[0.3409 0.0009 0.0818], gripper_pos=0.0
step= 30 | action=[[-0.002 -0.267 -0.012  0.987]] | reward=0.0 | terminated=False | truncated=False
  geometry: cube=[ 0.32   -0.075   0.0199], tcp=[ 0.3033 -0.016   0.0831], gripper_pos=0.0
step= 40 | action=[[ 0.001 -0.002  0.018  0.998]] | reward=0.0 | terminated=False | truncated=False
  geometry: cube=[ 0.32   -0.075   0.0199], tcp=[ 0.3033 -0.0673  0.0828], gripper_pos=0.0
step= 50 | action=[[0.000e+00 1.000e-03 7.000e-03 1.002e+00]] | reward=0.0 | terminated=False | truncated=False
  geometry: cube=[ 0.32   -0.075   0.0199], tcp=[ 0.3036 -0.0674  0.0843], gripper_pos=0.6
step= 60 | action=[[1.000e-03 1.000e-03 1.100e-02 1.002e+00]] | reward=0.0 | terminated=False | truncated=False
  geometry: cube=[ 0.32   -0.075   0.0199], tcp=[ 0.3039 -0.067   0.0858], gripper_pos=0.4
step= 70 | action=[[0.001 0.001 0.019 1.   ]] | reward=0.0 | terminated=False | truncated=False
  geometry: cube=[ 0.32   -0.075   0.0199], tcp=[ 0.3042 -0.0667  0.088 ], gripper_pos=0.0
step= 80 | action=[[0.001 0.    0.023 0.999]] | reward=0.0 | terminated=False | truncated=False
  geometry: cube=[ 0.32   -0.075   0.0199], tcp=[ 0.3046 -0.0668  0.0911], gripper_pos=0.0
step= 90 | action=[[1.000e-03 0.000e+00 1.700e-02 1.001e+00]] | reward=0.0 | terminated=False | truncated=False
  geometry: cube=[ 0.32   -0.075   0.0199], tcp=[ 0.3049 -0.0668  0.094 ], gripper_pos=0.4
step=100 | action=[[ 0.001 -0.     0.018  0.999]] | reward=0.0 | terminated=False | truncated=True
  geometry: cube=[ 0.32   -0.075   0.0199], tcp=[ 0.3051 -0.0672  0.0969], gripper_pos=0.0

Episode finished: success=False, steps=100, reward=0.0, time=10.74s, max_gripper=1.008, z_range=[-0.016, 0.024]

============================================================
Episode 2/4
============================================================
Scheduled cube position: {'episode_index': 1, 'x': 0.32, 'y': 0.075, 'z': 0.02}
step=  1 | action=[[-0.001  0.003  0.005  0.992]] | reward=0.0 | terminated=False | truncated=False
  geometry: cube=[0.32   0.075  0.0199], tcp=[0.4018 0.     0.0778], gripper_pos=0.0
step= 10 | action=[[-0.087  0.    -0.009  0.991]] | reward=0.0 | terminated=False | truncated=False
  geometry: cube=[0.32   0.075  0.0199], tcp=[0.4001 0.0007 0.0775], gripper_pos=0.0
step= 20 | action=[[-0.281 -0.002  0.004  0.986]] | reward=0.0 | terminated=False | truncated=False
  geometry: cube=[0.32   0.075  0.0199], tcp=[3.382e-01 3.000e-04 7.670e-02], gripper_pos=0.0
step= 30 | action=[[ 0.001  0.279 -0.011  0.981]] | reward=0.0 | terminated=False | truncated=False
  geometry: cube=[0.32   0.075  0.0199], tcp=[0.3092 0.0198 0.0783], gripper_pos=0.0
step= 40 | action=[[0.001 0.008 0.009 0.999]] | reward=0.0 | terminated=False | truncated=False
  geometry: cube=[0.32   0.075  0.0199], tcp=[0.31   0.0698 0.0784], gripper_pos=0.0
step= 50 | action=[[-0.001 -0.001 -0.542  0.995]] | reward=0.0 | terminated=False | truncated=False
  geometry: cube=[0.32   0.075  0.0199], tcp=[0.3092 0.0698 0.0082], gripper_pos=0.0
step= 60 | action=[[-1.000e-03  0.000e+00 -3.000e-03  2.068e+00]] | reward=0.0 | terminated=False | truncated=False
  geometry: cube=[0.3133 0.0732 0.0211], tcp=[0.3083 0.0731 0.0175], gripper_pos=255.0
step= 70 | action=[[-0.001  0.001  0.517  0.999]] | reward=0.0 | terminated=False | truncated=False
  geometry: cube=[0.3172 0.0702 0.0908], tcp=[0.3122 0.0702 0.0872], gripper_pos=244.2
step= 73 | action=[[-0.001  0.     0.52   0.996]] | reward=1.0 | terminated=True | truncated=False
  geometry: cube=[0.3173 0.0702 0.1297], tcp=[0.3123 0.0701 0.126 ], gripper_pos=240.7

Episode finished: success=True, steps=73, reward=1.0, time=7.23s, max_gripper=2.068, z_range=[-0.549, 0.522]

============================================================
Episode 3/4
============================================================
Scheduled cube position: {'episode_index': 2, 'x': 0.48, 'y': -0.075, 'z': 0.02}
step=  1 | action=[[ 0.004  0.003 -0.005  1.   ]] | reward=0.0 | terminated=False | truncated=False
  geometry: cube=[ 0.48   -0.075   0.0199], tcp=[0.4018 0.     0.0777], gripper_pos=0.0
step= 10 | action=[[ 0.138 -0.001 -0.005  0.999]] | reward=0.0 | terminated=False | truncated=False
  geometry: cube=[ 0.48   -0.075   0.0199], tcp=[0.4042 0.0006 0.0772], gripper_pos=4.4
step= 20 | action=[[ 0.288 -0.001  0.003  0.992]] | reward=0.0 | terminated=False | truncated=False
  geometry: cube=[ 0.48   -0.075   0.0199], tcp=[4.66e-01 4.00e-04 7.52e-02], gripper_pos=0.0
step= 30 | action=[[-0.002 -0.268 -0.002  0.986]] | reward=0.0 | terminated=False | truncated=False
  geometry: cube=[ 0.48   -0.075   0.0199], tcp=[ 0.4783 -0.0133  0.0754], gripper_pos=0.0
step= 40 | action=[[ 0.001 -0.022  0.021  0.991]] | reward=0.0 | terminated=False | truncated=False
  geometry: cube=[ 0.48   -0.075   0.0199], tcp=[ 0.4777 -0.0732  0.075 ], gripper_pos=0.0
step= 50 | action=[[-0.001 -0.001 -0.542  0.996]] | reward=0.0 | terminated=False | truncated=False
  geometry: cube=[ 0.48   -0.075   0.0199], tcp=[ 0.4768 -0.0749  0.0084], gripper_pos=0.0
step= 60 | action=[[ 2.000e-03 -3.000e-03 -5.000e-03  2.054e+00]] | reward=0.0 | terminated=False | truncated=False
  geometry: cube=[ 0.4802 -0.0758  0.0192], tcp=[ 0.4821 -0.0758  0.0163], gripper_pos=255.0
step= 70 | action=[[ 2.000e-03 -2.000e-03 -4.000e-03  2.061e+00]] | reward=0.0 | terminated=False | truncated=False
  geometry: cube=[ 0.4803 -0.076   0.0192], tcp=[ 0.4821 -0.076   0.0163], gripper_pos=255.0
step= 80 | action=[[ 2.000e-03 -3.000e-03 -5.000e-03  2.058e+00]] | reward=0.0 | terminated=False | truncated=False
  geometry: cube=[ 0.4803 -0.0762  0.0192], tcp=[ 0.4821 -0.0762  0.0163], gripper_pos=255.0
step= 90 | action=[[ 2.000e-03 -2.000e-03 -1.100e-02  2.023e+00]] | reward=0.0 | terminated=False | truncated=False
  geometry: cube=[ 0.4803 -0.0764  0.0192], tcp=[ 0.4821 -0.0764  0.0163], gripper_pos=255.0
step=100 | action=[[ 2.000e-03 -3.000e-03 -1.000e-02  2.043e+00]] | reward=0.0 | terminated=False | truncated=True
  geometry: cube=[ 0.4803 -0.0766  0.0192], tcp=[ 0.4822 -0.0767  0.0163], gripper_pos=255.0

Episode finished: success=False, steps=100, reward=0.0, time=9.94s, max_gripper=2.070, z_range=[-0.545, 0.021]

============================================================
Episode 4/4
============================================================
Scheduled cube position: {'episode_index': 3, 'x': 0.48, 'y': 0.075, 'z': 0.02}
step=  1 | action=[[ 0.003 -0.002  0.008  0.986]] | reward=0.0 | terminated=False | truncated=False
  geometry: cube=[0.48   0.075  0.0199], tcp=[ 0.4018 -0.      0.0778], gripper_pos=0.0
step= 10 | action=[[ 0.208 -0.002 -0.012  0.989]] | reward=0.0 | terminated=False | truncated=False
  geometry: cube=[0.48   0.075  0.0199], tcp=[ 4.124e-01 -1.000e-04  7.860e-02], gripper_pos=0.0
step= 20 | action=[[ 0.149 -0.002  0.002  0.991]] | reward=0.0 | terminated=False | truncated=False
  geometry: cube=[0.48   0.075  0.0199], tcp=[ 4.803e-01 -3.000e-04  7.720e-02], gripper_pos=0.0
step= 30 | action=[[ 0.001  0.282 -0.007  0.983]] | reward=0.0 | terminated=False | truncated=False
  geometry: cube=[0.48   0.075  0.0199], tcp=[0.4855 0.049  0.0757], gripper_pos=0.0
step= 40 | action=[[-0.001 -0.    -0.544  0.993]] | reward=0.0 | terminated=False | truncated=False
  geometry: cube=[0.48   0.075  0.0199], tcp=[0.4839 0.068  0.0475], gripper_pos=0.0
step= 50 | action=[[-0.000e+00  0.000e+00 -2.000e-03  2.062e+00]] | reward=0.0 | terminated=False | truncated=False
  geometry: cube=[0.4825 0.0698 0.0191], tcp=[0.4909 0.0699 0.0163], gripper_pos=255.0
step= 60 | action=[[-0.    -0.     0.519  0.998]] | reward=0.0 | terminated=False | truncated=False
  geometry: cube=[0.479  0.0682 0.0632], tcp=[0.4874 0.0682 0.0605], gripper_pos=247.6
step= 65 | action=[[-0.    -0.     0.517  0.998]] | reward=1.0 | terminated=True | truncated=False
  geometry: cube=[0.4791 0.0682 0.1279], tcp=[0.4874 0.0682 0.1251], gripper_pos=242.4

Episode finished: success=True, steps=65, reward=1.0, time=6.43s, max_gripper=2.069, z_range=[-0.544, 0.520]

============================================================
Evaluation summary
============================================================
Successes: 2/4
Success rate: 50.0%
