/home/wusanggg/Downloads/ENTER/envs/lerobot-xpu/lib/python3.12/site-packages/gymnasium/spaces/box.py:231: UserWarning: [33mWARN: Box low's precision lowered by casting to float32, current low.dtype=float64[0m
  gym.logger.warn(
/home/wusanggg/Downloads/ENTER/envs/lerobot-xpu/lib/python3.12/site-packages/gymnasium/spaces/box.py:297: UserWarning: [33mWARN: Box high's precision lowered by casting to float32, current high.dtype=float64[0m
  gym.logger.warn(
============================================================
Loading ACT policy
============================================================
Checkpoint: outputs/act_panda_day15_xy_staged_xy2_z3_closew4_xpu_7000/checkpoints/007000/pretrained_model
Loading weights from local directory
Evaluation-only n_action_steps override: 5
Inference device: xpu
Policy: ACTPolicy
Device: xpu
Chunk size: 50
n_action_steps: 5
Gripper mode: policy
Keyboard controls:
  Arrow keys: Move in X-Y plane
  Shift and Shift_R: Move in Z axis
  O: Open gripper
  C: Close gripper
  Enter: End episode with SUCCESS
  Backspace: End episode with FAILURE
  Space: Start/Stop Intervention
  ESC: Exit
Home pose: configs/day11_home_x_centered.json
Initial TCP XYZ: [0.401855, -0.0, 0.077737]
Minimum TCP Z bound: 0.008
Position schedule: configs/day12_xy_smoke_positions.json

Environment observation space:
Dict('agent_pos': Box(-inf, inf, (18,), float32), 'pixels': Dict('front': Box(0, 255, (128, 128, 3), uint8), 'wrist': Box(0, 255, (128, 128, 3), uint8)))

Environment action space:
Box([-1. -1. -1.  0.], [1. 1. 1. 2.], (4,), float32)

============================================================
Episode 1/4
============================================================
Scheduled cube position: {'episode_index': 0, 'x': 0.32, 'y': -0.075, 'z': 0.02}
step=  1 | action=[[-4.000e-03  1.000e-03  1.400e-02  1.002e+00]] | reward=0.0 | terminated=False | truncated=False
  geometry: cube=[ 0.32   -0.075   0.0199], tcp=[0.4018 0.     0.0779], gripper_pos=0.4
step= 10 | action=[[-0.022  0.002  0.004  0.993]] | reward=0.0 | terminated=False | truncated=False
  geometry: cube=[ 0.32   -0.075   0.0199], tcp=[0.4018 0.0005 0.0798], gripper_pos=0.0
step= 20 | action=[[-0.105 -0.003  0.022  0.995]] | reward=0.0 | terminated=False | truncated=False
  geometry: cube=[ 0.32   -0.075   0.0199], tcp=[0.3992 0.001  0.0855], gripper_pos=0.0
step= 30 | action=[[-0.276 -0.     0.02   0.99 ]] | reward=0.0 | terminated=False | truncated=False
  geometry: cube=[ 0.32   -0.075   0.0199], tcp=[3.382e-01 3.000e-04 8.940e-02], gripper_pos=0.0
step= 40 | action=[[ 0.001 -0.272  0.007  0.992]] | reward=0.0 | terminated=False | truncated=False
  geometry: cube=[ 0.32   -0.075   0.0199], tcp=[ 0.312  -0.0225  0.0926], gripper_pos=0.0
step= 50 | action=[[1.000e-03 1.000e-03 4.000e-03 1.003e+00]] | reward=0.0 | terminated=False | truncated=False
  geometry: cube=[ 0.32   -0.075   0.0199], tcp=[ 0.3121 -0.0669  0.0938], gripper_pos=0.7
step= 60 | action=[[ 0.002 -0.     0.006  1.004]] | reward=0.0 | terminated=False | truncated=False
  geometry: cube=[ 0.32   -0.075   0.0199], tcp=[ 0.3126 -0.0671  0.0959], gripper_pos=1.8
step= 70 | action=[[ 0.002 -0.     0.005  1.004]] | reward=0.0 | terminated=False | truncated=False
  geometry: cube=[ 0.32   -0.075   0.0199], tcp=[ 0.3132 -0.0672  0.0979], gripper_pos=4.1
step= 80 | action=[[ 2.000e-03 -0.000e+00 -1.000e-03  1.004e+00]] | reward=0.0 | terminated=False | truncated=False
  geometry: cube=[ 0.32   -0.075   0.0199], tcp=[ 0.3137 -0.0672  0.0989], gripper_pos=4.4
step= 90 | action=[[ 0.002 -0.    -0.005  1.004]] | reward=0.0 | terminated=False | truncated=False
  geometry: cube=[ 0.32   -0.075   0.0199], tcp=[ 0.3142 -0.0673  0.0994], gripper_pos=6.3
step=100 | action=[[ 2.000e-03 -1.000e-03 -4.000e-03  1.004e+00]] | reward=0.0 | terminated=False | truncated=True
  geometry: cube=[ 0.32   -0.075   0.0199], tcp=[ 0.3147 -0.0676  0.1001], gripper_pos=7.4

Episode finished: success=False, steps=100, reward=0.0, time=10.75s, max_gripper=1.005, z_range=[-0.023, 0.043]

============================================================
Episode 2/4
============================================================
Scheduled cube position: {'episode_index': 1, 'x': 0.32, 'y': 0.075, 'z': 0.02}
step=  1 | action=[[-0.002  0.003  0.019  0.998]] | reward=0.0 | terminated=False | truncated=False
  geometry: cube=[0.32   0.075  0.0199], tcp=[0.4018 0.     0.0779], gripper_pos=0.0
step= 10 | action=[[-0.148 -0.001  0.008  0.996]] | reward=0.0 | terminated=False | truncated=False
  geometry: cube=[0.32   0.075  0.0199], tcp=[0.3991 0.0007 0.0799], gripper_pos=0.0
step= 20 | action=[[-0.283  0.002  0.013  0.987]] | reward=0.0 | terminated=False | truncated=False
  geometry: cube=[0.32   0.075  0.0199], tcp=[0.3369 0.0008 0.082 ], gripper_pos=0.0
step= 30 | action=[[0.001 0.279 0.003 0.985]] | reward=0.0 | terminated=False | truncated=False
  geometry: cube=[0.32   0.075  0.0199], tcp=[0.3083 0.0206 0.0858], gripper_pos=0.0
step= 40 | action=[[2.000e-03 2.000e-03 1.000e-03 1.004e+00]] | reward=0.0 | terminated=False | truncated=False
  geometry: cube=[0.32   0.075  0.0199], tcp=[0.309  0.0707 0.0876], gripper_pos=1.1
step= 50 | action=[[0.002 0.    0.027 1.002]] | reward=0.0 | terminated=False | truncated=False
  geometry: cube=[0.32   0.075  0.0199], tcp=[0.3097 0.0712 0.0936], gripper_pos=3.5
step= 60 | action=[[ 2.000e-03 -1.000e-03  4.900e-02  1.006e+00]] | reward=0.0 | terminated=False | truncated=False
  geometry: cube=[0.32   0.075  0.0199], tcp=[0.3104 0.0713 0.1018], gripper_pos=6.6
step= 70 | action=[[ 1.000e-03 -0.000e+00  1.300e-02  1.007e+00]] | reward=0.0 | terminated=False | truncated=False
  geometry: cube=[0.32   0.075  0.0199], tcp=[0.3107 0.0711 0.1092], gripper_pos=8.8
step= 80 | action=[[ 1.000e-03 -1.000e-03  1.500e-02  1.007e+00]] | reward=0.0 | terminated=False | truncated=False
  geometry: cube=[0.32   0.075  0.0199], tcp=[0.311  0.0704 0.1153], gripper_pos=7.5
step= 90 | action=[[ 1.000e-03 -1.000e-03  8.000e-03  1.008e+00]] | reward=0.0 | terminated=False | truncated=False
  geometry: cube=[0.32   0.075  0.0199], tcp=[0.3111 0.0696 0.1218], gripper_pos=9.4
step=100 | action=[[ 1.000e-03 -1.000e-03  6.000e-03  1.003e+00]] | reward=0.0 | terminated=False | truncated=True
  geometry: cube=[0.32   0.075  0.0199], tcp=[0.3113 0.0686 0.1274], gripper_pos=7.4

Episode finished: success=False, steps=100, reward=0.0, time=9.93s, max_gripper=1.008, z_range=[-0.022, 0.057]

============================================================
Episode 3/4
============================================================
Scheduled cube position: {'episode_index': 2, 'x': 0.48, 'y': -0.075, 'z': 0.02}
step=  1 | action=[[0.008 0.005 0.01  0.988]] | reward=0.0 | terminated=False | truncated=False
  geometry: cube=[ 0.48   -0.075   0.0199], tcp=[4.019e-01 1.000e-04 7.780e-02], gripper_pos=0.0
step= 10 | action=[[0.022 0.004 0.004 0.997]] | reward=0.0 | terminated=False | truncated=False
  geometry: cube=[ 0.48   -0.075   0.0199], tcp=[0.4031 0.0011 0.0798], gripper_pos=0.0
step= 20 | action=[[0.053 0.001 0.017 0.993]] | reward=0.0 | terminated=False | truncated=False
  geometry: cube=[ 0.48   -0.075   0.0199], tcp=[0.4056 0.0022 0.0836], gripper_pos=0.0
step= 30 | action=[[ 0.286 -0.001  0.004  0.989]] | reward=0.0 | terminated=False | truncated=False
  geometry: cube=[ 0.48   -0.075   0.0199], tcp=[0.4557 0.0021 0.0879], gripper_pos=0.0
step= 40 | action=[[ 0.001 -0.268  0.007  0.994]] | reward=0.0 | terminated=False | truncated=False
  geometry: cube=[ 0.48   -0.075   0.0199], tcp=[ 0.484  -0.0102  0.0888], gripper_pos=0.0
step= 50 | action=[[ 1.000e-03 -5.000e-03  1.800e-02  1.002e+00]] | reward=0.0 | terminated=False | truncated=False
  geometry: cube=[ 0.48   -0.075   0.0199], tcp=[ 0.4845 -0.0698  0.0908], gripper_pos=0.6
step= 60 | action=[[ 1.000e-03 -1.000e-03  5.800e-02  1.007e+00]] | reward=0.0 | terminated=False | truncated=False
  geometry: cube=[ 0.48   -0.075   0.0199], tcp=[ 0.4852 -0.0708  0.0987], gripper_pos=6.2
step= 70 | action=[[1.000e-03 0.000e+00 4.900e-02 1.008e+00]] | reward=0.0 | terminated=False | truncated=False
  geometry: cube=[ 0.48   -0.075   0.0199], tcp=[ 0.4856 -0.0706  0.107 ], gripper_pos=9.4
step= 80 | action=[[0.002 0.    0.037 1.006]] | reward=0.0 | terminated=False | truncated=False
  geometry: cube=[ 0.48   -0.075   0.0199], tcp=[ 0.4861 -0.0704  0.116 ], gripper_pos=9.3
step= 90 | action=[[0.002 0.    0.04  1.007]] | reward=0.0 | terminated=False | truncated=False
  geometry: cube=[ 0.48   -0.075   0.0199], tcp=[ 0.4867 -0.0704  0.1252], gripper_pos=10.3
step=100 | action=[[2.000e-03 1.000e-03 2.200e-02 1.006e+00]] | reward=0.0 | terminated=False | truncated=True
  geometry: cube=[ 0.48   -0.075   0.0199], tcp=[ 0.4871 -0.0703  0.1329], gripper_pos=11.4

Episode finished: success=False, steps=100, reward=0.0, time=9.93s, max_gripper=1.008, z_range=[-0.007, 0.058]

============================================================
Episode 4/4
============================================================
Scheduled cube position: {'episode_index': 3, 'x': 0.48, 'y': 0.075, 'z': 0.02}
step=  1 | action=[[0.008 0.002 0.032 0.986]] | reward=0.0 | terminated=False | truncated=False
  geometry: cube=[0.48   0.075  0.0199], tcp=[0.4019 0.     0.0781], gripper_pos=0.0
step= 10 | action=[[ 0.163 -0.     0.024  0.993]] | reward=0.0 | terminated=False | truncated=False
  geometry: cube=[0.48   0.075  0.0199], tcp=[0.409  0.     0.0844], gripper_pos=0.0
step= 20 | action=[[ 0.282  0.    -0.001  0.988]] | reward=0.0 | terminated=False | truncated=False
  geometry: cube=[0.48   0.075  0.0199], tcp=[4.762e-01 2.000e-04 8.540e-02], gripper_pos=0.0
step= 30 | action=[[0.002 0.282 0.005 0.985]] | reward=0.0 | terminated=False | truncated=False
  geometry: cube=[0.48   0.075  0.0199], tcp=[0.4859 0.037  0.085 ], gripper_pos=0.0
step= 40 | action=[[ 0.002 -0.     0.017  1.002]] | reward=0.0 | terminated=False | truncated=False
  geometry: cube=[0.48   0.075  0.0199], tcp=[0.4865 0.0687 0.0878], gripper_pos=2.0
step= 50 | action=[[ 3.000e-03 -1.000e-03 -4.350e-01  1.004e+00]] | reward=0.0 | terminated=False | truncated=False
  geometry: cube=[0.48   0.075  0.0199], tcp=[0.4852 0.0685 0.0401], gripper_pos=7.7
step= 60 | action=[[-1.000e-03  0.000e+00  0.000e+00  2.036e+00]] | reward=0.0 | terminated=False | truncated=False
  geometry: cube=[0.4878 0.07   0.0197], tcp=[0.4961 0.0699 0.0167], gripper_pos=255.0
step= 70 | action=[[ 0.002 -0.     0.503  1.   ]] | reward=0.0 | terminated=False | truncated=False
  geometry: cube=[0.48   0.0686 0.0459], tcp=[0.4883 0.0686 0.0428], gripper_pos=252.6
step= 76 | action=[[0.002 0.    0.527 0.999]] | reward=1.0 | terminated=True | truncated=False
  geometry: cube=[0.481  0.0687 0.1236], tcp=[0.4893 0.0687 0.1204], gripper_pos=252.1

Episode finished: success=True, steps=76, reward=1.0, time=7.58s, max_gripper=2.042, z_range=[-0.545, 0.533]

============================================================
Evaluation summary
============================================================
Successes: 1/4
Success rate: 25.0%
