/home/wusanggg/Downloads/ENTER/envs/lerobot-xpu/lib/python3.12/site-packages/gymnasium/spaces/box.py:231: UserWarning: [33mWARN: Box low's precision lowered by casting to float32, current low.dtype=float64[0m
  gym.logger.warn(
/home/wusanggg/Downloads/ENTER/envs/lerobot-xpu/lib/python3.12/site-packages/gymnasium/spaces/box.py:297: UserWarning: [33mWARN: Box high's precision lowered by casting to float32, current high.dtype=float64[0m
  gym.logger.warn(
============================================================
Loading ACT policy
============================================================
Checkpoint: outputs/act_panda_day13_xy_z_weighted_xy4_z4_closew4_xpu_4000/checkpoints/004000/pretrained_model
Loading weights from local directory
Evaluation-only n_action_steps override: 1
Inference device: xpu
Policy: ACTPolicy
Device: xpu
Chunk size: 50
n_action_steps: 1
Gripper mode: policy
Keyboard controls:
  Arrow keys: Move in X-Y plane
  Shift and Shift_R: Move in Z axis
  O: Open gripper
  C: Close gripper
  Enter: End episode with SUCCESS
  Backspace: End episode with FAILURE
  Space: Start/Stop Intervention
  ESC: Exit
Home pose: configs/day11_home_x_centered.json
Initial TCP XYZ: [0.401855, -0.0, 0.077737]
Minimum TCP Z bound: 0.008
Position schedule: configs/day12_xy_seen_eval_positions.json

Environment observation space:
Dict('agent_pos': Box(-inf, inf, (18,), float32), 'pixels': Dict('front': Box(0, 255, (128, 128, 3), uint8), 'wrist': Box(0, 255, (128, 128, 3), uint8)))

Environment action space:
Box([-1. -1. -1.  0.], [1. 1. 1. 2.], (4,), float32)

============================================================
Episode 1/4
============================================================
Scheduled cube position: {'episode_index': 0, 'x': 0.32, 'y': -0.075, 'z': 0.02}
step=  1 | action=[[-0.06  -0.011 -0.017  1.012]] | reward=0.0 | terminated=False | truncated=False
  geometry: cube=[ 0.32   -0.075   0.0199], tcp=[ 4.012e-01 -1.000e-04  7.760e-02], gripper_pos=3.0
step= 10 | action=[[-0.267 -0.028 -0.009  0.984]] | reward=0.0 | terminated=False | truncated=False
  geometry: cube=[ 0.32   -0.075   0.0199], tcp=[0.3503 0.001  0.0727], gripper_pos=0.0
step= 20 | action=[[-0.007 -0.265 -0.016  0.991]] | reward=0.0 | terminated=False | truncated=False
  geometry: cube=[ 0.32   -0.075   0.0199], tcp=[ 0.3251 -0.0491  0.0702], gripper_pos=0.0
step= 30 | action=[[-0.016 -0.011  0.017  0.978]] | reward=0.0 | terminated=False | truncated=False
  geometry: cube=[ 0.32   -0.075   0.0199], tcp=[ 0.3232 -0.0683  0.0736], gripper_pos=0.0
step= 40 | action=[[-0.014 -0.008  0.019  0.977]] | reward=0.0 | terminated=False | truncated=False
  geometry: cube=[ 0.32   -0.075   0.0199], tcp=[ 0.3197 -0.0703  0.0791], gripper_pos=0.0
step= 50 | action=[[-0.008 -0.01   0.035  0.976]] | reward=0.0 | terminated=False | truncated=False
  geometry: cube=[ 0.32   -0.075   0.0199], tcp=[ 0.3173 -0.0723  0.0853], gripper_pos=0.0
step= 60 | action=[[-0.005 -0.006 -0.001  0.977]] | reward=0.0 | terminated=False | truncated=False
  geometry: cube=[ 0.32   -0.075   0.0199], tcp=[ 0.315  -0.0741  0.0902], gripper_pos=0.0
step= 70 | action=[[-0.009 -0.002 -0.003  0.978]] | reward=0.0 | terminated=False | truncated=False
  geometry: cube=[ 0.32   -0.075   0.0199], tcp=[ 0.3131 -0.0751  0.0887], gripper_pos=0.0
step= 80 | action=[[-0.007 -0.002  0.037  0.975]] | reward=0.0 | terminated=False | truncated=False
  geometry: cube=[ 0.32   -0.075   0.0199], tcp=[ 0.3112 -0.0759  0.0913], gripper_pos=0.0
step= 90 | action=[[-0.008 -0.006  0.011  0.985]] | reward=0.0 | terminated=False | truncated=False
  geometry: cube=[ 0.32   -0.075   0.0199], tcp=[ 0.3096 -0.077   0.0972], gripper_pos=0.0
step=100 | action=[[-0.005 -0.012  0.033  0.989]] | reward=0.0 | terminated=False | truncated=True
  geometry: cube=[ 0.32   -0.075   0.0199], tcp=[ 0.308  -0.0797  0.1048], gripper_pos=0.0

Episode finished: success=False, steps=100, reward=0.0, time=10.76s, max_gripper=1.012, z_range=[-0.030, 0.039]

============================================================
Episode 2/4
============================================================
Scheduled cube position: {'episode_index': 1, 'x': 0.32, 'y': 0.075, 'z': 0.02}
step=  1 | action=[[-0.089  0.011 -0.014  1.015]] | reward=0.0 | terminated=False | truncated=False
  geometry: cube=[0.32   0.075  0.0199], tcp=[4.009e-01 1.000e-04 7.760e-02], gripper_pos=3.7
step= 10 | action=[[-0.242  0.037 -0.003  0.969]] | reward=0.0 | terminated=False | truncated=False
  geometry: cube=[0.32   0.075  0.0199], tcp=[ 0.347  -0.0009  0.0758], gripper_pos=0.0
step= 20 | action=[[0.006 0.153 0.028 0.979]] | reward=0.0 | terminated=False | truncated=False
  geometry: cube=[0.32   0.075  0.0199], tcp=[0.3341 0.0517 0.079 ], gripper_pos=0.0
step= 30 | action=[[0.007 0.012 0.014 0.987]] | reward=0.0 | terminated=False | truncated=False
  geometry: cube=[0.32   0.075  0.0199], tcp=[0.3358 0.0655 0.0841], gripper_pos=0.0
step= 40 | action=[[0.001 0.006 0.005 0.992]] | reward=0.0 | terminated=False | truncated=False
  geometry: cube=[0.32   0.075  0.0199], tcp=[0.3369 0.0675 0.0868], gripper_pos=0.0
step= 50 | action=[[-0.001  0.003  0.005  0.986]] | reward=0.0 | terminated=False | truncated=False
  geometry: cube=[0.32   0.075  0.0199], tcp=[0.3371 0.0686 0.089 ], gripper_pos=0.0
step= 60 | action=[[-0.003  0.003  0.003  0.987]] | reward=0.0 | terminated=False | truncated=False
  geometry: cube=[0.32   0.075  0.0199], tcp=[0.3367 0.0692 0.0891], gripper_pos=0.0
step= 70 | action=[[-0.003  0.003  0.002  0.99 ]] | reward=0.0 | terminated=False | truncated=False
  geometry: cube=[0.32   0.075  0.0199], tcp=[0.3358 0.0698 0.0886], gripper_pos=0.0
step= 80 | action=[[-0.004  0.002 -0.006  0.985]] | reward=0.0 | terminated=False | truncated=False
  geometry: cube=[0.32   0.075  0.0199], tcp=[0.3347 0.0703 0.0889], gripper_pos=0.0
step= 90 | action=[[-0.009  0.    -0.002  0.981]] | reward=0.0 | terminated=False | truncated=False
  geometry: cube=[0.32   0.075  0.0199], tcp=[0.3329 0.0706 0.0876], gripper_pos=0.0
step=100 | action=[[-0.011  0.003 -0.007  0.98 ]] | reward=0.0 | terminated=False | truncated=True
  geometry: cube=[0.32   0.075  0.0199], tcp=[0.3302 0.0707 0.0863], gripper_pos=0.0

Episode finished: success=False, steps=100, reward=0.0, time=9.97s, max_gripper=1.015, z_range=[-0.015, 0.032]

============================================================
Episode 3/4
============================================================
Scheduled cube position: {'episode_index': 2, 'x': 0.48, 'y': -0.075, 'z': 0.02}
step=  1 | action=[[ 0.197 -0.01  -0.009  0.982]] | reward=0.0 | terminated=False | truncated=False
  geometry: cube=[ 0.48   -0.075   0.0199], tcp=[ 4.038e-01 -1.000e-04  7.760e-02], gripper_pos=0.0
step= 10 | action=[[ 0.2   -0.029 -0.04   1.005]] | reward=0.0 | terminated=False | truncated=False
  geometry: cube=[ 0.48   -0.075   0.0199], tcp=[0.4588 0.001  0.0712], gripper_pos=6.7
step= 20 | action=[[ 0.003 -0.147  0.006  0.973]] | reward=0.0 | terminated=False | truncated=False
  geometry: cube=[ 0.48   -0.075   0.0199], tcp=[ 0.4743 -0.0502  0.0667], gripper_pos=0.0
step= 30 | action=[[ 0.015 -0.01   0.024  0.989]] | reward=0.0 | terminated=False | truncated=False
  geometry: cube=[ 0.48   -0.075   0.0199], tcp=[ 0.4773 -0.0643  0.0699], gripper_pos=0.0
step= 40 | action=[[ 0.004 -0.006 -0.502  0.997]] | reward=0.0 | terminated=False | truncated=False
  geometry: cube=[ 0.48   -0.075   0.0199], tcp=[ 0.4793 -0.0661  0.0563], gripper_pos=0.0
step= 50 | action=[[-0.    -0.006 -0.037  2.025]] | reward=0.0 | terminated=False | truncated=False
  geometry: cube=[ 0.4819 -0.0683  0.019 ], tcp=[ 0.4841 -0.0683  0.0164], gripper_pos=255.0
step= 60 | action=[[-1.00e-03 -7.00e-03 -3.60e-02  2.03e+00]] | reward=0.0 | terminated=False | truncated=False
  geometry: cube=[ 0.483  -0.0684  0.019 ], tcp=[ 0.4852 -0.0684  0.0164], gripper_pos=255.0
step= 70 | action=[[-2.000e-03 -8.000e-03 -3.300e-02  2.055e+00]] | reward=0.0 | terminated=False | truncated=False
  geometry: cube=[ 0.4838 -0.0689  0.019 ], tcp=[ 0.486  -0.0689  0.0164], gripper_pos=255.0
step= 80 | action=[[-0.003 -0.008 -0.033  2.067]] | reward=0.0 | terminated=False | truncated=False
  geometry: cube=[ 0.4847 -0.0706  0.0191], tcp=[ 0.4869 -0.0706  0.0165], gripper_pos=255.0
step= 90 | action=[[-0.003 -0.007 -0.033  2.095]] | reward=0.0 | terminated=False | truncated=False
  geometry: cube=[ 0.4861 -0.0728  0.0195], tcp=[ 0.4883 -0.0728  0.0168], gripper_pos=255.0
step=100 | action=[[-0.003 -0.005 -0.037  2.079]] | reward=0.0 | terminated=False | truncated=True
  geometry: cube=[ 0.4862 -0.075   0.0197], tcp=[ 0.4885 -0.075   0.017 ], gripper_pos=255.0

Episode finished: success=False, steps=100, reward=0.0, time=9.98s, max_gripper=2.095, z_range=[-0.548, 0.026]

============================================================
Episode 4/4
============================================================
Scheduled cube position: {'episode_index': 3, 'x': 0.48, 'y': 0.075, 'z': 0.02}
step=  1 | action=[[ 0.18   0.003 -0.007  0.983]] | reward=0.0 | terminated=False | truncated=False
  geometry: cube=[0.48   0.075  0.0199], tcp=[0.4036 0.     0.0777], gripper_pos=0.0
step= 10 | action=[[ 0.236  0.02  -0.055  0.976]] | reward=0.0 | terminated=False | truncated=False
  geometry: cube=[0.48   0.075  0.0199], tcp=[ 0.4574 -0.0016  0.0671], gripper_pos=0.0
step= 20 | action=[[ 0.113  0.04  -0.219  1.009]] | reward=0.0 | terminated=False | truncated=False
  geometry: cube=[0.4803 0.0748 0.0196], tcp=[0.4892 0.0304 0.042 ], gripper_pos=2.4
step= 30 | action=[[-0.039  0.02   0.283  1.199]] | reward=0.0 | terminated=False | truncated=False
  geometry: cube=[0.4906 0.0751 0.0245], tcp=[0.517  0.0387 0.0225], gripper_pos=255.0
step= 40 | action=[[ 0.009  0.026 -0.004  1.884]] | reward=0.0 | terminated=False | truncated=False
  geometry: cube=[0.4842 0.0779 0.0199], tcp=[0.4946 0.0385 0.0482], gripper_pos=255.0
step= 50 | action=[[ 0.004  0.019 -0.073  1.848]] | reward=0.0 | terminated=False | truncated=False
  geometry: cube=[0.4842 0.0779 0.0199], tcp=[0.4973 0.0447 0.0438], gripper_pos=255.0
step= 60 | action=[[-0.003  0.01   0.06   1.694]] | reward=0.0 | terminated=False | truncated=False
  geometry: cube=[0.4841 0.078  0.0199], tcp=[0.497  0.0527 0.035 ], gripper_pos=255.0
step= 70 | action=[[-1.000e-03  1.000e-02 -6.400e-02  1.926e+00]] | reward=0.0 | terminated=False | truncated=False
  geometry: cube=[0.4851 0.0794 0.0199], tcp=[0.4966 0.0548 0.0358], gripper_pos=255.0
step= 80 | action=[[-0.005 -0.    -0.029  1.913]] | reward=0.0 | terminated=False | truncated=False
  geometry: cube=[0.4856 0.0799 0.0199], tcp=[0.4962 0.0556 0.0359], gripper_pos=255.0
step= 90 | action=[[-0.004 -0.    -0.004  1.956]] | reward=0.0 | terminated=False | truncated=False
  geometry: cube=[0.4856 0.0801 0.0199], tcp=[0.4954 0.0558 0.0363], gripper_pos=255.0
step=100 | action=[[-0.005  0.003 -0.012  1.986]] | reward=0.0 | terminated=False | truncated=True
  geometry: cube=[0.4856 0.0801 0.0199], tcp=[0.4944 0.0557 0.0348], gripper_pos=255.0

Episode finished: success=False, steps=100, reward=0.0, time=9.97s, max_gripper=2.010, z_range=[-0.423, 0.375]

============================================================
Evaluation summary
============================================================
Successes: 0/4
Success rate: 0.0%
