/home/wusanggg/Downloads/ENTER/envs/lerobot-xpu/lib/python3.12/site-packages/gymnasium/spaces/box.py:231: UserWarning: WARN: Box low's precision lowered by casting to float32, current low.dtype=float64
  gym.logger.warn(
/home/wusanggg/Downloads/ENTER/envs/lerobot-xpu/lib/python3.12/site-packages/gymnasium/spaces/box.py:297: UserWarning: WARN: Box high's precision lowered by casting to float32, current high.dtype=float64
  gym.logger.warn(
============================================================
Loading ACT policy
============================================================
Checkpoint: outputs/act_panda_day8_y_weighted_w4_xpu_v1/checkpoints/002000/pretrained_model
Loading weights from local directory
Evaluation-only n_action_steps override: 1
Inference device: xpu
Policy: ACTPolicy
Device: xpu
Chunk size: 50
n_action_steps: 1
Gripper mode: policy
Keyboard controls:
  Arrow keys: Move in X-Y plane
  Shift and Shift_R: Move in Z axis
  O: Open gripper
  C: Close gripper
  Enter: End episode with SUCCESS
  Backspace: End episode with FAILURE
  Space: Start/Stop Intervention
  ESC: Exit
Position schedule: configs/day8_y_axis_nonzero_interpolation_positions.json

Environment observation space:
Dict('agent_pos': Box(-inf, inf, (18,), float32), 'pixels': Dict('front': Box(0, 255, (128, 128, 3), uint8), 'wrist': Box(0, 255, (128, 128, 3), uint8)))

Environment action space:
Box([-1. -1. -1.  0.], [1. 1. 1. 2.], (4,), float32)

============================================================
Episode 1/2
============================================================
Scheduled cube position: {'episode_index': 0, 'x': 0.48, 'y': -0.05, 'z': 0.02}
step=  1 | action=[[ 0.    -0.136  0.003  0.998]] | reward=0.0 | terminated=False | truncated=False
  geometry: cube=[ 0.48   -0.05    0.0199], tcp=[ 0.4902 -0.0014  0.0777], gripper_pos=0.0
step= 10 | action=[[ 0.    -0.141 -0.028  0.987]] | reward=0.0 | terminated=False | truncated=False
  geometry: cube=[ 0.48   -0.05    0.0199], tcp=[ 0.4902 -0.0475  0.0741], gripper_pos=2.7
step= 20 | action=[[ 0.     0.017 -0.511  0.96 ]] | reward=0.0 | terminated=False | truncated=False
  geometry: cube=[ 0.48   -0.05    0.0199], tcp=[ 0.4886 -0.0633  0.0317], gripper_pos=0.0
step= 30 | action=[[ 0.    -0.004 -0.016  1.761]] | reward=0.0 | terminated=False | truncated=False
  geometry: cube=[ 0.4787 -0.0638  0.0192], tcp=[ 0.4951 -0.0642  0.0168], gripper_pos=255.0
step= 40 | action=[[ 0.    -0.009 -0.051  0.968]] | reward=0.0 | terminated=False | truncated=False
  geometry: cube=[ 0.4936 -0.067   0.0186], tcp=[ 0.5102 -0.0679  0.0167], gripper_pos=199.0
step= 50 | action=[[ 0.    -0.012  0.529  1.003]] | reward=0.0 | terminated=False | truncated=False
  geometry: cube=[ 0.476  -0.067   0.0428], tcp=[ 0.4926 -0.0671  0.0404], gripper_pos=149.8
step= 56 | action=[[ 0.    -0.016  0.519  0.99 ]] | reward=1.0 | terminated=True | truncated=False
  geometry: cube=[ 0.4751 -0.0694  0.1212], tcp=[ 0.4917 -0.0694  0.1187], gripper_pos=150.4

Episode finished: success=True, steps=56, reward=1.0, time=6.18s, max_gripper=1.845, z_range=[-0.511, 0.536]

============================================================
Episode 2/2
============================================================
Scheduled cube position: {'episode_index': 1, 'x': 0.48, 'y': 0.05, 'z': 0.02}
step=  1 | action=[[ 0.     0.093 -0.011  0.971]] | reward=0.0 | terminated=False | truncated=False
  geometry: cube=[0.48   0.05   0.0199], tcp=[0.4902 0.001  0.0775], gripper_pos=0.0
step= 10 | action=[[ 0.     0.223 -0.126  0.996]] | reward=0.0 | terminated=False | truncated=False
  geometry: cube=[0.48   0.05   0.0199], tcp=[0.4898 0.0508 0.0659], gripper_pos=0.0
step= 20 | action=[[ 0.     0.015 -0.084  1.28 ]] | reward=0.0 | terminated=False | truncated=False
  geometry: cube=[0.4812 0.0587 0.02  ], tcp=[0.4926 0.073  0.0052], gripper_pos=71.4
step= 30 | action=[[ 0.    -0.    -0.008  1.24 ]] | reward=0.0 | terminated=False | truncated=False
  geometry: cube=[0.4832 0.074  0.0187], tcp=[0.4947 0.0741 0.0162], gripper_pos=255.0
step= 40 | action=[[ 0.     0.    -0.021  1.232]] | reward=0.0 | terminated=False | truncated=False
  geometry: cube=[0.4833 0.0743 0.0186], tcp=[0.4948 0.0743 0.0162], gripper_pos=255.0
step= 50 | action=[[ 0.    -0.003 -0.012  1.164]] | reward=0.0 | terminated=False | truncated=False
  geometry: cube=[0.4831 0.0746 0.0186], tcp=[0.4947 0.0746 0.0162], gripper_pos=255.0
step= 60 | action=[[ 0.    -0.    -0.023  1.281]] | reward=0.0 | terminated=False | truncated=False
  geometry: cube=[0.4831 0.0744 0.0186], tcp=[0.4946 0.0744 0.0162], gripper_pos=255.0
step= 70 | action=[[ 0.    -0.002 -0.021  1.21 ]] | reward=0.0 | terminated=False | truncated=False
  geometry: cube=[0.4831 0.0742 0.0186], tcp=[0.4947 0.0742 0.0162], gripper_pos=255.0
step= 80 | action=[[ 0.    -0.003 -0.02   1.216]] | reward=0.0 | terminated=False | truncated=False
  geometry: cube=[0.4831 0.0738 0.0186], tcp=[0.4946 0.0738 0.0162], gripper_pos=255.0
step= 90 | action=[[ 0.    -0.003 -0.019  1.203]] | reward=0.0 | terminated=False | truncated=False
  geometry: cube=[0.483  0.0736 0.0186], tcp=[0.4945 0.0735 0.0162], gripper_pos=255.0
step=100 | action=[[ 0.    -0.    -0.019  1.285]] | reward=0.0 | terminated=False | truncated=False
  geometry: cube=[0.483  0.0735 0.0186], tcp=[0.4945 0.0734 0.0162], gripper_pos=255.0
step=110 | action=[[ 0.000e+00  1.000e-03 -2.100e-02  1.268e+00]] | reward=0.0 | terminated=False | truncated=False
  geometry: cube=[0.483  0.0734 0.0186], tcp=[0.4945 0.0733 0.0162], gripper_pos=255.0
step=120 | action=[[ 0.    -0.    -0.021  1.262]] | reward=0.0 | terminated=False | truncated=False
  geometry: cube=[0.483  0.0734 0.0186], tcp=[0.4945 0.0733 0.0162], gripper_pos=255.0
step=130 | action=[[ 0.000e+00 -1.000e-03 -2.100e-02  1.227e+00]] | reward=0.0 | terminated=False | truncated=False
  geometry: cube=[0.483  0.0733 0.0186], tcp=[0.4945 0.0732 0.0162], gripper_pos=255.0
step=140 | action=[[ 0.000e+00 -1.000e-03 -2.000e-02  1.232e+00]] | reward=0.0 | terminated=False | truncated=False
  geometry: cube=[0.483  0.0732 0.0186], tcp=[0.4945 0.0732 0.0162], gripper_pos=255.0
step=150 | action=[[ 0.    -0.002 -0.019  1.212]] | reward=0.0 | terminated=False | truncated=True
  geometry: cube=[0.483  0.0731 0.0186], tcp=[0.4945 0.073  0.0162], gripper_pos=255.0

Episode finished: success=False, steps=150, reward=0.0, time=14.95s, max_gripper=1.952, z_range=[-0.442, 0.099]

============================================================
Evaluation summary
============================================================
Successes: 1/2
Success rate: 50.0%
