/home/wusanggg/Downloads/ENTER/envs/lerobot-xpu/lib/python3.12/site-packages/gymnasium/spaces/box.py:231: UserWarning: WARN: Box low's precision lowered by casting to float32, current low.dtype=float64
  gym.logger.warn(
/home/wusanggg/Downloads/ENTER/envs/lerobot-xpu/lib/python3.12/site-packages/gymnasium/spaces/box.py:297: UserWarning: WARN: Box high's precision lowered by casting to float32, current high.dtype=float64
  gym.logger.warn(
============================================================
Loading ACT policy
============================================================
Checkpoint: outputs/act_panda_day8_y_weighted_w4_xpu_v1/checkpoints/002000/pretrained_model
Loading weights from local directory
Evaluation-only n_action_steps override: 5
Inference device: xpu
Policy: ACTPolicy
Device: xpu
Chunk size: 50
n_action_steps: 5
Gripper mode: close-at-step
Close step: 30
Close duration: 10
Keyboard controls:
  Arrow keys: Move in X-Y plane
  Shift and Shift_R: Move in Z axis
  O: Open gripper
  C: Close gripper
  Enter: End episode with SUCCESS
  Backspace: End episode with FAILURE
  Space: Start/Stop Intervention
  ESC: Exit
Position schedule: configs/day8_y_axis_nonzero_interpolation_positions.json

Environment observation space:
Dict('agent_pos': Box(-inf, inf, (18,), float32), 'pixels': Dict('front': Box(0, 255, (128, 128, 3), uint8), 'wrist': Box(0, 255, (128, 128, 3), uint8)))

Environment action space:
Box([-1. -1. -1.  0.], [1. 1. 1. 2.], (4,), float32)

============================================================
Episode 1/2
============================================================
Scheduled cube position: {'episode_index': 0, 'x': 0.48, 'y': -0.05, 'z': 0.02}
step=  1 | action=[[ 0.    -0.136  0.003  0.998]] | reward=0.0 | terminated=False | truncated=False
  geometry: cube=[ 0.48   -0.05    0.0199], tcp=[ 0.4902 -0.0014  0.0777], gripper_pos=0.0
step= 10 | action=[[ 0.    -0.25  -0.019  1.001]] | reward=0.0 | terminated=False | truncated=False
  geometry: cube=[ 0.48   -0.05    0.0199], tcp=[ 0.4902 -0.0468  0.0759], gripper_pos=7.1
step= 20 | action=[[ 0.    -0.005 -0.06   0.999]] | reward=0.0 | terminated=False | truncated=False
  geometry: cube=[ 0.48   -0.05    0.0199], tcp=[ 0.49   -0.0676  0.0647], gripper_pos=0.0
diagnostic gripper close at step=30 (fixed-step mode)
step= 30 | action=[[ 0.     0.052 -0.425  2.   ]] | reward=0.0 | terminated=False | truncated=False
  geometry: cube=[ 0.481  -0.0599  0.0225], tcp=[ 0.4915 -0.0618  0.0075], gripper_pos=255.0
step= 40 | action=[[ 0.     0.009 -0.036  1.863]] | reward=0.0 | terminated=False | truncated=False
  geometry: cube=[ 0.4794 -0.0587  0.0347], tcp=[ 0.4902 -0.0596  0.0016], gripper_pos=255.0
step= 50 | action=[[ 0.     0.008 -0.029  1.889]] | reward=0.0 | terminated=False | truncated=False
  geometry: cube=[ 0.4793 -0.0575  0.0347], tcp=[ 0.4901 -0.0584  0.0016], gripper_pos=255.0
step= 60 | action=[[ 0.     0.009 -0.027  1.874]] | reward=0.0 | terminated=False | truncated=False
  geometry: cube=[ 0.4792 -0.0564  0.0347], tcp=[ 0.49   -0.0573  0.0016], gripper_pos=255.0
step= 70 | action=[[ 0.     0.01  -0.031  1.867]] | reward=0.0 | terminated=False | truncated=False
  geometry: cube=[ 0.4791 -0.055   0.0347], tcp=[ 0.4899 -0.0559  0.0016], gripper_pos=255.0
step= 80 | action=[[ 0.     0.004 -0.027  1.909]] | reward=0.0 | terminated=False | truncated=False
  geometry: cube=[ 0.4791 -0.054   0.0347], tcp=[ 0.4899 -0.0549  0.0016], gripper_pos=255.0
step= 90 | action=[[ 0.     0.003 -0.031  1.881]] | reward=0.0 | terminated=False | truncated=False
  geometry: cube=[ 0.479  -0.0539  0.0347], tcp=[ 0.4899 -0.0548  0.0016], gripper_pos=255.0
step=100 | action=[[ 0.000e+00  1.000e-03 -2.900e-02  1.874e+00]] | reward=0.0 | terminated=False | truncated=False
  geometry: cube=[ 0.479  -0.0539  0.0347], tcp=[ 0.4898 -0.0548  0.0016], gripper_pos=255.0
step=110 | action=[[ 0.     0.003 -0.021  1.928]] | reward=0.0 | terminated=False | truncated=False
  geometry: cube=[ 0.479  -0.0541  0.0347], tcp=[ 0.4898 -0.055   0.0016], gripper_pos=255.0
step=120 | action=[[ 0.     0.002 -0.021  1.911]] | reward=0.0 | terminated=False | truncated=False
  geometry: cube=[ 0.479  -0.0542  0.0347], tcp=[ 0.4898 -0.0551  0.0016], gripper_pos=255.0
step=130 | action=[[ 0.     0.004 -0.019  1.925]] | reward=0.0 | terminated=False | truncated=False
  geometry: cube=[ 0.479  -0.0538  0.0347], tcp=[ 0.4898 -0.0547  0.0016], gripper_pos=255.0
step=140 | action=[[ 0.     0.    -0.02   1.918]] | reward=0.0 | terminated=False | truncated=False
  geometry: cube=[ 0.479  -0.0542  0.0347], tcp=[ 0.4898 -0.0551  0.0016], gripper_pos=255.0
step=150 | action=[[ 0.     0.002 -0.019  1.872]] | reward=0.0 | terminated=False | truncated=True
  geometry: cube=[ 0.479  -0.0548  0.0347], tcp=[ 0.4898 -0.0556  0.0016], gripper_pos=255.0

Episode finished: success=False, steps=150, reward=0.0, time=15.68s, max_gripper=2.000, z_range=[-0.429, 0.004]

============================================================
Episode 2/2
============================================================
Scheduled cube position: {'episode_index': 1, 'x': 0.48, 'y': 0.05, 'z': 0.02}
step=  1 | action=[[ 0.     0.093 -0.011  0.971]] | reward=0.0 | terminated=False | truncated=False
  geometry: cube=[0.48   0.05   0.0199], tcp=[0.4902 0.001  0.0775], gripper_pos=0.0
step= 10 | action=[[ 0.     0.263 -0.029  0.974]] | reward=0.0 | terminated=False | truncated=False
  geometry: cube=[0.48   0.05   0.0199], tcp=[0.4901 0.0408 0.0733], gripper_pos=0.0
step= 20 | action=[[ 0.     0.137 -0.108  1.007]] | reward=0.0 | terminated=False | truncated=False
  geometry: cube=[0.48   0.05   0.0199], tcp=[0.4898 0.0935 0.0512], gripper_pos=2.8
diagnostic gripper close at step=30 (fixed-step mode)
step= 30 | action=[[ 0.    -0.01  -0.303  2.   ]] | reward=0.0 | terminated=False | truncated=False
  geometry: cube=[0.4849 0.0582 0.0198], tcp=[0.505  0.1    0.0182], gripper_pos=255.0
step= 40 | action=[[ 0.    -0.021 -0.093  1.645]] | reward=0.0 | terminated=False | truncated=False
  geometry: cube=[0.4849 0.058  0.0192], tcp=[0.5058 0.0968 0.0181], gripper_pos=255.0
step= 50 | action=[[ 0.    -0.024 -0.097  1.603]] | reward=0.0 | terminated=False | truncated=False
  geometry: cube=[0.4848 0.0576 0.0192], tcp=[0.5058 0.0957 0.0183], gripper_pos=255.0
step= 60 | action=[[ 0.    -0.019 -0.106  1.588]] | reward=0.0 | terminated=False | truncated=False
  geometry: cube=[0.4846 0.0576 0.0196], tcp=[0.5054 0.0955 0.019 ], gripper_pos=255.0
step= 70 | action=[[ 0.    -0.017 -0.101  1.492]] | reward=0.0 | terminated=False | truncated=False
  geometry: cube=[0.485  0.0566 0.0201], tcp=[0.5057 0.0941 0.0198], gripper_pos=255.0
step= 80 | action=[[ 0.    -0.022 -0.12   1.49 ]] | reward=0.0 | terminated=False | truncated=False
  geometry: cube=[0.4856 0.0554 0.0199], tcp=[0.5063 0.0916 0.0203], gripper_pos=255.0
step= 90 | action=[[ 0.    -0.03  -0.158  1.409]] | reward=0.0 | terminated=False | truncated=False
  geometry: cube=[0.4877 0.0532 0.0188], tcp=[0.5089 0.0883 0.0208], gripper_pos=255.0
step=100 | action=[[ 0.    -0.02  -0.129  1.46 ]] | reward=0.0 | terminated=False | truncated=False
  geometry: cube=[0.4878 0.0528 0.0184], tcp=[0.5093 0.0873 0.0208], gripper_pos=255.0
step=110 | action=[[ 0.    -0.013 -0.123  1.493]] | reward=0.0 | terminated=False | truncated=False
  geometry: cube=[0.4879 0.0525 0.0183], tcp=[0.51   0.0862 0.0211], gripper_pos=255.0
step=120 | action=[[ 0.    -0.012 -0.144  1.463]] | reward=0.0 | terminated=False | truncated=False
  geometry: cube=[0.4881 0.0522 0.0184], tcp=[0.5109 0.0855 0.0214], gripper_pos=255.0
step=130 | action=[[ 0.    -0.008 -0.12   1.182]] | reward=0.0 | terminated=False | truncated=False
  geometry: cube=[0.4883 0.0518 0.0186], tcp=[0.5122 0.0843 0.022 ], gripper_pos=255.0
step=140 | action=[[ 0.    -0.008 -0.136  1.356]] | reward=0.0 | terminated=False | truncated=False
  geometry: cube=[0.4884 0.0515 0.0188], tcp=[0.5131 0.0833 0.0223], gripper_pos=255.0
step=150 | action=[[ 0.    -0.01  -0.132  1.29 ]] | reward=0.0 | terminated=False | truncated=True
  geometry: cube=[0.4886 0.0511 0.019 ], tcp=[0.5144 0.0818 0.0228], gripper_pos=255.0

Episode finished: success=False, steps=150, reward=0.0, time=14.93s, max_gripper=2.000, z_range=[-0.357, -0.004]

============================================================
Evaluation summary
============================================================
Successes: 0/2
Success rate: 0.0%
